[2026-08-04T17:46:06.126+0000] {taskinstance.py:1956} INFO - Dependencies all met for dep_context=non-requeueable deps ti=<TaskInstance: 2_sports_goat_run_batch.ingest_batch_job manual__2026-08-04T17:45:52.718250+00:00 [queued]>
[2026-08-04T17:46:06.140+0000] {taskinstance.py:1956} INFO - Dependencies all met for dep_context=requeueable deps ti=<TaskInstance: 2_sports_goat_run_batch.ingest_batch_job manual__2026-08-04T17:45:52.718250+00:00 [queued]>
[2026-08-04T17:46:06.140+0000] {taskinstance.py:2170} INFO - Starting attempt 1 of 1
[2026-08-04T17:46:06.171+0000] {taskinstance.py:2191} INFO - Executing <Task(BashOperator): ingest_batch_job> on 2026-08-04 17:45:52.718250+00:00
[2026-08-04T17:46:06.178+0000] {standard_task_runner.py:60} INFO - Started process 168 to run task
[2026-08-04T17:46:06.186+0000] {standard_task_runner.py:87} INFO - Running: ['airflow', 'tasks', 'run', '2_sports_goat_run_batch', 'ingest_batch_job', 'manual__2026-08-04T17:45:52.718250+00:00', '--job-id', '4', '--raw', '--subdir', 'DAGS_FOLDER/sports_goat_pipeline.py', '--cfg-path', '/tmp/tmp_3j1fer9']
[2026-08-04T17:46:06.188+0000] {standard_task_runner.py:88} INFO - Job 4: Subtask ingest_batch_job
[2026-08-04T17:46:06.271+0000] {task_command.py:423} INFO - Running <TaskInstance: 2_sports_goat_run_batch.ingest_batch_job manual__2026-08-04T17:45:52.718250+00:00 [running]> on host 0239cfc28719
[2026-08-04T17:46:06.317+0000] {abstractoperator.py:707} ERROR - Exception rendering Jinja template for task 'ingest_batch_job', field 'bash_command'. Template: 'bash /app/run_batch.sh'
Traceback (most recent call last):
  File "/home/airflow/.local/lib/python3.10/site-packages/airflow/models/abstractoperator.py", line 699, in _do_render_template_fields
    rendered_content = self.render_template(
  File "/home/airflow/.local/lib/python3.10/site-packages/airflow/template/templater.py", line 171, in render_template
    template = jinja_env.get_template(value)
  File "/home/airflow/.local/lib/python3.10/site-packages/jinja2/environment.py", line 1010, in get_template
    return self._load_template(name, globals)
  File "/home/airflow/.local/lib/python3.10/site-packages/jinja2/environment.py", line 969, in _load_template
    template = self.loader.load(self, name, self.make_globals(globals))
  File "/home/airflow/.local/lib/python3.10/site-packages/jinja2/loaders.py", line 125, in load
    source, filename, uptodate = self.get_source(environment, name)
  File "/home/airflow/.local/lib/python3.10/site-packages/jinja2/loaders.py", line 204, in get_source
    raise TemplateNotFound(template)
jinja2.exceptions.TemplateNotFound: bash /app/run_batch.sh
[2026-08-04T17:46:06.321+0000] {taskinstance.py:2698} ERROR - Task failed with exception
Traceback (most recent call last):
  File "/home/airflow/.local/lib/python3.10/site-packages/airflow/models/taskinstance.py", line 2334, in _run_raw_task
    self._execute_task_with_callbacks(context, test_mode, session=session)
  File "/home/airflow/.local/lib/python3.10/site-packages/airflow/models/taskinstance.py", line 2465, in _execute_task_with_callbacks
    task_orig = self.render_templates(context=context)
  File "/home/airflow/.local/lib/python3.10/site-packages/airflow/models/taskinstance.py", line 2877, in render_templates
    original_task.render_template_fields(context)
  File "/home/airflow/.local/lib/python3.10/site-packages/airflow/models/baseoperator.py", line 1241, in render_template_fields
    self._do_render_template_fields(self, self.template_fields, context, jinja_env, set())
  File "/home/airflow/.local/lib/python3.10/site-packages/airflow/utils/session.py", line 79, in wrapper
    return func(*args, session=session, **kwargs)
  File "/home/airflow/.local/lib/python3.10/site-packages/airflow/models/abstractoperator.py", line 699, in _do_render_template_fields
    rendered_content = self.render_template(
  File "/home/airflow/.local/lib/python3.10/site-packages/airflow/template/templater.py", line 171, in render_template
    template = jinja_env.get_template(value)
  File "/home/airflow/.local/lib/python3.10/site-packages/jinja2/environment.py", line 1010, in get_template
    return self._load_template(name, globals)
  File "/home/airflow/.local/lib/python3.10/site-packages/jinja2/environment.py", line 969, in _load_template
    template = self.loader.load(self, name, self.make_globals(globals))
  File "/home/airflow/.local/lib/python3.10/site-packages/jinja2/loaders.py", line 125, in load
    source, filename, uptodate = self.get_source(environment, name)
  File "/home/airflow/.local/lib/python3.10/site-packages/jinja2/loaders.py", line 204, in get_source
    raise TemplateNotFound(template)
jinja2.exceptions.TemplateNotFound: bash /app/run_batch.sh
[2026-08-04T17:46:06.328+0000] {taskinstance.py:1138} INFO - Marking task as FAILED. dag_id=2_sports_goat_run_batch, task_id=ingest_batch_job, execution_date=20260804T174552, start_date=20260804T174606, end_date=20260804T174606
[2026-08-04T17:46:06.345+0000] {standard_task_runner.py:107} ERROR - Failed to execute job 4 for task ingest_batch_job (bash /app/run_batch.sh; 168)
[2026-08-04T17:46:06.364+0000] {local_task_job_runner.py:234} INFO - Task exited with return code 1
[2026-08-04T17:46:06.384+0000] {taskinstance.py:3280} INFO - 0 downstream tasks scheduled from follow-on schedule check
