[2026-08-22T18:50:38.690+0000] {taskinstance.py:1956} INFO - Dependencies all met for dep_context=non-requeueable deps ti=<TaskInstance: 2_sports_goat_run_batch.ingest_batch_job manual__2026-08-22T18:50:32.213958+00:00 [queued]>
[2026-08-22T18:50:38.699+0000] {taskinstance.py:1956} INFO - Dependencies all met for dep_context=requeueable deps ti=<TaskInstance: 2_sports_goat_run_batch.ingest_batch_job manual__2026-08-22T18:50:32.213958+00:00 [queued]>
[2026-08-22T18:50:38.700+0000] {taskinstance.py:2170} INFO - Starting attempt 1 of 1
[2026-08-22T18:50:38.717+0000] {taskinstance.py:2191} INFO - Executing <Task(BashOperator): ingest_batch_job> on 2026-08-22 18:50:32.213958+00:00
[2026-08-22T18:50:38.722+0000] {standard_task_runner.py:60} INFO - Started process 554 to run task
[2026-08-22T18:50:38.728+0000] {standard_task_runner.py:87} INFO - Running: ['airflow', 'tasks', 'run', '2_sports_goat_run_batch', 'ingest_batch_job', 'manual__2026-08-22T18:50:32.213958+00:00', '--job-id', '34', '--raw', '--subdir', 'DAGS_FOLDER/sports_goat_pipeline.py', '--cfg-path', '/tmp/tmpzdlhv_9s']
[2026-08-22T18:50:38.733+0000] {standard_task_runner.py:88} INFO - Job 34: Subtask ingest_batch_job
[2026-08-22T18:50:38.792+0000] {task_command.py:423} INFO - Running <TaskInstance: 2_sports_goat_run_batch.ingest_batch_job manual__2026-08-22T18:50:32.213958+00:00 [running]> on host f1d6d21e9aa6
[2026-08-22T18:50:38.881+0000] {taskinstance.py:2480} INFO - Exporting env vars: AIRFLOW_CTX_DAG_OWNER='branislav' AIRFLOW_CTX_DAG_ID='2_sports_goat_run_batch' AIRFLOW_CTX_TASK_ID='ingest_batch_job' AIRFLOW_CTX_EXECUTION_DATE='2026-08-22T18:50:32.213958+00:00' AIRFLOW_CTX_TRY_NUMBER='1' AIRFLOW_CTX_DAG_RUN_ID='manual__2026-08-22T18:50:32.213958+00:00'
[2026-08-22T18:50:38.883+0000] {subprocess.py:63} INFO - Tmp dir root location: /tmp
[2026-08-22T18:50:38.884+0000] {subprocess.py:75} INFO - Running command: ['/usr/bin/bash', '-c', 'bash /app/run_batch.sh ']
[2026-08-22T18:50:38.897+0000] {subprocess.py:86} INFO - Output:
[2026-08-22T18:50:38.909+0000] {subprocess.py:93} INFO - === Starting Spark batch processing: Sat Aug 22 18:50:38 UTC 2026 ===
[2026-08-22T18:50:43.217+0000] {subprocess.py:93} INFO - :: loading settings :: url = jar:file:/spark/jars/ivy-2.5.0.jar!/org/apache/ivy/core/settings/ivysettings.xml
[2026-08-22T18:50:43.398+0000] {subprocess.py:93} INFO - Ivy Default Cache set to: /root/.ivy2/cache
[2026-08-22T18:50:43.399+0000] {subprocess.py:93} INFO - The jars for the packages stored in: /root/.ivy2/jars
[2026-08-22T18:50:43.406+0000] {subprocess.py:93} INFO - org.postgresql#postgresql added as a dependency
[2026-08-22T18:50:43.409+0000] {subprocess.py:93} INFO - :: resolving dependencies :: org.apache.spark#spark-submit-parent-52b67ef1-12b8-4d9c-b99a-34a01ce403fd;1.0
[2026-08-22T18:50:43.410+0000] {subprocess.py:93} INFO - 	confs: [default]
[2026-08-22T18:50:43.619+0000] {subprocess.py:93} INFO - 	found org.postgresql#postgresql;42.6.0 in central
[2026-08-22T18:50:43.675+0000] {subprocess.py:93} INFO - 	found org.checkerframework#checker-qual;3.31.0 in central
[2026-08-22T18:50:43.703+0000] {subprocess.py:93} INFO - :: resolution report :: resolve 284ms :: artifacts dl 11ms
[2026-08-22T18:50:43.704+0000] {subprocess.py:93} INFO - 	:: modules in use:
[2026-08-22T18:50:43.707+0000] {subprocess.py:93} INFO - 	org.checkerframework#checker-qual;3.31.0 from central in [default]
[2026-08-22T18:50:43.708+0000] {subprocess.py:93} INFO - 	org.postgresql#postgresql;42.6.0 from central in [default]
[2026-08-22T18:50:43.708+0000] {subprocess.py:93} INFO - 	---------------------------------------------------------------------
[2026-08-22T18:50:43.709+0000] {subprocess.py:93} INFO - 	|                  |            modules            ||   artifacts   |
[2026-08-22T18:50:43.710+0000] {subprocess.py:93} INFO - 	|       conf       | number| search|dwnlded|evicted|| number|dwnlded|
[2026-08-22T18:50:43.710+0000] {subprocess.py:93} INFO - 	---------------------------------------------------------------------
[2026-08-22T18:50:43.711+0000] {subprocess.py:93} INFO - 	|      default     |   2   |   0   |   0   |   0   ||   2   |   0   |
[2026-08-22T18:50:43.712+0000] {subprocess.py:93} INFO - 	---------------------------------------------------------------------
[2026-08-22T18:50:43.713+0000] {subprocess.py:93} INFO - :: retrieving :: org.apache.spark#spark-submit-parent-52b67ef1-12b8-4d9c-b99a-34a01ce403fd
[2026-08-22T18:50:43.714+0000] {subprocess.py:93} INFO - 	confs: [default]
[2026-08-22T18:50:43.722+0000] {subprocess.py:93} INFO - 	0 artifacts copied, 2 already retrieved (0kB/10ms)
[2026-08-22T18:50:44.657+0000] {subprocess.py:93} INFO - 26/08/22 18:50:44 WARN NativeCodeLoader: Unable to load native-hadoop library for your platform... using builtin-java classes where applicable
[2026-08-22T18:50:46.174+0000] {subprocess.py:93} INFO - Connecting to MinIO at minio:9000...
[2026-08-22T18:50:46.194+0000] {subprocess.py:93} INFO - Scanning bucket 'football-goat-comments-raw' under prefix ''...
[2026-08-22T18:50:46.208+0000] {subprocess.py:93} INFO - Found latest file for processing: aaf9f4ac-0949-44b3-9af7-2d444107a89d
[2026-08-22T18:50:46.224+0000] {subprocess.py:93} INFO - Initializing Spark session...
[2026-08-22T18:50:46.372+0000] {subprocess.py:93} INFO - 26/08/22 18:50:46 INFO SparkContext: Running Spark version 3.3.0
[2026-08-22T18:50:46.416+0000] {subprocess.py:93} INFO - 26/08/22 18:50:46 INFO ResourceUtils: ==============================================================
[2026-08-22T18:50:46.418+0000] {subprocess.py:93} INFO - 26/08/22 18:50:46 INFO ResourceUtils: No custom resources configured for spark.driver.
[2026-08-22T18:50:46.419+0000] {subprocess.py:93} INFO - 26/08/22 18:50:46 INFO ResourceUtils: ==============================================================
[2026-08-22T18:50:46.420+0000] {subprocess.py:93} INFO - 26/08/22 18:50:46 INFO SparkContext: Submitted application: MessiVsRonaldo_Batch_Comments
[2026-08-22T18:50:46.471+0000] {subprocess.py:93} INFO - 26/08/22 18:50:46 INFO ResourceProfile: Default ResourceProfile created, executor resources: Map(cores -> name: cores, amount: 1, script: , vendor: , memory -> name: memory, amount: 1024, script: , vendor: , offHeap -> name: offHeap, amount: 0, script: , vendor: ), task resources: Map(cpus -> name: cpus, amount: 1.0)
[2026-08-22T18:50:46.495+0000] {subprocess.py:93} INFO - 26/08/22 18:50:46 INFO ResourceProfile: Limiting resource is cpu
[2026-08-22T18:50:46.496+0000] {subprocess.py:93} INFO - 26/08/22 18:50:46 INFO ResourceProfileManager: Added ResourceProfile id: 0
[2026-08-22T18:50:46.635+0000] {subprocess.py:93} INFO - 26/08/22 18:50:46 INFO SecurityManager: Changing view acls to: root
[2026-08-22T18:50:46.637+0000] {subprocess.py:93} INFO - 26/08/22 18:50:46 INFO SecurityManager: Changing modify acls to: root
[2026-08-22T18:50:46.638+0000] {subprocess.py:93} INFO - 26/08/22 18:50:46 INFO SecurityManager: Changing view acls groups to:
[2026-08-22T18:50:46.639+0000] {subprocess.py:93} INFO - 26/08/22 18:50:46 INFO SecurityManager: Changing modify acls groups to:
[2026-08-22T18:50:46.639+0000] {subprocess.py:93} INFO - 26/08/22 18:50:46 INFO SecurityManager: SecurityManager: authentication disabled; ui acls disabled; users  with view permissions: Set(root); groups with view permissions: Set(); users  with modify permissions: Set(root); groups with modify permissions: Set()
[2026-08-22T18:50:47.392+0000] {subprocess.py:93} INFO - 26/08/22 18:50:47 INFO Utils: Successfully started service 'sparkDriver' on port 36133.
[2026-08-22T18:50:47.468+0000] {subprocess.py:93} INFO - 26/08/22 18:50:47 INFO SparkEnv: Registering MapOutputTracker
[2026-08-22T18:50:47.550+0000] {subprocess.py:93} INFO - 26/08/22 18:50:47 INFO SparkEnv: Registering BlockManagerMaster
[2026-08-22T18:50:47.596+0000] {subprocess.py:93} INFO - 26/08/22 18:50:47 INFO BlockManagerMasterEndpoint: Using org.apache.spark.storage.DefaultTopologyMapper for getting topology information
[2026-08-22T18:50:47.597+0000] {subprocess.py:93} INFO - 26/08/22 18:50:47 INFO BlockManagerMasterEndpoint: BlockManagerMasterEndpoint up
[2026-08-22T18:50:47.608+0000] {subprocess.py:93} INFO - 26/08/22 18:50:47 INFO SparkEnv: Registering BlockManagerMasterHeartbeat
[2026-08-22T18:50:47.670+0000] {subprocess.py:93} INFO - 26/08/22 18:50:47 INFO DiskBlockManager: Created local directory at /tmp/blockmgr-9c3325e8-4628-474f-b303-3d817d054c89
[2026-08-22T18:50:47.706+0000] {subprocess.py:93} INFO - 26/08/22 18:50:47 INFO MemoryStore: MemoryStore started with capacity 366.3 MiB
[2026-08-22T18:50:47.733+0000] {subprocess.py:93} INFO - 26/08/22 18:50:47 INFO SparkEnv: Registering OutputCommitCoordinator
[2026-08-22T18:50:48.367+0000] {subprocess.py:93} INFO - 26/08/22 18:50:48 WARN Utils: Service 'SparkUI' could not bind on port 4040. Attempting port 4041.
[2026-08-22T18:50:48.389+0000] {subprocess.py:93} INFO - 26/08/22 18:50:48 INFO Utils: Successfully started service 'SparkUI' on port 4041.
[2026-08-22T18:50:48.466+0000] {subprocess.py:93} INFO - 26/08/22 18:50:48 INFO SparkContext: Added JAR file:///root/.ivy2/jars/org.postgresql_postgresql-42.6.0.jar at spark://171e2e9810fc:36133/jars/org.postgresql_postgresql-42.6.0.jar with timestamp 1787424646352
[2026-08-22T18:50:48.467+0000] {subprocess.py:93} INFO - 26/08/22 18:50:48 INFO SparkContext: Added JAR file:///root/.ivy2/jars/org.checkerframework_checker-qual-3.31.0.jar at spark://171e2e9810fc:36133/jars/org.checkerframework_checker-qual-3.31.0.jar with timestamp 1787424646352
[2026-08-22T18:50:48.471+0000] {subprocess.py:93} INFO - 26/08/22 18:50:48 INFO SparkContext: Added file file:///root/.ivy2/jars/org.postgresql_postgresql-42.6.0.jar at file:///root/.ivy2/jars/org.postgresql_postgresql-42.6.0.jar with timestamp 1787424646352
[2026-08-22T18:50:48.473+0000] {subprocess.py:93} INFO - 26/08/22 18:50:48 INFO Utils: Copying /root/.ivy2/jars/org.postgresql_postgresql-42.6.0.jar to /tmp/spark-297dea12-2dba-4605-a7b8-b41f7ff52b5a/userFiles-5638686a-b84e-477d-9514-cbe84cb74313/org.postgresql_postgresql-42.6.0.jar
[2026-08-22T18:50:48.509+0000] {subprocess.py:93} INFO - 26/08/22 18:50:48 INFO SparkContext: Added file file:///root/.ivy2/jars/org.checkerframework_checker-qual-3.31.0.jar at file:///root/.ivy2/jars/org.checkerframework_checker-qual-3.31.0.jar with timestamp 1787424646352
[2026-08-22T18:50:48.510+0000] {subprocess.py:93} INFO - 26/08/22 18:50:48 INFO Utils: Copying /root/.ivy2/jars/org.checkerframework_checker-qual-3.31.0.jar to /tmp/spark-297dea12-2dba-4605-a7b8-b41f7ff52b5a/userFiles-5638686a-b84e-477d-9514-cbe84cb74313/org.checkerframework_checker-qual-3.31.0.jar
[2026-08-22T18:50:48.662+0000] {subprocess.py:93} INFO - 26/08/22 18:50:48 INFO Executor: Starting executor ID driver on host 171e2e9810fc
[2026-08-22T18:50:48.679+0000] {subprocess.py:93} INFO - 26/08/22 18:50:48 INFO Executor: Starting executor with user classpath (userClassPathFirst = false): ''
[2026-08-22T18:50:48.700+0000] {subprocess.py:93} INFO - 26/08/22 18:50:48 INFO Executor: Fetching file:///root/.ivy2/jars/org.checkerframework_checker-qual-3.31.0.jar with timestamp 1787424646352
[2026-08-22T18:50:48.768+0000] {subprocess.py:93} INFO - 26/08/22 18:50:48 INFO Utils: /root/.ivy2/jars/org.checkerframework_checker-qual-3.31.0.jar has been previously copied to /tmp/spark-297dea12-2dba-4605-a7b8-b41f7ff52b5a/userFiles-5638686a-b84e-477d-9514-cbe84cb74313/org.checkerframework_checker-qual-3.31.0.jar
[2026-08-22T18:50:48.778+0000] {subprocess.py:93} INFO - 26/08/22 18:50:48 INFO Executor: Fetching file:///root/.ivy2/jars/org.postgresql_postgresql-42.6.0.jar with timestamp 1787424646352
[2026-08-22T18:50:48.780+0000] {subprocess.py:93} INFO - 26/08/22 18:50:48 INFO Utils: /root/.ivy2/jars/org.postgresql_postgresql-42.6.0.jar has been previously copied to /tmp/spark-297dea12-2dba-4605-a7b8-b41f7ff52b5a/userFiles-5638686a-b84e-477d-9514-cbe84cb74313/org.postgresql_postgresql-42.6.0.jar
[2026-08-22T18:50:48.792+0000] {subprocess.py:93} INFO - 26/08/22 18:50:48 INFO Executor: Fetching spark://171e2e9810fc:36133/jars/org.checkerframework_checker-qual-3.31.0.jar with timestamp 1787424646352
[2026-08-22T18:50:48.867+0000] {subprocess.py:93} INFO - 26/08/22 18:50:48 INFO TransportClientFactory: Successfully created connection to 171e2e9810fc/172.20.0.6:36133 after 49 ms (0 ms spent in bootstraps)
[2026-08-22T18:50:48.884+0000] {subprocess.py:93} INFO - 26/08/22 18:50:48 INFO Utils: Fetching spark://171e2e9810fc:36133/jars/org.checkerframework_checker-qual-3.31.0.jar to /tmp/spark-297dea12-2dba-4605-a7b8-b41f7ff52b5a/userFiles-5638686a-b84e-477d-9514-cbe84cb74313/fetchFileTemp6070716482398638737.tmp
[2026-08-22T18:50:48.920+0000] {subprocess.py:93} INFO - 26/08/22 18:50:48 INFO Utils: /tmp/spark-297dea12-2dba-4605-a7b8-b41f7ff52b5a/userFiles-5638686a-b84e-477d-9514-cbe84cb74313/fetchFileTemp6070716482398638737.tmp has been previously copied to /tmp/spark-297dea12-2dba-4605-a7b8-b41f7ff52b5a/userFiles-5638686a-b84e-477d-9514-cbe84cb74313/org.checkerframework_checker-qual-3.31.0.jar
[2026-08-22T18:50:48.928+0000] {subprocess.py:93} INFO - 26/08/22 18:50:48 INFO Executor: Adding file:/tmp/spark-297dea12-2dba-4605-a7b8-b41f7ff52b5a/userFiles-5638686a-b84e-477d-9514-cbe84cb74313/org.checkerframework_checker-qual-3.31.0.jar to class loader
[2026-08-22T18:50:48.928+0000] {subprocess.py:93} INFO - 26/08/22 18:50:48 INFO Executor: Fetching spark://171e2e9810fc:36133/jars/org.postgresql_postgresql-42.6.0.jar with timestamp 1787424646352
[2026-08-22T18:50:48.930+0000] {subprocess.py:93} INFO - 26/08/22 18:50:48 INFO Utils: Fetching spark://171e2e9810fc:36133/jars/org.postgresql_postgresql-42.6.0.jar to /tmp/spark-297dea12-2dba-4605-a7b8-b41f7ff52b5a/userFiles-5638686a-b84e-477d-9514-cbe84cb74313/fetchFileTemp5522190197376820709.tmp
[2026-08-22T18:50:48.951+0000] {subprocess.py:93} INFO - 26/08/22 18:50:48 INFO Utils: /tmp/spark-297dea12-2dba-4605-a7b8-b41f7ff52b5a/userFiles-5638686a-b84e-477d-9514-cbe84cb74313/fetchFileTemp5522190197376820709.tmp has been previously copied to /tmp/spark-297dea12-2dba-4605-a7b8-b41f7ff52b5a/userFiles-5638686a-b84e-477d-9514-cbe84cb74313/org.postgresql_postgresql-42.6.0.jar
[2026-08-22T18:50:48.959+0000] {subprocess.py:93} INFO - 26/08/22 18:50:48 INFO Executor: Adding file:/tmp/spark-297dea12-2dba-4605-a7b8-b41f7ff52b5a/userFiles-5638686a-b84e-477d-9514-cbe84cb74313/org.postgresql_postgresql-42.6.0.jar to class loader
[2026-08-22T18:50:48.975+0000] {subprocess.py:93} INFO - 26/08/22 18:50:48 INFO Utils: Successfully started service 'org.apache.spark.network.netty.NettyBlockTransferService' on port 33519.
[2026-08-22T18:50:48.976+0000] {subprocess.py:93} INFO - 26/08/22 18:50:48 INFO NettyBlockTransferService: Server created on 171e2e9810fc:33519
[2026-08-22T18:50:48.980+0000] {subprocess.py:93} INFO - 26/08/22 18:50:48 INFO BlockManager: Using org.apache.spark.storage.RandomBlockReplicationPolicy for block replication policy
[2026-08-22T18:50:48.991+0000] {subprocess.py:93} INFO - 26/08/22 18:50:48 INFO BlockManagerMaster: Registering BlockManager BlockManagerId(driver, 171e2e9810fc, 33519, None)
[2026-08-22T18:50:48.997+0000] {subprocess.py:93} INFO - 26/08/22 18:50:48 INFO BlockManagerMasterEndpoint: Registering block manager 171e2e9810fc:33519 with 366.3 MiB RAM, BlockManagerId(driver, 171e2e9810fc, 33519, None)
[2026-08-22T18:50:49.002+0000] {subprocess.py:93} INFO - 26/08/22 18:50:49 INFO BlockManagerMaster: Registered BlockManager BlockManagerId(driver, 171e2e9810fc, 33519, None)
[2026-08-22T18:50:49.004+0000] {subprocess.py:93} INFO - 26/08/22 18:50:49 INFO BlockManager: Initialized BlockManager: BlockManagerId(driver, 171e2e9810fc, 33519, None)
[2026-08-22T18:50:49.718+0000] {subprocess.py:93} INFO - 26/08/22 18:50:49 INFO SharedState: Setting hive.metastore.warehouse.dir ('null') to the value of spark.sql.warehouse.dir.
[2026-08-22T18:50:49.723+0000] {subprocess.py:93} INFO - 26/08/22 18:50:49 INFO SharedState: Warehouse path is 'file:/spark-warehouse'.
[2026-08-22T18:50:51.945+0000] {subprocess.py:93} INFO - 26/08/22 18:50:51 INFO InMemoryFileIndex: It took 54 ms to list leaf files for 1 paths.
[2026-08-22T18:50:52.858+0000] {subprocess.py:93} INFO - 26/08/22 18:50:52 INFO SparkContext: Starting job: parquet at NativeMethodAccessorImpl.java:0
[2026-08-22T18:50:52.888+0000] {subprocess.py:93} INFO - 26/08/22 18:50:52 INFO DAGScheduler: Got job 0 (parquet at NativeMethodAccessorImpl.java:0) with 1 output partitions
[2026-08-22T18:50:52.890+0000] {subprocess.py:93} INFO - 26/08/22 18:50:52 INFO DAGScheduler: Final stage: ResultStage 0 (parquet at NativeMethodAccessorImpl.java:0)
[2026-08-22T18:50:52.891+0000] {subprocess.py:93} INFO - 26/08/22 18:50:52 INFO DAGScheduler: Parents of final stage: List()
[2026-08-22T18:50:52.894+0000] {subprocess.py:93} INFO - 26/08/22 18:50:52 INFO DAGScheduler: Missing parents: List()
[2026-08-22T18:50:52.903+0000] {subprocess.py:93} INFO - 26/08/22 18:50:52 INFO DAGScheduler: Submitting ResultStage 0 (MapPartitionsRDD[1] at parquet at NativeMethodAccessorImpl.java:0), which has no missing parents
[2026-08-22T18:50:53.056+0000] {subprocess.py:93} INFO - 26/08/22 18:50:53 INFO MemoryStore: Block broadcast_0 stored as values in memory (estimated size 103.8 KiB, free 366.2 MiB)
[2026-08-22T18:50:53.123+0000] {subprocess.py:93} INFO - 26/08/22 18:50:53 INFO MemoryStore: Block broadcast_0_piece0 stored as bytes in memory (estimated size 37.3 KiB, free 366.2 MiB)
[2026-08-22T18:50:53.128+0000] {subprocess.py:93} INFO - 26/08/22 18:50:53 INFO BlockManagerInfo: Added broadcast_0_piece0 in memory on 171e2e9810fc:33519 (size: 37.3 KiB, free: 366.3 MiB)
[2026-08-22T18:50:53.134+0000] {subprocess.py:93} INFO - 26/08/22 18:50:53 INFO SparkContext: Created broadcast 0 from broadcast at DAGScheduler.scala:1513
[2026-08-22T18:50:53.164+0000] {subprocess.py:93} INFO - 26/08/22 18:50:53 INFO DAGScheduler: Submitting 1 missing tasks from ResultStage 0 (MapPartitionsRDD[1] at parquet at NativeMethodAccessorImpl.java:0) (first 15 tasks are for partitions Vector(0))
[2026-08-22T18:50:53.166+0000] {subprocess.py:93} INFO - 26/08/22 18:50:53 INFO TaskSchedulerImpl: Adding task set 0.0 with 1 tasks resource profile 0
[2026-08-22T18:50:53.314+0000] {subprocess.py:93} INFO - 26/08/22 18:50:53 INFO TaskSetManager: Starting task 0.0 in stage 0.0 (TID 0) (171e2e9810fc, executor driver, partition 0, PROCESS_LOCAL, 4611 bytes) taskResourceAssignments Map()
[2026-08-22T18:50:53.343+0000] {subprocess.py:93} INFO - 26/08/22 18:50:53 INFO Executor: Running task 0.0 in stage 0.0 (TID 0)
[2026-08-22T18:50:54.501+0000] {subprocess.py:93} INFO - 26/08/22 18:50:54 INFO Executor: Finished task 0.0 in stage 0.0 (TID 0). 2656 bytes result sent to driver
[2026-08-22T18:50:54.522+0000] {subprocess.py:93} INFO - 26/08/22 18:50:54 INFO TaskSetManager: Finished task 0.0 in stage 0.0 (TID 0) in 1258 ms on 171e2e9810fc (executor driver) (1/1)
[2026-08-22T18:50:54.525+0000] {subprocess.py:93} INFO - 26/08/22 18:50:54 INFO TaskSchedulerImpl: Removed TaskSet 0.0, whose tasks have all completed, from pool
[2026-08-22T18:50:54.534+0000] {subprocess.py:93} INFO - 26/08/22 18:50:54 INFO DAGScheduler: ResultStage 0 (parquet at NativeMethodAccessorImpl.java:0) finished in 1.604 s
[2026-08-22T18:50:54.539+0000] {subprocess.py:93} INFO - 26/08/22 18:50:54 INFO DAGScheduler: Job 0 is finished. Cancelling potential speculative or zombie tasks for this job
[2026-08-22T18:50:54.540+0000] {subprocess.py:93} INFO - 26/08/22 18:50:54 INFO TaskSchedulerImpl: Killing all running tasks in stage 0: Stage finished
[2026-08-22T18:50:54.545+0000] {subprocess.py:93} INFO - 26/08/22 18:50:54 INFO DAGScheduler: Job 0 finished: parquet at NativeMethodAccessorImpl.java:0, took 1.686826 s
[2026-08-22T18:50:55.297+0000] {subprocess.py:93} INFO - 26/08/22 18:50:55 INFO BlockManagerInfo: Removed broadcast_0_piece0 on 171e2e9810fc:33519 in memory (size: 37.3 KiB, free: 366.3 MiB)
[2026-08-22T18:50:59.714+0000] {subprocess.py:93} INFO - 26/08/22 18:50:59 INFO FileSourceStrategy: Pushed Filters:
[2026-08-22T18:50:59.715+0000] {subprocess.py:93} INFO - 26/08/22 18:50:59 INFO FileSourceStrategy: Post-Scan Filters:
[2026-08-22T18:50:59.719+0000] {subprocess.py:93} INFO - 26/08/22 18:50:59 INFO FileSourceStrategy: Output Data Schema: struct<snippet: struct<topLevelComment: struct<id: string>>>
[2026-08-22T18:51:00.113+0000] {subprocess.py:93} INFO - 26/08/22 18:51:00 INFO HashAggregateExec: spark.sql.codegen.aggregate.map.twolevel.enabled is set to true, but current version of codegened fast hashmap does not support this aggregate.
[2026-08-22T18:51:00.615+0000] {subprocess.py:93} INFO - 26/08/22 18:51:00 INFO CodeGenerator: Code generated in 381.857616 ms
[2026-08-22T18:51:00.674+0000] {subprocess.py:93} INFO - 26/08/22 18:51:00 INFO MemoryStore: Block broadcast_1 stored as values in memory (estimated size 356.6 KiB, free 366.0 MiB)
[2026-08-22T18:51:00.688+0000] {subprocess.py:93} INFO - 26/08/22 18:51:00 INFO MemoryStore: Block broadcast_1_piece0 stored as bytes in memory (estimated size 35.2 KiB, free 365.9 MiB)
[2026-08-22T18:51:00.688+0000] {subprocess.py:93} INFO - 26/08/22 18:51:00 INFO BlockManagerInfo: Added broadcast_1_piece0 in memory on 171e2e9810fc:33519 (size: 35.2 KiB, free: 366.3 MiB)
[2026-08-22T18:51:00.690+0000] {subprocess.py:93} INFO - 26/08/22 18:51:00 INFO SparkContext: Created broadcast 1 from count at NativeMethodAccessorImpl.java:0
[2026-08-22T18:51:00.708+0000] {subprocess.py:93} INFO - 26/08/22 18:51:00 INFO FileSourceScanExec: Planning scan with bin packing, max size: 4194304 bytes, open cost is considered as scanning 4194304 bytes.
[2026-08-22T18:51:00.895+0000] {subprocess.py:93} INFO - 26/08/22 18:51:00 INFO DAGScheduler: Registering RDD 5 (count at NativeMethodAccessorImpl.java:0) as input to shuffle 0
[2026-08-22T18:51:00.904+0000] {subprocess.py:93} INFO - 26/08/22 18:51:00 INFO DAGScheduler: Got map stage job 1 (count at NativeMethodAccessorImpl.java:0) with 1 output partitions
[2026-08-22T18:51:00.905+0000] {subprocess.py:93} INFO - 26/08/22 18:51:00 INFO DAGScheduler: Final stage: ShuffleMapStage 1 (count at NativeMethodAccessorImpl.java:0)
[2026-08-22T18:51:00.906+0000] {subprocess.py:93} INFO - 26/08/22 18:51:00 INFO DAGScheduler: Parents of final stage: List()
[2026-08-22T18:51:00.907+0000] {subprocess.py:93} INFO - 26/08/22 18:51:00 INFO DAGScheduler: Missing parents: List()
[2026-08-22T18:51:00.911+0000] {subprocess.py:93} INFO - 26/08/22 18:51:00 INFO DAGScheduler: Submitting ShuffleMapStage 1 (MapPartitionsRDD[5] at count at NativeMethodAccessorImpl.java:0), which has no missing parents
[2026-08-22T18:51:00.940+0000] {subprocess.py:93} INFO - 26/08/22 18:51:00 INFO MemoryStore: Block broadcast_2 stored as values in memory (estimated size 28.8 KiB, free 365.9 MiB)
[2026-08-22T18:51:00.945+0000] {subprocess.py:93} INFO - 26/08/22 18:51:00 INFO MemoryStore: Block broadcast_2_piece0 stored as bytes in memory (estimated size 13.4 KiB, free 365.9 MiB)
[2026-08-22T18:51:00.947+0000] {subprocess.py:93} INFO - 26/08/22 18:51:00 INFO BlockManagerInfo: Added broadcast_2_piece0 in memory on 171e2e9810fc:33519 (size: 13.4 KiB, free: 366.3 MiB)
[2026-08-22T18:51:00.949+0000] {subprocess.py:93} INFO - 26/08/22 18:51:00 INFO SparkContext: Created broadcast 2 from broadcast at DAGScheduler.scala:1513
[2026-08-22T18:51:00.952+0000] {subprocess.py:93} INFO - 26/08/22 18:51:00 INFO DAGScheduler: Submitting 1 missing tasks from ShuffleMapStage 1 (MapPartitionsRDD[5] at count at NativeMethodAccessorImpl.java:0) (first 15 tasks are for partitions Vector(0))
[2026-08-22T18:51:00.953+0000] {subprocess.py:93} INFO - 26/08/22 18:51:00 INFO TaskSchedulerImpl: Adding task set 1.0 with 1 tasks resource profile 0
[2026-08-22T18:51:00.958+0000] {subprocess.py:93} INFO - 26/08/22 18:51:00 INFO TaskSetManager: Starting task 0.0 in stage 1.0 (TID 1) (171e2e9810fc, executor driver, partition 0, PROCESS_LOCAL, 4925 bytes) taskResourceAssignments Map()
[2026-08-22T18:51:00.961+0000] {subprocess.py:93} INFO - 26/08/22 18:51:00 INFO Executor: Running task 0.0 in stage 1.0 (TID 1)
[2026-08-22T18:51:01.090+0000] {subprocess.py:93} INFO - 26/08/22 18:51:01 INFO CodeGenerator: Code generated in 29.78466 ms
[2026-08-22T18:51:01.136+0000] {subprocess.py:93} INFO - 26/08/22 18:51:01 INFO CodeGenerator: Code generated in 28.797156 ms
[2026-08-22T18:51:01.180+0000] {subprocess.py:93} INFO - 26/08/22 18:51:01 INFO CodeGenerator: Code generated in 11.109374 ms
[2026-08-22T18:51:01.195+0000] {subprocess.py:93} INFO - 26/08/22 18:51:01 INFO CodeGenerator: Code generated in 11.459482 ms
[2026-08-22T18:51:01.217+0000] {subprocess.py:93} INFO - 26/08/22 18:51:01 INFO FileScanRDD: Reading File path: file:///tmp/spark_processing/aaf9f4ac-0949-44b3-9af7-2d444107a89d, range: 0-55047, partition values: [empty row]
[2026-08-22T18:51:01.517+0000] {subprocess.py:93} INFO - 26/08/22 18:51:01 INFO InternalParquetRecordReader: RecordReader initialized will read a total of 100 records.
[2026-08-22T18:51:01.524+0000] {subprocess.py:93} INFO - 26/08/22 18:51:01 INFO InternalParquetRecordReader: at row 0. reading next block
[2026-08-22T18:51:01.554+0000] {subprocess.py:93} INFO - 26/08/22 18:51:01 INFO InternalParquetRecordReader: block read in memory in 29 ms. row count = 100
[2026-08-22T18:51:01.879+0000] {subprocess.py:93} INFO - 26/08/22 18:51:01 INFO Executor: Finished task 0.0 in stage 1.0 (TID 1). 2770 bytes result sent to driver
[2026-08-22T18:51:01.883+0000] {subprocess.py:93} INFO - 26/08/22 18:51:01 INFO TaskSetManager: Finished task 0.0 in stage 1.0 (TID 1) in 929 ms on 171e2e9810fc (executor driver) (1/1)
[2026-08-22T18:51:01.884+0000] {subprocess.py:93} INFO - 26/08/22 18:51:01 INFO TaskSchedulerImpl: Removed TaskSet 1.0, whose tasks have all completed, from pool
[2026-08-22T18:51:01.888+0000] {subprocess.py:93} INFO - 26/08/22 18:51:01 INFO DAGScheduler: ShuffleMapStage 1 (count at NativeMethodAccessorImpl.java:0) finished in 0.970 s
[2026-08-22T18:51:01.889+0000] {subprocess.py:93} INFO - 26/08/22 18:51:01 INFO DAGScheduler: looking for newly runnable stages
[2026-08-22T18:51:01.894+0000] {subprocess.py:93} INFO - 26/08/22 18:51:01 INFO DAGScheduler: running: Set()
[2026-08-22T18:51:01.895+0000] {subprocess.py:93} INFO - 26/08/22 18:51:01 INFO DAGScheduler: waiting: Set()
[2026-08-22T18:51:01.895+0000] {subprocess.py:93} INFO - 26/08/22 18:51:01 INFO DAGScheduler: failed: Set()
[2026-08-22T18:51:01.952+0000] {subprocess.py:93} INFO - 26/08/22 18:51:01 INFO ShufflePartitionsUtil: For shuffle(0), advisory target size: 67108864, actual target size 1048576, minimum partition size: 1048576
[2026-08-22T18:51:01.991+0000] {subprocess.py:93} INFO - 26/08/22 18:51:01 INFO HashAggregateExec: spark.sql.codegen.aggregate.map.twolevel.enabled is set to true, but current version of codegened fast hashmap does not support this aggregate.
[2026-08-22T18:51:02.043+0000] {subprocess.py:93} INFO - 26/08/22 18:51:02 INFO CodeGenerator: Code generated in 22.93008 ms
[2026-08-22T18:51:02.089+0000] {subprocess.py:93} INFO - 26/08/22 18:51:02 INFO DAGScheduler: Registering RDD 8 (count at NativeMethodAccessorImpl.java:0) as input to shuffle 1
[2026-08-22T18:51:02.089+0000] {subprocess.py:93} INFO - 26/08/22 18:51:02 INFO DAGScheduler: Got map stage job 2 (count at NativeMethodAccessorImpl.java:0) with 1 output partitions
[2026-08-22T18:51:02.090+0000] {subprocess.py:93} INFO - 26/08/22 18:51:02 INFO DAGScheduler: Final stage: ShuffleMapStage 3 (count at NativeMethodAccessorImpl.java:0)
[2026-08-22T18:51:02.091+0000] {subprocess.py:93} INFO - 26/08/22 18:51:02 INFO DAGScheduler: Parents of final stage: List(ShuffleMapStage 2)
[2026-08-22T18:51:02.091+0000] {subprocess.py:93} INFO - 26/08/22 18:51:02 INFO DAGScheduler: Missing parents: List()
[2026-08-22T18:51:02.094+0000] {subprocess.py:93} INFO - 26/08/22 18:51:02 INFO DAGScheduler: Submitting ShuffleMapStage 3 (MapPartitionsRDD[8] at count at NativeMethodAccessorImpl.java:0), which has no missing parents
[2026-08-22T18:51:02.133+0000] {subprocess.py:93} INFO - 26/08/22 18:51:02 INFO MemoryStore: Block broadcast_3 stored as values in memory (estimated size 36.5 KiB, free 365.8 MiB)
[2026-08-22T18:51:02.136+0000] {subprocess.py:93} INFO - 26/08/22 18:51:02 INFO MemoryStore: Block broadcast_3_piece0 stored as bytes in memory (estimated size 17.0 KiB, free 365.8 MiB)
[2026-08-22T18:51:02.137+0000] {subprocess.py:93} INFO - 26/08/22 18:51:02 INFO BlockManagerInfo: Added broadcast_3_piece0 in memory on 171e2e9810fc:33519 (size: 17.0 KiB, free: 366.2 MiB)
[2026-08-22T18:51:02.138+0000] {subprocess.py:93} INFO - 26/08/22 18:51:02 INFO SparkContext: Created broadcast 3 from broadcast at DAGScheduler.scala:1513
[2026-08-22T18:51:02.140+0000] {subprocess.py:93} INFO - 26/08/22 18:51:02 INFO DAGScheduler: Submitting 1 missing tasks from ShuffleMapStage 3 (MapPartitionsRDD[8] at count at NativeMethodAccessorImpl.java:0) (first 15 tasks are for partitions Vector(0))
[2026-08-22T18:51:02.141+0000] {subprocess.py:93} INFO - 26/08/22 18:51:02 INFO TaskSchedulerImpl: Adding task set 3.0 with 1 tasks resource profile 0
[2026-08-22T18:51:02.153+0000] {subprocess.py:93} INFO - 26/08/22 18:51:02 INFO TaskSetManager: Starting task 0.0 in stage 3.0 (TID 2) (171e2e9810fc, executor driver, partition 0, NODE_LOCAL, 4442 bytes) taskResourceAssignments Map()
[2026-08-22T18:51:02.154+0000] {subprocess.py:93} INFO - 26/08/22 18:51:02 INFO Executor: Running task 0.0 in stage 3.0 (TID 2)
[2026-08-22T18:51:02.229+0000] {subprocess.py:93} INFO - 26/08/22 18:51:02 INFO ShuffleBlockFetcherIterator: Getting 1 (8.2 KiB) non-empty blocks including 1 (8.2 KiB) local and 0 (0.0 B) host-local and 0 (0.0 B) push-merged-local and 0 (0.0 B) remote blocks
[2026-08-22T18:51:02.232+0000] {subprocess.py:93} INFO - 26/08/22 18:51:02 INFO ShuffleBlockFetcherIterator: Started 0 remote fetches in 24 ms
[2026-08-22T18:51:02.274+0000] {subprocess.py:93} INFO - 26/08/22 18:51:02 INFO Executor: Finished task 0.0 in stage 3.0 (TID 2). 4312 bytes result sent to driver
[2026-08-22T18:51:02.277+0000] {subprocess.py:93} INFO - 26/08/22 18:51:02 INFO TaskSetManager: Finished task 0.0 in stage 3.0 (TID 2) in 127 ms on 171e2e9810fc (executor driver) (1/1)
[2026-08-22T18:51:02.278+0000] {subprocess.py:93} INFO - 26/08/22 18:51:02 INFO TaskSchedulerImpl: Removed TaskSet 3.0, whose tasks have all completed, from pool
[2026-08-22T18:51:02.280+0000] {subprocess.py:93} INFO - 26/08/22 18:51:02 INFO DAGScheduler: ShuffleMapStage 3 (count at NativeMethodAccessorImpl.java:0) finished in 0.159 s
[2026-08-22T18:51:02.281+0000] {subprocess.py:93} INFO - 26/08/22 18:51:02 INFO DAGScheduler: looking for newly runnable stages
[2026-08-22T18:51:02.281+0000] {subprocess.py:93} INFO - 26/08/22 18:51:02 INFO DAGScheduler: running: Set()
[2026-08-22T18:51:02.282+0000] {subprocess.py:93} INFO - 26/08/22 18:51:02 INFO DAGScheduler: waiting: Set()
[2026-08-22T18:51:02.282+0000] {subprocess.py:93} INFO - 26/08/22 18:51:02 INFO DAGScheduler: failed: Set()
[2026-08-22T18:51:02.323+0000] {subprocess.py:93} INFO - 26/08/22 18:51:02 INFO CodeGenerator: Code generated in 16.725751 ms
[2026-08-22T18:51:02.345+0000] {subprocess.py:93} INFO - 26/08/22 18:51:02 INFO SparkContext: Starting job: count at NativeMethodAccessorImpl.java:0
[2026-08-22T18:51:02.347+0000] {subprocess.py:93} INFO - 26/08/22 18:51:02 INFO DAGScheduler: Got job 3 (count at NativeMethodAccessorImpl.java:0) with 1 output partitions
[2026-08-22T18:51:02.349+0000] {subprocess.py:93} INFO - 26/08/22 18:51:02 INFO DAGScheduler: Final stage: ResultStage 6 (count at NativeMethodAccessorImpl.java:0)
[2026-08-22T18:51:02.350+0000] {subprocess.py:93} INFO - 26/08/22 18:51:02 INFO DAGScheduler: Parents of final stage: List(ShuffleMapStage 5)
[2026-08-22T18:51:02.351+0000] {subprocess.py:93} INFO - 26/08/22 18:51:02 INFO DAGScheduler: Missing parents: List()
[2026-08-22T18:51:02.353+0000] {subprocess.py:93} INFO - 26/08/22 18:51:02 INFO DAGScheduler: Submitting ResultStage 6 (MapPartitionsRDD[11] at count at NativeMethodAccessorImpl.java:0), which has no missing parents
[2026-08-22T18:51:02.361+0000] {subprocess.py:93} INFO - 26/08/22 18:51:02 INFO MemoryStore: Block broadcast_4 stored as values in memory (estimated size 11.1 KiB, free 365.8 MiB)
[2026-08-22T18:51:02.363+0000] {subprocess.py:93} INFO - 26/08/22 18:51:02 INFO MemoryStore: Block broadcast_4_piece0 stored as bytes in memory (estimated size 5.5 KiB, free 365.8 MiB)
[2026-08-22T18:51:02.366+0000] {subprocess.py:93} INFO - 26/08/22 18:51:02 INFO BlockManagerInfo: Added broadcast_4_piece0 in memory on 171e2e9810fc:33519 (size: 5.5 KiB, free: 366.2 MiB)
[2026-08-22T18:51:02.367+0000] {subprocess.py:93} INFO - 26/08/22 18:51:02 INFO SparkContext: Created broadcast 4 from broadcast at DAGScheduler.scala:1513
[2026-08-22T18:51:02.368+0000] {subprocess.py:93} INFO - 26/08/22 18:51:02 INFO DAGScheduler: Submitting 1 missing tasks from ResultStage 6 (MapPartitionsRDD[11] at count at NativeMethodAccessorImpl.java:0) (first 15 tasks are for partitions Vector(0))
[2026-08-22T18:51:02.368+0000] {subprocess.py:93} INFO - 26/08/22 18:51:02 INFO TaskSchedulerImpl: Adding task set 6.0 with 1 tasks resource profile 0
[2026-08-22T18:51:02.372+0000] {subprocess.py:93} INFO - 26/08/22 18:51:02 INFO TaskSetManager: Starting task 0.0 in stage 6.0 (TID 3) (171e2e9810fc, executor driver, partition 0, NODE_LOCAL, 4453 bytes) taskResourceAssignments Map()
[2026-08-22T18:51:02.373+0000] {subprocess.py:93} INFO - 26/08/22 18:51:02 INFO Executor: Running task 0.0 in stage 6.0 (TID 3)
[2026-08-22T18:51:02.396+0000] {subprocess.py:93} INFO - 26/08/22 18:51:02 INFO ShuffleBlockFetcherIterator: Getting 1 (60.0 B) non-empty blocks including 1 (60.0 B) local and 0 (0.0 B) host-local and 0 (0.0 B) push-merged-local and 0 (0.0 B) remote blocks
[2026-08-22T18:51:02.397+0000] {subprocess.py:93} INFO - 26/08/22 18:51:02 INFO ShuffleBlockFetcherIterator: Started 0 remote fetches in 1 ms
[2026-08-22T18:51:02.404+0000] {subprocess.py:93} INFO - 26/08/22 18:51:02 INFO Executor: Finished task 0.0 in stage 6.0 (TID 3). 2656 bytes result sent to driver
[2026-08-22T18:51:02.408+0000] {subprocess.py:93} INFO - 26/08/22 18:51:02 INFO TaskSetManager: Finished task 0.0 in stage 6.0 (TID 3) in 38 ms on 171e2e9810fc (executor driver) (1/1)
[2026-08-22T18:51:02.409+0000] {subprocess.py:93} INFO - 26/08/22 18:51:02 INFO TaskSchedulerImpl: Removed TaskSet 6.0, whose tasks have all completed, from pool
[2026-08-22T18:51:02.411+0000] {subprocess.py:93} INFO - 26/08/22 18:51:02 INFO DAGScheduler: ResultStage 6 (count at NativeMethodAccessorImpl.java:0) finished in 0.055 s
[2026-08-22T18:51:02.412+0000] {subprocess.py:93} INFO - 26/08/22 18:51:02 INFO DAGScheduler: Job 3 is finished. Cancelling potential speculative or zombie tasks for this job
[2026-08-22T18:51:02.413+0000] {subprocess.py:93} INFO - 26/08/22 18:51:02 INFO TaskSchedulerImpl: Killing all running tasks in stage 6: Stage finished
[2026-08-22T18:51:02.414+0000] {subprocess.py:93} INFO - 26/08/22 18:51:02 INFO DAGScheduler: Job 3 finished: count at NativeMethodAccessorImpl.java:0, took 0.069496 s
[2026-08-22T18:51:02.427+0000] {subprocess.py:93} INFO - Unique comments in file after internal deduplication: 100
[2026-08-22T18:51:02.429+0000] {subprocess.py:93} INFO - Checking for existing records in PostgreSQL...
[2026-08-22T18:51:02.526+0000] {subprocess.py:93} INFO - 26/08/22 18:51:02 INFO FileSourceStrategy: Pushed Filters:
[2026-08-22T18:51:02.526+0000] {subprocess.py:93} INFO - 26/08/22 18:51:02 INFO FileSourceStrategy: Post-Scan Filters:
[2026-08-22T18:51:02.527+0000] {subprocess.py:93} INFO - 26/08/22 18:51:02 INFO FileSourceStrategy: Output Data Schema: struct<snippet: struct<topLevelComment: struct<id: string>>>
[2026-08-22T18:51:02.553+0000] {subprocess.py:93} INFO - 26/08/22 18:51:02 INFO HashAggregateExec: spark.sql.codegen.aggregate.map.twolevel.enabled is set to true, but current version of codegened fast hashmap does not support this aggregate.
[2026-08-22T18:51:02.570+0000] {subprocess.py:93} INFO - 26/08/22 18:51:02 INFO MemoryStore: Block broadcast_5 stored as values in memory (estimated size 356.6 KiB, free 365.5 MiB)
[2026-08-22T18:51:02.581+0000] {subprocess.py:93} INFO - 26/08/22 18:51:02 INFO MemoryStore: Block broadcast_5_piece0 stored as bytes in memory (estimated size 35.2 KiB, free 365.4 MiB)
[2026-08-22T18:51:02.583+0000] {subprocess.py:93} INFO - 26/08/22 18:51:02 INFO BlockManagerInfo: Added broadcast_5_piece0 in memory on 171e2e9810fc:33519 (size: 35.2 KiB, free: 366.2 MiB)
[2026-08-22T18:51:02.587+0000] {subprocess.py:93} INFO - 26/08/22 18:51:02 INFO SparkContext: Created broadcast 5 from collect at /app/batch_comments_cleanup.py:108
[2026-08-22T18:51:02.588+0000] {subprocess.py:93} INFO - 26/08/22 18:51:02 INFO FileSourceScanExec: Planning scan with bin packing, max size: 4194304 bytes, open cost is considered as scanning 4194304 bytes.
[2026-08-22T18:51:02.599+0000] {subprocess.py:93} INFO - 26/08/22 18:51:02 INFO DAGScheduler: Registering RDD 15 (collect at /app/batch_comments_cleanup.py:108) as input to shuffle 2
[2026-08-22T18:51:02.600+0000] {subprocess.py:93} INFO - 26/08/22 18:51:02 INFO DAGScheduler: Got map stage job 4 (collect at /app/batch_comments_cleanup.py:108) with 1 output partitions
[2026-08-22T18:51:02.601+0000] {subprocess.py:93} INFO - 26/08/22 18:51:02 INFO DAGScheduler: Final stage: ShuffleMapStage 7 (collect at /app/batch_comments_cleanup.py:108)
[2026-08-22T18:51:02.601+0000] {subprocess.py:93} INFO - 26/08/22 18:51:02 INFO DAGScheduler: Parents of final stage: List()
[2026-08-22T18:51:02.602+0000] {subprocess.py:93} INFO - 26/08/22 18:51:02 INFO DAGScheduler: Missing parents: List()
[2026-08-22T18:51:02.605+0000] {subprocess.py:93} INFO - 26/08/22 18:51:02 INFO DAGScheduler: Submitting ShuffleMapStage 7 (MapPartitionsRDD[15] at collect at /app/batch_comments_cleanup.py:108), which has no missing parents
[2026-08-22T18:51:02.616+0000] {subprocess.py:93} INFO - 26/08/22 18:51:02 INFO MemoryStore: Block broadcast_6 stored as values in memory (estimated size 28.8 KiB, free 365.4 MiB)
[2026-08-22T18:51:02.617+0000] {subprocess.py:93} INFO - 26/08/22 18:51:02 INFO MemoryStore: Block broadcast_6_piece0 stored as bytes in memory (estimated size 13.3 KiB, free 365.4 MiB)
[2026-08-22T18:51:02.620+0000] {subprocess.py:93} INFO - 26/08/22 18:51:02 INFO BlockManagerInfo: Added broadcast_6_piece0 in memory on 171e2e9810fc:33519 (size: 13.3 KiB, free: 366.2 MiB)
[2026-08-22T18:51:02.621+0000] {subprocess.py:93} INFO - 26/08/22 18:51:02 INFO SparkContext: Created broadcast 6 from broadcast at DAGScheduler.scala:1513
[2026-08-22T18:51:02.623+0000] {subprocess.py:93} INFO - 26/08/22 18:51:02 INFO DAGScheduler: Submitting 1 missing tasks from ShuffleMapStage 7 (MapPartitionsRDD[15] at collect at /app/batch_comments_cleanup.py:108) (first 15 tasks are for partitions Vector(0))
[2026-08-22T18:51:02.624+0000] {subprocess.py:93} INFO - 26/08/22 18:51:02 INFO TaskSchedulerImpl: Adding task set 7.0 with 1 tasks resource profile 0
[2026-08-22T18:51:02.626+0000] {subprocess.py:93} INFO - 26/08/22 18:51:02 INFO TaskSetManager: Starting task 0.0 in stage 7.0 (TID 4) (171e2e9810fc, executor driver, partition 0, PROCESS_LOCAL, 4925 bytes) taskResourceAssignments Map()
[2026-08-22T18:51:02.627+0000] {subprocess.py:93} INFO - 26/08/22 18:51:02 INFO Executor: Running task 0.0 in stage 7.0 (TID 4)
[2026-08-22T18:51:02.651+0000] {subprocess.py:93} INFO - 26/08/22 18:51:02 INFO FileScanRDD: Reading File path: file:///tmp/spark_processing/aaf9f4ac-0949-44b3-9af7-2d444107a89d, range: 0-55047, partition values: [empty row]
[2026-08-22T18:51:02.668+0000] {subprocess.py:93} INFO - 26/08/22 18:51:02 INFO InternalParquetRecordReader: RecordReader initialized will read a total of 100 records.
[2026-08-22T18:51:02.671+0000] {subprocess.py:93} INFO - 26/08/22 18:51:02 INFO InternalParquetRecordReader: at row 0. reading next block
[2026-08-22T18:51:02.672+0000] {subprocess.py:93} INFO - 26/08/22 18:51:02 INFO InternalParquetRecordReader: block read in memory in 1 ms. row count = 100
[2026-08-22T18:51:02.855+0000] {subprocess.py:93} INFO - 26/08/22 18:51:02 INFO BlockManagerInfo: Removed broadcast_2_piece0 on 171e2e9810fc:33519 in memory (size: 13.4 KiB, free: 366.2 MiB)
[2026-08-22T18:51:02.870+0000] {subprocess.py:93} INFO - 26/08/22 18:51:02 INFO BlockManagerInfo: Removed broadcast_4_piece0 on 171e2e9810fc:33519 in memory (size: 5.5 KiB, free: 366.2 MiB)
[2026-08-22T18:51:02.887+0000] {subprocess.py:93} INFO - 26/08/22 18:51:02 INFO BlockManagerInfo: Removed broadcast_3_piece0 on 171e2e9810fc:33519 in memory (size: 17.0 KiB, free: 366.2 MiB)
[2026-08-22T18:51:02.904+0000] {subprocess.py:93} INFO - 26/08/22 18:51:02 INFO BlockManagerInfo: Removed broadcast_1_piece0 on 171e2e9810fc:33519 in memory (size: 35.2 KiB, free: 366.3 MiB)
[2026-08-22T18:51:02.917+0000] {subprocess.py:93} INFO - 26/08/22 18:51:02 INFO Executor: Finished task 0.0 in stage 7.0 (TID 4). 2770 bytes result sent to driver
[2026-08-22T18:51:02.919+0000] {subprocess.py:93} INFO - 26/08/22 18:51:02 INFO TaskSetManager: Finished task 0.0 in stage 7.0 (TID 4) in 293 ms on 171e2e9810fc (executor driver) (1/1)
[2026-08-22T18:51:02.920+0000] {subprocess.py:93} INFO - 26/08/22 18:51:02 INFO TaskSchedulerImpl: Removed TaskSet 7.0, whose tasks have all completed, from pool
[2026-08-22T18:51:02.922+0000] {subprocess.py:93} INFO - 26/08/22 18:51:02 INFO DAGScheduler: ShuffleMapStage 7 (collect at /app/batch_comments_cleanup.py:108) finished in 0.316 s
[2026-08-22T18:51:02.923+0000] {subprocess.py:93} INFO - 26/08/22 18:51:02 INFO DAGScheduler: looking for newly runnable stages
[2026-08-22T18:51:02.924+0000] {subprocess.py:93} INFO - 26/08/22 18:51:02 INFO DAGScheduler: running: Set()
[2026-08-22T18:51:02.925+0000] {subprocess.py:93} INFO - 26/08/22 18:51:02 INFO DAGScheduler: waiting: Set()
[2026-08-22T18:51:02.925+0000] {subprocess.py:93} INFO - 26/08/22 18:51:02 INFO DAGScheduler: failed: Set()
[2026-08-22T18:51:02.930+0000] {subprocess.py:93} INFO - 26/08/22 18:51:02 INFO ShufflePartitionsUtil: For shuffle(2), advisory target size: 67108864, actual target size 1048576, minimum partition size: 1048576
[2026-08-22T18:51:02.940+0000] {subprocess.py:93} INFO - 26/08/22 18:51:02 INFO HashAggregateExec: spark.sql.codegen.aggregate.map.twolevel.enabled is set to true, but current version of codegened fast hashmap does not support this aggregate.
[2026-08-22T18:51:02.975+0000] {subprocess.py:93} INFO - 26/08/22 18:51:02 INFO CodeGenerator: Code generated in 26.477008 ms
[2026-08-22T18:51:02.996+0000] {subprocess.py:93} INFO - 26/08/22 18:51:02 INFO SparkContext: Starting job: collect at /app/batch_comments_cleanup.py:108
[2026-08-22T18:51:03.001+0000] {subprocess.py:93} INFO - 26/08/22 18:51:02 INFO DAGScheduler: Got job 5 (collect at /app/batch_comments_cleanup.py:108) with 1 output partitions
[2026-08-22T18:51:03.001+0000] {subprocess.py:93} INFO - 26/08/22 18:51:02 INFO DAGScheduler: Final stage: ResultStage 9 (collect at /app/batch_comments_cleanup.py:108)
[2026-08-22T18:51:03.002+0000] {subprocess.py:93} INFO - 26/08/22 18:51:02 INFO DAGScheduler: Parents of final stage: List(ShuffleMapStage 8)
[2026-08-22T18:51:03.003+0000] {subprocess.py:93} INFO - 26/08/22 18:51:02 INFO DAGScheduler: Missing parents: List()
[2026-08-22T18:51:03.006+0000] {subprocess.py:93} INFO - 26/08/22 18:51:03 INFO DAGScheduler: Submitting ResultStage 9 (MapPartitionsRDD[18] at collect at /app/batch_comments_cleanup.py:108), which has no missing parents
[2026-08-22T18:51:03.018+0000] {subprocess.py:93} INFO - 26/08/22 18:51:03 INFO MemoryStore: Block broadcast_7 stored as values in memory (estimated size 32.6 KiB, free 365.8 MiB)
[2026-08-22T18:51:03.019+0000] {subprocess.py:93} INFO - 26/08/22 18:51:03 INFO MemoryStore: Block broadcast_7_piece0 stored as bytes in memory (estimated size 15.0 KiB, free 365.8 MiB)
[2026-08-22T18:51:03.020+0000] {subprocess.py:93} INFO - 26/08/22 18:51:03 INFO BlockManagerInfo: Added broadcast_7_piece0 in memory on 171e2e9810fc:33519 (size: 15.0 KiB, free: 366.2 MiB)
[2026-08-22T18:51:03.022+0000] {subprocess.py:93} INFO - 26/08/22 18:51:03 INFO SparkContext: Created broadcast 7 from broadcast at DAGScheduler.scala:1513
[2026-08-22T18:51:03.023+0000] {subprocess.py:93} INFO - 26/08/22 18:51:03 INFO DAGScheduler: Submitting 1 missing tasks from ResultStage 9 (MapPartitionsRDD[18] at collect at /app/batch_comments_cleanup.py:108) (first 15 tasks are for partitions Vector(0))
[2026-08-22T18:51:03.024+0000] {subprocess.py:93} INFO - 26/08/22 18:51:03 INFO TaskSchedulerImpl: Adding task set 9.0 with 1 tasks resource profile 0
[2026-08-22T18:51:03.025+0000] {subprocess.py:93} INFO - 26/08/22 18:51:03 INFO TaskSetManager: Starting task 0.0 in stage 9.0 (TID 5) (171e2e9810fc, executor driver, partition 0, NODE_LOCAL, 4453 bytes) taskResourceAssignments Map()
[2026-08-22T18:51:03.027+0000] {subprocess.py:93} INFO - 26/08/22 18:51:03 INFO Executor: Running task 0.0 in stage 9.0 (TID 5)
[2026-08-22T18:51:03.039+0000] {subprocess.py:93} INFO - 26/08/22 18:51:03 INFO ShuffleBlockFetcherIterator: Getting 1 (8.2 KiB) non-empty blocks including 1 (8.2 KiB) local and 0 (0.0 B) host-local and 0 (0.0 B) push-merged-local and 0 (0.0 B) remote blocks
[2026-08-22T18:51:03.040+0000] {subprocess.py:93} INFO - 26/08/22 18:51:03 INFO ShuffleBlockFetcherIterator: Started 0 remote fetches in 1 ms
[2026-08-22T18:51:03.055+0000] {subprocess.py:93} INFO - 26/08/22 18:51:03 INFO Executor: Finished task 0.0 in stage 9.0 (TID 5). 5893 bytes result sent to driver
[2026-08-22T18:51:03.056+0000] {subprocess.py:93} INFO - 26/08/22 18:51:03 INFO TaskSetManager: Finished task 0.0 in stage 9.0 (TID 5) in 31 ms on 171e2e9810fc (executor driver) (1/1)
[2026-08-22T18:51:03.057+0000] {subprocess.py:93} INFO - 26/08/22 18:51:03 INFO TaskSchedulerImpl: Removed TaskSet 9.0, whose tasks have all completed, from pool
[2026-08-22T18:51:03.058+0000] {subprocess.py:93} INFO - 26/08/22 18:51:03 INFO DAGScheduler: ResultStage 9 (collect at /app/batch_comments_cleanup.py:108) finished in 0.044 s
[2026-08-22T18:51:03.062+0000] {subprocess.py:93} INFO - 26/08/22 18:51:03 INFO DAGScheduler: Job 5 is finished. Cancelling potential speculative or zombie tasks for this job
[2026-08-22T18:51:03.063+0000] {subprocess.py:93} INFO - 26/08/22 18:51:03 INFO TaskSchedulerImpl: Killing all running tasks in stage 9: Stage finished
[2026-08-22T18:51:03.063+0000] {subprocess.py:93} INFO - 26/08/22 18:51:03 INFO DAGScheduler: Job 5 finished: collect at /app/batch_comments_cleanup.py:108, took 0.064394 s
[2026-08-22T18:51:04.002+0000] {subprocess.py:93} INFO - 26/08/22 18:51:04 INFO FileSourceStrategy: Pushed Filters:
[2026-08-22T18:51:04.003+0000] {subprocess.py:93} INFO - 26/08/22 18:51:04 INFO FileSourceStrategy: Post-Scan Filters:
[2026-08-22T18:51:04.004+0000] {subprocess.py:93} INFO - 26/08/22 18:51:04 INFO FileSourceStrategy: Output Data Schema: struct<snippet: struct<topLevelComment: struct<id: string>>>
[2026-08-22T18:51:04.128+0000] {subprocess.py:93} INFO - 26/08/22 18:51:04 INFO HashAggregateExec: spark.sql.codegen.aggregate.map.twolevel.enabled is set to true, but current version of codegened fast hashmap does not support this aggregate.
[2026-08-22T18:51:04.141+0000] {subprocess.py:93} INFO - 26/08/22 18:51:04 INFO MemoryStore: Block broadcast_8 stored as values in memory (estimated size 356.6 KiB, free 365.5 MiB)
[2026-08-22T18:51:04.153+0000] {subprocess.py:93} INFO - 26/08/22 18:51:04 INFO MemoryStore: Block broadcast_8_piece0 stored as bytes in memory (estimated size 35.2 KiB, free 365.4 MiB)
[2026-08-22T18:51:04.156+0000] {subprocess.py:93} INFO - 26/08/22 18:51:04 INFO BlockManagerInfo: Added broadcast_8_piece0 in memory on 171e2e9810fc:33519 (size: 35.2 KiB, free: 366.2 MiB)
[2026-08-22T18:51:04.157+0000] {subprocess.py:93} INFO - 26/08/22 18:51:04 INFO SparkContext: Created broadcast 8 from count at NativeMethodAccessorImpl.java:0
[2026-08-22T18:51:04.158+0000] {subprocess.py:93} INFO - 26/08/22 18:51:04 INFO FileSourceScanExec: Planning scan with bin packing, max size: 4194304 bytes, open cost is considered as scanning 4194304 bytes.
[2026-08-22T18:51:04.169+0000] {subprocess.py:93} INFO - 26/08/22 18:51:04 INFO DAGScheduler: Registering RDD 23 (count at NativeMethodAccessorImpl.java:0) as input to shuffle 3
[2026-08-22T18:51:04.170+0000] {subprocess.py:93} INFO - 26/08/22 18:51:04 INFO DAGScheduler: Got map stage job 6 (count at NativeMethodAccessorImpl.java:0) with 1 output partitions
[2026-08-22T18:51:04.171+0000] {subprocess.py:93} INFO - 26/08/22 18:51:04 INFO DAGScheduler: Final stage: ShuffleMapStage 10 (count at NativeMethodAccessorImpl.java:0)
[2026-08-22T18:51:04.172+0000] {subprocess.py:93} INFO - 26/08/22 18:51:04 INFO DAGScheduler: Parents of final stage: List()
[2026-08-22T18:51:04.173+0000] {subprocess.py:93} INFO - 26/08/22 18:51:04 INFO DAGScheduler: Missing parents: List()
[2026-08-22T18:51:04.177+0000] {subprocess.py:93} INFO - 26/08/22 18:51:04 INFO DAGScheduler: Submitting ShuffleMapStage 10 (MapPartitionsRDD[23] at count at NativeMethodAccessorImpl.java:0), which has no missing parents
[2026-08-22T18:51:04.188+0000] {subprocess.py:93} INFO - 26/08/22 18:51:04 INFO MemoryStore: Block broadcast_9 stored as values in memory (estimated size 28.8 KiB, free 365.4 MiB)
[2026-08-22T18:51:04.190+0000] {subprocess.py:93} INFO - 26/08/22 18:51:04 INFO MemoryStore: Block broadcast_9_piece0 stored as bytes in memory (estimated size 13.3 KiB, free 365.4 MiB)
[2026-08-22T18:51:04.192+0000] {subprocess.py:93} INFO - 26/08/22 18:51:04 INFO BlockManagerInfo: Added broadcast_9_piece0 in memory on 171e2e9810fc:33519 (size: 13.3 KiB, free: 366.2 MiB)
[2026-08-22T18:51:04.193+0000] {subprocess.py:93} INFO - 26/08/22 18:51:04 INFO SparkContext: Created broadcast 9 from broadcast at DAGScheduler.scala:1513
[2026-08-22T18:51:04.194+0000] {subprocess.py:93} INFO - 26/08/22 18:51:04 INFO DAGScheduler: Submitting 1 missing tasks from ShuffleMapStage 10 (MapPartitionsRDD[23] at count at NativeMethodAccessorImpl.java:0) (first 15 tasks are for partitions Vector(0))
[2026-08-22T18:51:04.195+0000] {subprocess.py:93} INFO - 26/08/22 18:51:04 INFO TaskSchedulerImpl: Adding task set 10.0 with 1 tasks resource profile 0
[2026-08-22T18:51:04.199+0000] {subprocess.py:93} INFO - 26/08/22 18:51:04 INFO TaskSetManager: Starting task 0.0 in stage 10.0 (TID 6) (171e2e9810fc, executor driver, partition 0, PROCESS_LOCAL, 4925 bytes) taskResourceAssignments Map()
[2026-08-22T18:51:04.200+0000] {subprocess.py:93} INFO - 26/08/22 18:51:04 INFO Executor: Running task 0.0 in stage 10.0 (TID 6)
[2026-08-22T18:51:04.207+0000] {subprocess.py:93} INFO - 26/08/22 18:51:04 INFO CodeGenerator: Code generated in 30.148792 ms
[2026-08-22T18:51:04.214+0000] {subprocess.py:93} INFO - 26/08/22 18:51:04 INFO DAGScheduler: Registering RDD 25 (count at NativeMethodAccessorImpl.java:0) as input to shuffle 4
[2026-08-22T18:51:04.214+0000] {subprocess.py:93} INFO - 26/08/22 18:51:04 INFO DAGScheduler: Got map stage job 7 (count at NativeMethodAccessorImpl.java:0) with 1 output partitions
[2026-08-22T18:51:04.215+0000] {subprocess.py:93} INFO - 26/08/22 18:51:04 INFO DAGScheduler: Final stage: ShuffleMapStage 11 (count at NativeMethodAccessorImpl.java:0)
[2026-08-22T18:51:04.216+0000] {subprocess.py:93} INFO - 26/08/22 18:51:04 INFO DAGScheduler: Parents of final stage: List()
[2026-08-22T18:51:04.217+0000] {subprocess.py:93} INFO - 26/08/22 18:51:04 INFO DAGScheduler: Missing parents: List()
[2026-08-22T18:51:04.220+0000] {subprocess.py:93} INFO - 26/08/22 18:51:04 INFO DAGScheduler: Submitting ShuffleMapStage 11 (MapPartitionsRDD[25] at count at NativeMethodAccessorImpl.java:0), which has no missing parents
[2026-08-22T18:51:04.228+0000] {subprocess.py:93} INFO - 26/08/22 18:51:04 INFO FileScanRDD: Reading File path: file:///tmp/spark_processing/aaf9f4ac-0949-44b3-9af7-2d444107a89d, range: 0-55047, partition values: [empty row]
[2026-08-22T18:51:04.245+0000] {subprocess.py:93} INFO - 26/08/22 18:51:04 INFO InternalParquetRecordReader: RecordReader initialized will read a total of 100 records.
[2026-08-22T18:51:04.254+0000] {subprocess.py:93} INFO - 26/08/22 18:51:04 INFO MemoryStore: Block broadcast_10 stored as values in memory (estimated size 15.9 KiB, free 365.1 MiB)
[2026-08-22T18:51:04.256+0000] {subprocess.py:93} INFO - 26/08/22 18:51:04 INFO InternalParquetRecordReader: at row 0. reading next block
[2026-08-22T18:51:04.256+0000] {subprocess.py:93} INFO - 26/08/22 18:51:04 INFO InternalParquetRecordReader: block read in memory in 0 ms. row count = 100
[2026-08-22T18:51:04.257+0000] {subprocess.py:93} INFO - 26/08/22 18:51:04 INFO MemoryStore: Block broadcast_10_piece0 stored as bytes in memory (estimated size 9.0 KiB, free 365.1 MiB)
[2026-08-22T18:51:04.258+0000] {subprocess.py:93} INFO - 26/08/22 18:51:04 INFO BlockManagerInfo: Added broadcast_10_piece0 in memory on 171e2e9810fc:33519 (size: 9.0 KiB, free: 366.2 MiB)
[2026-08-22T18:51:04.259+0000] {subprocess.py:93} INFO - 26/08/22 18:51:04 INFO SparkContext: Created broadcast 10 from broadcast at DAGScheduler.scala:1513
[2026-08-22T18:51:04.262+0000] {subprocess.py:93} INFO - 26/08/22 18:51:04 INFO DAGScheduler: Submitting 1 missing tasks from ShuffleMapStage 11 (MapPartitionsRDD[25] at count at NativeMethodAccessorImpl.java:0) (first 15 tasks are for partitions Vector(0))
[2026-08-22T18:51:04.263+0000] {subprocess.py:93} INFO - 26/08/22 18:51:04 INFO TaskSchedulerImpl: Adding task set 11.0 with 1 tasks resource profile 0
[2026-08-22T18:51:04.264+0000] {subprocess.py:93} INFO - 26/08/22 18:51:04 INFO TaskSetManager: Starting task 0.0 in stage 11.0 (TID 7) (171e2e9810fc, executor driver, partition 0, PROCESS_LOCAL, 4288 bytes) taskResourceAssignments Map()
[2026-08-22T18:51:04.268+0000] {subprocess.py:93} INFO - 26/08/22 18:51:04 INFO Executor: Running task 0.0 in stage 11.0 (TID 7)
[2026-08-22T18:51:04.335+0000] {subprocess.py:93} INFO - 26/08/22 18:51:04 INFO Executor: Finished task 0.0 in stage 10.0 (TID 6). 2727 bytes result sent to driver
[2026-08-22T18:51:04.337+0000] {subprocess.py:93} INFO - 26/08/22 18:51:04 INFO TaskSetManager: Finished task 0.0 in stage 10.0 (TID 6) in 140 ms on 171e2e9810fc (executor driver) (1/1)
[2026-08-22T18:51:04.338+0000] {subprocess.py:93} INFO - 26/08/22 18:51:04 INFO TaskSchedulerImpl: Removed TaskSet 10.0, whose tasks have all completed, from pool
[2026-08-22T18:51:04.343+0000] {subprocess.py:93} INFO - 26/08/22 18:51:04 INFO DAGScheduler: ShuffleMapStage 10 (count at NativeMethodAccessorImpl.java:0) finished in 0.164 s
[2026-08-22T18:51:04.345+0000] {subprocess.py:93} INFO - 26/08/22 18:51:04 INFO DAGScheduler: looking for newly runnable stages
[2026-08-22T18:51:04.346+0000] {subprocess.py:93} INFO - 26/08/22 18:51:04 INFO DAGScheduler: running: Set(ShuffleMapStage 11)
[2026-08-22T18:51:04.347+0000] {subprocess.py:93} INFO - 26/08/22 18:51:04 INFO DAGScheduler: waiting: Set()
[2026-08-22T18:51:04.347+0000] {subprocess.py:93} INFO - 26/08/22 18:51:04 INFO DAGScheduler: failed: Set()
[2026-08-22T18:51:04.352+0000] {subprocess.py:93} INFO - 26/08/22 18:51:04 INFO JDBCRDD: closed connection
[2026-08-22T18:51:04.352+0000] {subprocess.py:93} INFO - 26/08/22 18:51:04 INFO Executor: Finished task 0.0 in stage 11.0 (TID 7). 1770 bytes result sent to driver
[2026-08-22T18:51:04.356+0000] {subprocess.py:93} INFO - 26/08/22 18:51:04 INFO TaskSetManager: Finished task 0.0 in stage 11.0 (TID 7) in 92 ms on 171e2e9810fc (executor driver) (1/1)
[2026-08-22T18:51:04.357+0000] {subprocess.py:93} INFO - 26/08/22 18:51:04 INFO TaskSchedulerImpl: Removed TaskSet 11.0, whose tasks have all completed, from pool
[2026-08-22T18:51:04.358+0000] {subprocess.py:93} INFO - 26/08/22 18:51:04 INFO DAGScheduler: ShuffleMapStage 11 (count at NativeMethodAccessorImpl.java:0) finished in 0.136 s
[2026-08-22T18:51:04.358+0000] {subprocess.py:93} INFO - 26/08/22 18:51:04 INFO DAGScheduler: looking for newly runnable stages
[2026-08-22T18:51:04.359+0000] {subprocess.py:93} INFO - 26/08/22 18:51:04 INFO DAGScheduler: running: Set()
[2026-08-22T18:51:04.359+0000] {subprocess.py:93} INFO - 26/08/22 18:51:04 INFO DAGScheduler: waiting: Set()
[2026-08-22T18:51:04.359+0000] {subprocess.py:93} INFO - 26/08/22 18:51:04 INFO DAGScheduler: failed: Set()
[2026-08-22T18:51:04.382+0000] {subprocess.py:93} INFO - 26/08/22 18:51:04 INFO ShufflePartitionsUtil: For shuffle(3), advisory target size: 67108864, actual target size 1048576, minimum partition size: 1048576
[2026-08-22T18:51:04.397+0000] {subprocess.py:93} INFO - 26/08/22 18:51:04 INFO HashAggregateExec: spark.sql.codegen.aggregate.map.twolevel.enabled is set to true, but current version of codegened fast hashmap does not support this aggregate.
[2026-08-22T18:51:04.425+0000] {subprocess.py:93} INFO - 26/08/22 18:51:04 INFO CodeGenerator: Code generated in 23.007498 ms
[2026-08-22T18:51:04.437+0000] {subprocess.py:93} INFO - 26/08/22 18:51:04 INFO DAGScheduler: Registering RDD 28 (count at NativeMethodAccessorImpl.java:0) as input to shuffle 5
[2026-08-22T18:51:04.439+0000] {subprocess.py:93} INFO - 26/08/22 18:51:04 INFO DAGScheduler: Got map stage job 8 (count at NativeMethodAccessorImpl.java:0) with 1 output partitions
[2026-08-22T18:51:04.440+0000] {subprocess.py:93} INFO - 26/08/22 18:51:04 INFO DAGScheduler: Final stage: ShuffleMapStage 13 (count at NativeMethodAccessorImpl.java:0)
[2026-08-22T18:51:04.440+0000] {subprocess.py:93} INFO - 26/08/22 18:51:04 INFO DAGScheduler: Parents of final stage: List(ShuffleMapStage 12)
[2026-08-22T18:51:04.442+0000] {subprocess.py:93} INFO - 26/08/22 18:51:04 INFO DAGScheduler: Missing parents: List()
[2026-08-22T18:51:04.443+0000] {subprocess.py:93} INFO - 26/08/22 18:51:04 INFO DAGScheduler: Submitting ShuffleMapStage 13 (MapPartitionsRDD[28] at count at NativeMethodAccessorImpl.java:0), which has no missing parents
[2026-08-22T18:51:04.454+0000] {subprocess.py:93} INFO - 26/08/22 18:51:04 INFO MemoryStore: Block broadcast_11 stored as values in memory (estimated size 36.8 KiB, free 365.3 MiB)
[2026-08-22T18:51:04.457+0000] {subprocess.py:93} INFO - 26/08/22 18:51:04 INFO MemoryStore: Block broadcast_11_piece0 stored as bytes in memory (estimated size 17.1 KiB, free 365.3 MiB)
[2026-08-22T18:51:04.458+0000] {subprocess.py:93} INFO - 26/08/22 18:51:04 INFO BlockManagerInfo: Added broadcast_11_piece0 in memory on 171e2e9810fc:33519 (size: 17.1 KiB, free: 366.2 MiB)
[2026-08-22T18:51:04.459+0000] {subprocess.py:93} INFO - 26/08/22 18:51:04 INFO SparkContext: Created broadcast 11 from broadcast at DAGScheduler.scala:1513
[2026-08-22T18:51:04.460+0000] {subprocess.py:93} INFO - 26/08/22 18:51:04 INFO DAGScheduler: Submitting 1 missing tasks from ShuffleMapStage 13 (MapPartitionsRDD[28] at count at NativeMethodAccessorImpl.java:0) (first 15 tasks are for partitions Vector(0))
[2026-08-22T18:51:04.460+0000] {subprocess.py:93} INFO - 26/08/22 18:51:04 INFO TaskSchedulerImpl: Adding task set 13.0 with 1 tasks resource profile 0
[2026-08-22T18:51:04.463+0000] {subprocess.py:93} INFO - 26/08/22 18:51:04 INFO TaskSetManager: Starting task 0.0 in stage 13.0 (TID 8) (171e2e9810fc, executor driver, partition 0, NODE_LOCAL, 4442 bytes) taskResourceAssignments Map()
[2026-08-22T18:51:04.466+0000] {subprocess.py:93} INFO - 26/08/22 18:51:04 INFO Executor: Running task 0.0 in stage 13.0 (TID 8)
[2026-08-22T18:51:04.480+0000] {subprocess.py:93} INFO - 26/08/22 18:51:04 INFO ShuffleBlockFetcherIterator: Getting 1 (8.2 KiB) non-empty blocks including 1 (8.2 KiB) local and 0 (0.0 B) host-local and 0 (0.0 B) push-merged-local and 0 (0.0 B) remote blocks
[2026-08-22T18:51:04.481+0000] {subprocess.py:93} INFO - 26/08/22 18:51:04 INFO ShuffleBlockFetcherIterator: Started 0 remote fetches in 2 ms
[2026-08-22T18:51:04.503+0000] {subprocess.py:93} INFO - 26/08/22 18:51:04 INFO Executor: Finished task 0.0 in stage 13.0 (TID 8). 4312 bytes result sent to driver
[2026-08-22T18:51:04.506+0000] {subprocess.py:93} INFO - 26/08/22 18:51:04 INFO TaskSetManager: Finished task 0.0 in stage 13.0 (TID 8) in 42 ms on 171e2e9810fc (executor driver) (1/1)
[2026-08-22T18:51:04.507+0000] {subprocess.py:93} INFO - 26/08/22 18:51:04 INFO TaskSchedulerImpl: Removed TaskSet 13.0, whose tasks have all completed, from pool
[2026-08-22T18:51:04.509+0000] {subprocess.py:93} INFO - 26/08/22 18:51:04 INFO DAGScheduler: ShuffleMapStage 13 (count at NativeMethodAccessorImpl.java:0) finished in 0.061 s
[2026-08-22T18:51:04.509+0000] {subprocess.py:93} INFO - 26/08/22 18:51:04 INFO DAGScheduler: looking for newly runnable stages
[2026-08-22T18:51:04.510+0000] {subprocess.py:93} INFO - 26/08/22 18:51:04 INFO DAGScheduler: running: Set()
[2026-08-22T18:51:04.510+0000] {subprocess.py:93} INFO - 26/08/22 18:51:04 INFO DAGScheduler: waiting: Set()
[2026-08-22T18:51:04.510+0000] {subprocess.py:93} INFO - 26/08/22 18:51:04 INFO DAGScheduler: failed: Set()
[2026-08-22T18:51:04.537+0000] {subprocess.py:93} INFO - 26/08/22 18:51:04 INFO CodeGenerator: Code generated in 11.350194 ms
[2026-08-22T18:51:04.554+0000] {subprocess.py:93} INFO - 26/08/22 18:51:04 INFO SparkContext: Starting job: count at NativeMethodAccessorImpl.java:0
[2026-08-22T18:51:04.557+0000] {subprocess.py:93} INFO - 26/08/22 18:51:04 INFO DAGScheduler: Got job 9 (count at NativeMethodAccessorImpl.java:0) with 1 output partitions
[2026-08-22T18:51:04.558+0000] {subprocess.py:93} INFO - 26/08/22 18:51:04 INFO DAGScheduler: Final stage: ResultStage 16 (count at NativeMethodAccessorImpl.java:0)
[2026-08-22T18:51:04.559+0000] {subprocess.py:93} INFO - 26/08/22 18:51:04 INFO DAGScheduler: Parents of final stage: List(ShuffleMapStage 15)
[2026-08-22T18:51:04.560+0000] {subprocess.py:93} INFO - 26/08/22 18:51:04 INFO DAGScheduler: Missing parents: List()
[2026-08-22T18:51:04.560+0000] {subprocess.py:93} INFO - 26/08/22 18:51:04 INFO DAGScheduler: Submitting ResultStage 16 (MapPartitionsRDD[31] at count at NativeMethodAccessorImpl.java:0), which has no missing parents
[2026-08-22T18:51:04.565+0000] {subprocess.py:93} INFO - 26/08/22 18:51:04 INFO MemoryStore: Block broadcast_12 stored as values in memory (estimated size 11.1 KiB, free 365.3 MiB)
[2026-08-22T18:51:04.568+0000] {subprocess.py:93} INFO - 26/08/22 18:51:04 INFO MemoryStore: Block broadcast_12_piece0 stored as bytes in memory (estimated size 5.5 KiB, free 365.3 MiB)
[2026-08-22T18:51:04.569+0000] {subprocess.py:93} INFO - 26/08/22 18:51:04 INFO BlockManagerInfo: Added broadcast_12_piece0 in memory on 171e2e9810fc:33519 (size: 5.5 KiB, free: 366.2 MiB)
[2026-08-22T18:51:04.570+0000] {subprocess.py:93} INFO - 26/08/22 18:51:04 INFO SparkContext: Created broadcast 12 from broadcast at DAGScheduler.scala:1513
[2026-08-22T18:51:04.571+0000] {subprocess.py:93} INFO - 26/08/22 18:51:04 INFO DAGScheduler: Submitting 1 missing tasks from ResultStage 16 (MapPartitionsRDD[31] at count at NativeMethodAccessorImpl.java:0) (first 15 tasks are for partitions Vector(0))
[2026-08-22T18:51:04.572+0000] {subprocess.py:93} INFO - 26/08/22 18:51:04 INFO TaskSchedulerImpl: Adding task set 16.0 with 1 tasks resource profile 0
[2026-08-22T18:51:04.574+0000] {subprocess.py:93} INFO - 26/08/22 18:51:04 INFO TaskSetManager: Starting task 0.0 in stage 16.0 (TID 9) (171e2e9810fc, executor driver, partition 0, NODE_LOCAL, 4453 bytes) taskResourceAssignments Map()
[2026-08-22T18:51:04.576+0000] {subprocess.py:93} INFO - 26/08/22 18:51:04 INFO Executor: Running task 0.0 in stage 16.0 (TID 9)
[2026-08-22T18:51:04.585+0000] {subprocess.py:93} INFO - 26/08/22 18:51:04 INFO ShuffleBlockFetcherIterator: Getting 1 (60.0 B) non-empty blocks including 1 (60.0 B) local and 0 (0.0 B) host-local and 0 (0.0 B) push-merged-local and 0 (0.0 B) remote blocks
[2026-08-22T18:51:04.586+0000] {subprocess.py:93} INFO - 26/08/22 18:51:04 INFO ShuffleBlockFetcherIterator: Started 0 remote fetches in 1 ms
[2026-08-22T18:51:04.593+0000] {subprocess.py:93} INFO - 26/08/22 18:51:04 INFO Executor: Finished task 0.0 in stage 16.0 (TID 9). 2656 bytes result sent to driver
[2026-08-22T18:51:04.594+0000] {subprocess.py:93} INFO - 26/08/22 18:51:04 INFO TaskSetManager: Finished task 0.0 in stage 16.0 (TID 9) in 20 ms on 171e2e9810fc (executor driver) (1/1)
[2026-08-22T18:51:04.595+0000] {subprocess.py:93} INFO - 26/08/22 18:51:04 INFO TaskSchedulerImpl: Removed TaskSet 16.0, whose tasks have all completed, from pool
[2026-08-22T18:51:04.598+0000] {subprocess.py:93} INFO - 26/08/22 18:51:04 INFO DAGScheduler: ResultStage 16 (count at NativeMethodAccessorImpl.java:0) finished in 0.031 s
[2026-08-22T18:51:04.599+0000] {subprocess.py:93} INFO - 26/08/22 18:51:04 INFO DAGScheduler: Job 9 is finished. Cancelling potential speculative or zombie tasks for this job
[2026-08-22T18:51:04.600+0000] {subprocess.py:93} INFO - 26/08/22 18:51:04 INFO TaskSchedulerImpl: Killing all running tasks in stage 16: Stage finished
[2026-08-22T18:51:04.601+0000] {subprocess.py:93} INFO - 26/08/22 18:51:04 INFO DAGScheduler: Job 9 finished: count at NativeMethodAccessorImpl.java:0, took 0.044482 s
[2026-08-22T18:51:04.607+0000] {subprocess.py:93} INFO - New unique records ready for insertion: 100
[2026-08-22T18:51:04.607+0000] {subprocess.py:93} INFO - Writing new records to PostgreSQL database...
[2026-08-22T18:51:04.795+0000] {subprocess.py:93} INFO - 26/08/22 18:51:04 INFO FileSourceStrategy: Pushed Filters:
[2026-08-22T18:51:04.796+0000] {subprocess.py:93} INFO - 26/08/22 18:51:04 INFO FileSourceStrategy: Post-Scan Filters:
[2026-08-22T18:51:04.798+0000] {subprocess.py:93} INFO - 26/08/22 18:51:04 INFO FileSourceStrategy: Output Data Schema: struct<snippet: struct<channelId: string, videoId: string, topLevelComment: struct<id: string, snippet: struct<textDisplay: string, authorDisplayName: string, likeCount: int, publishedAt: string ... 2 more fields>> ... 1 more fields>>
[2026-08-22T18:51:04.885+0000] {subprocess.py:93} INFO - 26/08/22 18:51:04 INFO CodeGenerator: Code generated in 32.726889 ms
[2026-08-22T18:51:04.893+0000] {subprocess.py:93} INFO - 26/08/22 18:51:04 INFO MemoryStore: Block broadcast_13 stored as values in memory (estimated size 358.5 KiB, free 365.0 MiB)
[2026-08-22T18:51:04.908+0000] {subprocess.py:93} INFO - 26/08/22 18:51:04 INFO MemoryStore: Block broadcast_13_piece0 stored as bytes in memory (estimated size 35.4 KiB, free 364.9 MiB)
[2026-08-22T18:51:04.911+0000] {subprocess.py:93} INFO - 26/08/22 18:51:04 INFO BlockManagerInfo: Added broadcast_13_piece0 in memory on 171e2e9810fc:33519 (size: 35.4 KiB, free: 366.1 MiB)
[2026-08-22T18:51:04.912+0000] {subprocess.py:93} INFO - 26/08/22 18:51:04 INFO SparkContext: Created broadcast 13 from save at NativeMethodAccessorImpl.java:0
[2026-08-22T18:51:04.914+0000] {subprocess.py:93} INFO - 26/08/22 18:51:04 INFO FileSourceScanExec: Planning scan with bin packing, max size: 4194304 bytes, open cost is considered as scanning 4194304 bytes.
[2026-08-22T18:51:04.951+0000] {subprocess.py:93} INFO - 26/08/22 18:51:04 INFO DAGScheduler: Registering RDD 37 (save at NativeMethodAccessorImpl.java:0) as input to shuffle 6
[2026-08-22T18:51:04.952+0000] {subprocess.py:93} INFO - 26/08/22 18:51:04 INFO DAGScheduler: Got map stage job 10 (save at NativeMethodAccessorImpl.java:0) with 1 output partitions
[2026-08-22T18:51:04.953+0000] {subprocess.py:93} INFO - 26/08/22 18:51:04 INFO DAGScheduler: Final stage: ShuffleMapStage 17 (save at NativeMethodAccessorImpl.java:0)
[2026-08-22T18:51:04.954+0000] {subprocess.py:93} INFO - 26/08/22 18:51:04 INFO DAGScheduler: Parents of final stage: List()
[2026-08-22T18:51:04.955+0000] {subprocess.py:93} INFO - 26/08/22 18:51:04 INFO DAGScheduler: Missing parents: List()
[2026-08-22T18:51:04.957+0000] {subprocess.py:93} INFO - 26/08/22 18:51:04 INFO DAGScheduler: Submitting ShuffleMapStage 17 (MapPartitionsRDD[37] at save at NativeMethodAccessorImpl.java:0), which has no missing parents
[2026-08-22T18:51:04.986+0000] {subprocess.py:93} INFO - 26/08/22 18:51:04 INFO MemoryStore: Block broadcast_14 stored as values in memory (estimated size 35.5 KiB, free 364.9 MiB)
[2026-08-22T18:51:04.990+0000] {subprocess.py:93} INFO - 26/08/22 18:51:04 INFO MemoryStore: Block broadcast_14_piece0 stored as bytes in memory (estimated size 15.5 KiB, free 364.9 MiB)
[2026-08-22T18:51:04.991+0000] {subprocess.py:93} INFO - 26/08/22 18:51:04 INFO BlockManagerInfo: Added broadcast_14_piece0 in memory on 171e2e9810fc:33519 (size: 15.5 KiB, free: 366.1 MiB)
[2026-08-22T18:51:04.991+0000] {subprocess.py:93} INFO - 26/08/22 18:51:04 INFO SparkContext: Created broadcast 14 from broadcast at DAGScheduler.scala:1513
[2026-08-22T18:51:04.992+0000] {subprocess.py:93} INFO - 26/08/22 18:51:04 INFO DAGScheduler: Submitting 1 missing tasks from ShuffleMapStage 17 (MapPartitionsRDD[37] at save at NativeMethodAccessorImpl.java:0) (first 15 tasks are for partitions Vector(0))
[2026-08-22T18:51:04.993+0000] {subprocess.py:93} INFO - 26/08/22 18:51:04 INFO TaskSchedulerImpl: Adding task set 17.0 with 1 tasks resource profile 0
[2026-08-22T18:51:04.995+0000] {subprocess.py:93} INFO - 26/08/22 18:51:04 INFO DAGScheduler: Registering RDD 39 (save at NativeMethodAccessorImpl.java:0) as input to shuffle 7
[2026-08-22T18:51:04.995+0000] {subprocess.py:93} INFO - 26/08/22 18:51:04 INFO DAGScheduler: Got map stage job 11 (save at NativeMethodAccessorImpl.java:0) with 1 output partitions
[2026-08-22T18:51:04.997+0000] {subprocess.py:93} INFO - 26/08/22 18:51:04 INFO DAGScheduler: Final stage: ShuffleMapStage 18 (save at NativeMethodAccessorImpl.java:0)
[2026-08-22T18:51:04.997+0000] {subprocess.py:93} INFO - 26/08/22 18:51:04 INFO DAGScheduler: Parents of final stage: List()
[2026-08-22T18:51:04.998+0000] {subprocess.py:93} INFO - 26/08/22 18:51:04 INFO TaskSetManager: Starting task 0.0 in stage 17.0 (TID 10) (171e2e9810fc, executor driver, partition 0, PROCESS_LOCAL, 4925 bytes) taskResourceAssignments Map()
[2026-08-22T18:51:04.999+0000] {subprocess.py:93} INFO - 26/08/22 18:51:04 INFO DAGScheduler: Missing parents: List()
[2026-08-22T18:51:05.000+0000] {subprocess.py:93} INFO - 26/08/22 18:51:04 INFO Executor: Running task 0.0 in stage 17.0 (TID 10)
[2026-08-22T18:51:05.000+0000] {subprocess.py:93} INFO - 26/08/22 18:51:04 INFO DAGScheduler: Submitting ShuffleMapStage 18 (MapPartitionsRDD[39] at save at NativeMethodAccessorImpl.java:0), which has no missing parents
[2026-08-22T18:51:05.010+0000] {subprocess.py:93} INFO - 26/08/22 18:51:05 INFO MemoryStore: Block broadcast_15 stored as values in memory (estimated size 15.9 KiB, free 364.9 MiB)
[2026-08-22T18:51:05.012+0000] {subprocess.py:93} INFO - 26/08/22 18:51:05 INFO MemoryStore: Block broadcast_15_piece0 stored as bytes in memory (estimated size 9.0 KiB, free 364.9 MiB)
[2026-08-22T18:51:05.013+0000] {subprocess.py:93} INFO - 26/08/22 18:51:05 INFO BlockManagerInfo: Added broadcast_15_piece0 in memory on 171e2e9810fc:33519 (size: 9.0 KiB, free: 366.1 MiB)
[2026-08-22T18:51:05.014+0000] {subprocess.py:93} INFO - 26/08/22 18:51:05 INFO SparkContext: Created broadcast 15 from broadcast at DAGScheduler.scala:1513
[2026-08-22T18:51:05.017+0000] {subprocess.py:93} INFO - 26/08/22 18:51:05 INFO DAGScheduler: Submitting 1 missing tasks from ShuffleMapStage 18 (MapPartitionsRDD[39] at save at NativeMethodAccessorImpl.java:0) (first 15 tasks are for partitions Vector(0))
[2026-08-22T18:51:05.018+0000] {subprocess.py:93} INFO - 26/08/22 18:51:05 INFO TaskSchedulerImpl: Adding task set 18.0 with 1 tasks resource profile 0
[2026-08-22T18:51:05.019+0000] {subprocess.py:93} INFO - 26/08/22 18:51:05 INFO TaskSetManager: Starting task 0.0 in stage 18.0 (TID 11) (171e2e9810fc, executor driver, partition 0, PROCESS_LOCAL, 4288 bytes) taskResourceAssignments Map()
[2026-08-22T18:51:05.020+0000] {subprocess.py:93} INFO - 26/08/22 18:51:05 INFO Executor: Running task 0.0 in stage 18.0 (TID 11)
[2026-08-22T18:51:05.040+0000] {subprocess.py:93} INFO - 26/08/22 18:51:05 INFO CodeGenerator: Code generated in 12.843797 ms
[2026-08-22T18:51:05.057+0000] {subprocess.py:93} INFO - 26/08/22 18:51:05 INFO JDBCRDD: closed connection
[2026-08-22T18:51:05.060+0000] {subprocess.py:93} INFO - 26/08/22 18:51:05 INFO Executor: Finished task 0.0 in stage 18.0 (TID 11). 1770 bytes result sent to driver
[2026-08-22T18:51:05.062+0000] {subprocess.py:93} INFO - 26/08/22 18:51:05 INFO TaskSetManager: Finished task 0.0 in stage 18.0 (TID 11) in 43 ms on 171e2e9810fc (executor driver) (1/1)
[2026-08-22T18:51:05.063+0000] {subprocess.py:93} INFO - 26/08/22 18:51:05 INFO TaskSchedulerImpl: Removed TaskSet 18.0, whose tasks have all completed, from pool
[2026-08-22T18:51:05.065+0000] {subprocess.py:93} INFO - 26/08/22 18:51:05 INFO DAGScheduler: ShuffleMapStage 18 (save at NativeMethodAccessorImpl.java:0) finished in 0.063 s
[2026-08-22T18:51:05.066+0000] {subprocess.py:93} INFO - 26/08/22 18:51:05 INFO DAGScheduler: looking for newly runnable stages
[2026-08-22T18:51:05.067+0000] {subprocess.py:93} INFO - 26/08/22 18:51:05 INFO DAGScheduler: running: Set(ShuffleMapStage 17)
[2026-08-22T18:51:05.067+0000] {subprocess.py:93} INFO - 26/08/22 18:51:05 INFO DAGScheduler: waiting: Set()
[2026-08-22T18:51:05.068+0000] {subprocess.py:93} INFO - 26/08/22 18:51:05 INFO DAGScheduler: failed: Set()
[2026-08-22T18:51:05.083+0000] {subprocess.py:93} INFO - 26/08/22 18:51:05 INFO CodeGenerator: Code generated in 27.42827 ms
[2026-08-22T18:51:05.125+0000] {subprocess.py:93} INFO - 26/08/22 18:51:05 INFO CodeGenerator: Code generated in 15.371575 ms
[2026-08-22T18:51:05.143+0000] {subprocess.py:93} INFO - 26/08/22 18:51:05 INFO FileScanRDD: Reading File path: file:///tmp/spark_processing/aaf9f4ac-0949-44b3-9af7-2d444107a89d, range: 0-55047, partition values: [empty row]
[2026-08-22T18:51:05.165+0000] {subprocess.py:93} INFO - 26/08/22 18:51:05 INFO InternalParquetRecordReader: RecordReader initialized will read a total of 100 records.
[2026-08-22T18:51:05.169+0000] {subprocess.py:93} INFO - 26/08/22 18:51:05 INFO InternalParquetRecordReader: at row 0. reading next block
[2026-08-22T18:51:05.176+0000] {subprocess.py:93} INFO - 26/08/22 18:51:05 INFO InternalParquetRecordReader: block read in memory in 7 ms. row count = 100
[2026-08-22T18:51:05.267+0000] {subprocess.py:93} INFO - 26/08/22 18:51:05 INFO CodeGenerator: Code generated in 11.6033 ms
[2026-08-22T18:51:05.317+0000] {subprocess.py:93} INFO - 26/08/22 18:51:05 INFO CodeGenerator: Code generated in 20.745818 ms
[2026-08-22T18:51:05.346+0000] {subprocess.py:93} INFO - 26/08/22 18:51:05 INFO CodeGenerator: Code generated in 15.063744 ms
[2026-08-22T18:51:05.406+0000] {subprocess.py:93} INFO - 26/08/22 18:51:05 INFO Executor: Finished task 0.0 in stage 17.0 (TID 10). 2525 bytes result sent to driver
[2026-08-22T18:51:05.408+0000] {subprocess.py:93} INFO - 26/08/22 18:51:05 INFO TaskSetManager: Finished task 0.0 in stage 17.0 (TID 10) in 411 ms on 171e2e9810fc (executor driver) (1/1)
[2026-08-22T18:51:05.408+0000] {subprocess.py:93} INFO - 26/08/22 18:51:05 INFO TaskSchedulerImpl: Removed TaskSet 17.0, whose tasks have all completed, from pool
[2026-08-22T18:51:05.410+0000] {subprocess.py:93} INFO - 26/08/22 18:51:05 INFO DAGScheduler: ShuffleMapStage 17 (save at NativeMethodAccessorImpl.java:0) finished in 0.449 s
[2026-08-22T18:51:05.411+0000] {subprocess.py:93} INFO - 26/08/22 18:51:05 INFO DAGScheduler: looking for newly runnable stages
[2026-08-22T18:51:05.411+0000] {subprocess.py:93} INFO - 26/08/22 18:51:05 INFO DAGScheduler: running: Set()
[2026-08-22T18:51:05.412+0000] {subprocess.py:93} INFO - 26/08/22 18:51:05 INFO DAGScheduler: waiting: Set()
[2026-08-22T18:51:05.412+0000] {subprocess.py:93} INFO - 26/08/22 18:51:05 INFO DAGScheduler: failed: Set()
[2026-08-22T18:51:05.415+0000] {subprocess.py:93} INFO - 26/08/22 18:51:05 INFO ShufflePartitionsUtil: For shuffle(6), advisory target size: 67108864, actual target size 1048576, minimum partition size: 1048576
[2026-08-22T18:51:05.437+0000] {subprocess.py:93} INFO - 26/08/22 18:51:05 INFO CodeGenerator: Code generated in 14.292197 ms
[2026-08-22T18:51:05.514+0000] {subprocess.py:93} INFO - 26/08/22 18:51:05 INFO BlockManagerInfo: Removed broadcast_9_piece0 on 171e2e9810fc:33519 in memory (size: 13.3 KiB, free: 366.1 MiB)
[2026-08-22T18:51:05.522+0000] {subprocess.py:93} INFO - 26/08/22 18:51:05 INFO BlockManagerInfo: Removed broadcast_7_piece0 on 171e2e9810fc:33519 in memory (size: 15.0 KiB, free: 366.1 MiB)
[2026-08-22T18:51:05.534+0000] {subprocess.py:93} INFO - 26/08/22 18:51:05 INFO BlockManagerInfo: Removed broadcast_15_piece0 on 171e2e9810fc:33519 in memory (size: 9.0 KiB, free: 366.1 MiB)
[2026-08-22T18:51:05.535+0000] {subprocess.py:93} INFO - 26/08/22 18:51:05 INFO SparkContext: Starting job: save at NativeMethodAccessorImpl.java:0
[2026-08-22T18:51:05.538+0000] {subprocess.py:93} INFO - 26/08/22 18:51:05 INFO DAGScheduler: Got job 12 (save at NativeMethodAccessorImpl.java:0) with 1 output partitions
[2026-08-22T18:51:05.539+0000] {subprocess.py:93} INFO - 26/08/22 18:51:05 INFO DAGScheduler: Final stage: ResultStage 20 (save at NativeMethodAccessorImpl.java:0)
[2026-08-22T18:51:05.539+0000] {subprocess.py:93} INFO - 26/08/22 18:51:05 INFO DAGScheduler: Parents of final stage: List(ShuffleMapStage 19)
[2026-08-22T18:51:05.540+0000] {subprocess.py:93} INFO - 26/08/22 18:51:05 INFO DAGScheduler: Missing parents: List()
[2026-08-22T18:51:05.543+0000] {subprocess.py:93} INFO - 26/08/22 18:51:05 INFO DAGScheduler: Submitting ResultStage 20 (MapPartitionsRDD[45] at save at NativeMethodAccessorImpl.java:0), which has no missing parents
[2026-08-22T18:51:05.548+0000] {subprocess.py:93} INFO - 26/08/22 18:51:05 INFO BlockManagerInfo: Removed broadcast_12_piece0 on 171e2e9810fc:33519 in memory (size: 5.5 KiB, free: 366.1 MiB)
[2026-08-22T18:51:05.556+0000] {subprocess.py:93} INFO - 26/08/22 18:51:05 INFO BlockManagerInfo: Removed broadcast_8_piece0 on 171e2e9810fc:33519 in memory (size: 35.2 KiB, free: 366.2 MiB)
[2026-08-22T18:51:05.564+0000] {subprocess.py:93} INFO - 26/08/22 18:51:05 INFO BlockManagerInfo: Removed broadcast_10_piece0 on 171e2e9810fc:33519 in memory (size: 9.0 KiB, free: 366.2 MiB)
[2026-08-22T18:51:05.596+0000] {subprocess.py:93} INFO - 26/08/22 18:51:05 INFO BlockManagerInfo: Removed broadcast_6_piece0 on 171e2e9810fc:33519 in memory (size: 13.3 KiB, free: 366.2 MiB)
[2026-08-22T18:51:05.617+0000] {subprocess.py:93} INFO - 26/08/22 18:51:05 INFO BlockManagerInfo: Removed broadcast_14_piece0 on 171e2e9810fc:33519 in memory (size: 15.5 KiB, free: 366.2 MiB)
[2026-08-22T18:51:05.619+0000] {subprocess.py:93} INFO - 26/08/22 18:51:05 INFO MemoryStore: Block broadcast_16 stored as values in memory (estimated size 49.2 KiB, free 365.4 MiB)
[2026-08-22T18:51:05.620+0000] {subprocess.py:93} INFO - 26/08/22 18:51:05 INFO MemoryStore: Block broadcast_16_piece0 stored as bytes in memory (estimated size 20.7 KiB, free 365.4 MiB)
[2026-08-22T18:51:05.622+0000] {subprocess.py:93} INFO - 26/08/22 18:51:05 INFO BlockManagerInfo: Added broadcast_16_piece0 in memory on 171e2e9810fc:33519 (size: 20.7 KiB, free: 366.2 MiB)
[2026-08-22T18:51:05.623+0000] {subprocess.py:93} INFO - 26/08/22 18:51:05 INFO SparkContext: Created broadcast 16 from broadcast at DAGScheduler.scala:1513
[2026-08-22T18:51:05.624+0000] {subprocess.py:93} INFO - 26/08/22 18:51:05 INFO DAGScheduler: Submitting 1 missing tasks from ResultStage 20 (MapPartitionsRDD[45] at save at NativeMethodAccessorImpl.java:0) (first 15 tasks are for partitions Vector(0))
[2026-08-22T18:51:05.625+0000] {subprocess.py:93} INFO - 26/08/22 18:51:05 INFO TaskSchedulerImpl: Adding task set 20.0 with 1 tasks resource profile 0
[2026-08-22T18:51:05.626+0000] {subprocess.py:93} INFO - 26/08/22 18:51:05 INFO BlockManagerInfo: Removed broadcast_11_piece0 on 171e2e9810fc:33519 in memory (size: 17.1 KiB, free: 366.2 MiB)
[2026-08-22T18:51:05.628+0000] {subprocess.py:93} INFO - 26/08/22 18:51:05 INFO TaskSetManager: Starting task 0.0 in stage 20.0 (TID 12) (171e2e9810fc, executor driver, partition 0, NODE_LOCAL, 4453 bytes) taskResourceAssignments Map()
[2026-08-22T18:51:05.630+0000] {subprocess.py:93} INFO - 26/08/22 18:51:05 INFO Executor: Running task 0.0 in stage 20.0 (TID 12)
[2026-08-22T18:51:05.748+0000] {subprocess.py:93} INFO - 26/08/22 18:51:05 INFO ShuffleBlockFetcherIterator: Getting 1 (21.4 KiB) non-empty blocks including 1 (21.4 KiB) local and 0 (0.0 B) host-local and 0 (0.0 B) push-merged-local and 0 (0.0 B) remote blocks
[2026-08-22T18:51:05.750+0000] {subprocess.py:93} INFO - 26/08/22 18:51:05 INFO ShuffleBlockFetcherIterator: Started 0 remote fetches in 1 ms
[2026-08-22T18:51:05.818+0000] {subprocess.py:93} INFO - 26/08/22 18:51:05 INFO CodeGenerator: Code generated in 29.951379 ms
[2026-08-22T18:51:05.838+0000] {subprocess.py:93} INFO - 26/08/22 18:51:05 INFO CodeGenerator: Code generated in 11.220565 ms
[2026-08-22T18:51:05.862+0000] {subprocess.py:93} INFO - 26/08/22 18:51:05 INFO CodeGenerator: Code generated in 16.10526 ms
[2026-08-22T18:51:05.907+0000] {subprocess.py:93} INFO - 26/08/22 18:51:05 INFO CodeGenerator: Code generated in 18.599078 ms
[2026-08-22T18:51:06.179+0000] {subprocess.py:93} INFO - 26/08/22 18:51:06 INFO Executor: Finished task 0.0 in stage 20.0 (TID 12). 3286 bytes result sent to driver
[2026-08-22T18:51:06.181+0000] {subprocess.py:93} INFO - 26/08/22 18:51:06 INFO TaskSetManager: Finished task 0.0 in stage 20.0 (TID 12) in 553 ms on 171e2e9810fc (executor driver) (1/1)
[2026-08-22T18:51:06.182+0000] {subprocess.py:93} INFO - 26/08/22 18:51:06 INFO TaskSchedulerImpl: Removed TaskSet 20.0, whose tasks have all completed, from pool
[2026-08-22T18:51:06.184+0000] {subprocess.py:93} INFO - 26/08/22 18:51:06 INFO DAGScheduler: ResultStage 20 (save at NativeMethodAccessorImpl.java:0) finished in 0.624 s
[2026-08-22T18:51:06.184+0000] {subprocess.py:93} INFO - 26/08/22 18:51:06 INFO DAGScheduler: Job 12 is finished. Cancelling potential speculative or zombie tasks for this job
[2026-08-22T18:51:06.185+0000] {subprocess.py:93} INFO - 26/08/22 18:51:06 INFO TaskSchedulerImpl: Killing all running tasks in stage 20: Stage finished
[2026-08-22T18:51:06.187+0000] {subprocess.py:93} INFO - 26/08/22 18:51:06 INFO DAGScheduler: Job 12 finished: save at NativeMethodAccessorImpl.java:0, took 0.649681 s
[2026-08-22T18:51:06.222+0000] {subprocess.py:93} INFO - Successfully processed and saved batch data to PostgreSQL!
[2026-08-22T18:51:06.246+0000] {subprocess.py:93} INFO - 26/08/22 18:51:06 INFO SparkUI: Stopped Spark web UI at http://171e2e9810fc:4041
[2026-08-22T18:51:06.281+0000] {subprocess.py:93} INFO - 26/08/22 18:51:06 INFO MapOutputTrackerMasterEndpoint: MapOutputTrackerMasterEndpoint stopped!
[2026-08-22T18:51:06.325+0000] {subprocess.py:93} INFO - 26/08/22 18:51:06 INFO MemoryStore: MemoryStore cleared
[2026-08-22T18:51:06.326+0000] {subprocess.py:93} INFO - 26/08/22 18:51:06 INFO BlockManager: BlockManager stopped
[2026-08-22T18:51:06.335+0000] {subprocess.py:93} INFO - 26/08/22 18:51:06 INFO BlockManagerMaster: BlockManagerMaster stopped
[2026-08-22T18:51:06.349+0000] {subprocess.py:93} INFO - 26/08/22 18:51:06 INFO OutputCommitCoordinator$OutputCommitCoordinatorEndpoint: OutputCommitCoordinator stopped!
[2026-08-22T18:51:06.371+0000] {subprocess.py:93} INFO - 26/08/22 18:51:06 INFO SparkContext: Successfully stopped SparkContext
[2026-08-22T18:51:06.462+0000] {subprocess.py:93} INFO - Spark session stopped.
[2026-08-22T18:51:06.463+0000] {subprocess.py:93} INFO - Removed temporary local file: /tmp/spark_processing/aaf9f4ac-0949-44b3-9af7-2d444107a89d
[2026-08-22T18:51:06.515+0000] {subprocess.py:93} INFO - 26/08/22 18:51:06 INFO ShutdownHookManager: Shutdown hook called
[2026-08-22T18:51:06.516+0000] {subprocess.py:93} INFO - 26/08/22 18:51:06 INFO ShutdownHookManager: Deleting directory /tmp/spark-297dea12-2dba-4605-a7b8-b41f7ff52b5a
[2026-08-22T18:51:06.520+0000] {subprocess.py:93} INFO - 26/08/22 18:51:06 INFO ShutdownHookManager: Deleting directory /tmp/spark-0362893e-531f-43c1-8b8d-16840c50f349
[2026-08-22T18:51:06.523+0000] {subprocess.py:93} INFO - 26/08/22 18:51:06 INFO ShutdownHookManager: Deleting directory /tmp/spark-297dea12-2dba-4605-a7b8-b41f7ff52b5a/pyspark-1adf9f4c-356d-452d-b289-03bb0e03b48b
[2026-08-22T18:51:06.623+0000] {subprocess.py:93} INFO - === Processing finished successfully: Sat Aug 22 18:51:06 UTC 2026 ===
[2026-08-22T18:51:06.624+0000] {subprocess.py:97} INFO - Command exited with return code 0
[2026-08-22T18:51:06.643+0000] {taskinstance.py:1138} INFO - Marking task as SUCCESS. dag_id=2_sports_goat_run_batch, task_id=ingest_batch_job, execution_date=20260822T185032, start_date=20260822T185038, end_date=20260822T185106
[2026-08-22T18:51:06.702+0000] {local_task_job_runner.py:234} INFO - Task exited with return code 0
[2026-08-22T18:51:06.716+0000] {taskinstance.py:3280} INFO - 0 downstream tasks scheduled from follow-on schedule check
