[2026-08-22T17:36:46.922+0000] {taskinstance.py:1956} INFO - Dependencies all met for dep_context=non-requeueable deps ti=<TaskInstance: 2_sports_goat_run_batch.ingest_batch_job manual__2026-08-22T17:36:43.186184+00:00 [queued]>
[2026-08-22T17:36:46.931+0000] {taskinstance.py:1956} INFO - Dependencies all met for dep_context=requeueable deps ti=<TaskInstance: 2_sports_goat_run_batch.ingest_batch_job manual__2026-08-22T17:36:43.186184+00:00 [queued]>
[2026-08-22T17:36:46.931+0000] {taskinstance.py:2170} INFO - Starting attempt 1 of 1
[2026-08-22T17:36:46.946+0000] {taskinstance.py:2191} INFO - Executing <Task(BashOperator): ingest_batch_job> on 2026-08-22 17:36:43.186184+00:00
[2026-08-22T17:36:46.958+0000] {standard_task_runner.py:60} INFO - Started process 339 to run task
[2026-08-22T17:36:46.963+0000] {standard_task_runner.py:87} INFO - Running: ['airflow', 'tasks', 'run', '2_sports_goat_run_batch', 'ingest_batch_job', 'manual__2026-08-22T17:36:43.186184+00:00', '--job-id', '28', '--raw', '--subdir', 'DAGS_FOLDER/sports_goat_pipeline.py', '--cfg-path', '/tmp/tmpfa5po2rg']
[2026-08-22T17:36:46.966+0000] {standard_task_runner.py:88} INFO - Job 28: Subtask ingest_batch_job
[2026-08-22T17:36:47.008+0000] {task_command.py:423} INFO - Running <TaskInstance: 2_sports_goat_run_batch.ingest_batch_job manual__2026-08-22T17:36:43.186184+00:00 [running]> on host f1d6d21e9aa6
[2026-08-22T17:36:47.070+0000] {taskinstance.py:2480} INFO - Exporting env vars: AIRFLOW_CTX_DAG_OWNER='branislav' AIRFLOW_CTX_DAG_ID='2_sports_goat_run_batch' AIRFLOW_CTX_TASK_ID='ingest_batch_job' AIRFLOW_CTX_EXECUTION_DATE='2026-08-22T17:36:43.186184+00:00' AIRFLOW_CTX_TRY_NUMBER='1' AIRFLOW_CTX_DAG_RUN_ID='manual__2026-08-22T17:36:43.186184+00:00'
[2026-08-22T17:36:47.072+0000] {subprocess.py:63} INFO - Tmp dir root location: /tmp
[2026-08-22T17:36:47.073+0000] {subprocess.py:75} INFO - Running command: ['/usr/bin/bash', '-c', 'bash /app/run_batch.sh ']
[2026-08-22T17:36:47.095+0000] {subprocess.py:86} INFO - Output:
[2026-08-22T17:36:47.104+0000] {subprocess.py:93} INFO - === Starting Spark batch processing: Sat Aug 22 17:36:47 UTC 2026 ===
[2026-08-22T17:36:49.561+0000] {subprocess.py:93} INFO - :: loading settings :: url = jar:file:/spark/jars/ivy-2.5.0.jar!/org/apache/ivy/core/settings/ivysettings.xml
[2026-08-22T17:36:49.648+0000] {subprocess.py:93} INFO - Ivy Default Cache set to: /root/.ivy2/cache
[2026-08-22T17:36:49.649+0000] {subprocess.py:93} INFO - The jars for the packages stored in: /root/.ivy2/jars
[2026-08-22T17:36:49.656+0000] {subprocess.py:93} INFO - org.postgresql#postgresql added as a dependency
[2026-08-22T17:36:49.657+0000] {subprocess.py:93} INFO - :: resolving dependencies :: org.apache.spark#spark-submit-parent-61c97b43-1f5e-4e65-ac1c-e40b01c7d905;1.0
[2026-08-22T17:36:49.658+0000] {subprocess.py:93} INFO - 	confs: [default]
[2026-08-22T17:36:49.786+0000] {subprocess.py:93} INFO - 	found org.postgresql#postgresql;42.6.0 in central
[2026-08-22T17:36:49.812+0000] {subprocess.py:93} INFO - 	found org.checkerframework#checker-qual;3.31.0 in central
[2026-08-22T17:36:49.831+0000] {subprocess.py:93} INFO - :: resolution report :: resolve 168ms :: artifacts dl 5ms
[2026-08-22T17:36:49.832+0000] {subprocess.py:93} INFO - 	:: modules in use:
[2026-08-22T17:36:49.832+0000] {subprocess.py:93} INFO - 	org.checkerframework#checker-qual;3.31.0 from central in [default]
[2026-08-22T17:36:49.833+0000] {subprocess.py:93} INFO - 	org.postgresql#postgresql;42.6.0 from central in [default]
[2026-08-22T17:36:49.834+0000] {subprocess.py:93} INFO - 	---------------------------------------------------------------------
[2026-08-22T17:36:49.834+0000] {subprocess.py:93} INFO - 	|                  |            modules            ||   artifacts   |
[2026-08-22T17:36:49.835+0000] {subprocess.py:93} INFO - 	|       conf       | number| search|dwnlded|evicted|| number|dwnlded|
[2026-08-22T17:36:49.835+0000] {subprocess.py:93} INFO - 	---------------------------------------------------------------------
[2026-08-22T17:36:49.835+0000] {subprocess.py:93} INFO - 	|      default     |   2   |   0   |   0   |   0   ||   2   |   0   |
[2026-08-22T17:36:49.836+0000] {subprocess.py:93} INFO - 	---------------------------------------------------------------------
[2026-08-22T17:36:49.838+0000] {subprocess.py:93} INFO - :: retrieving :: org.apache.spark#spark-submit-parent-61c97b43-1f5e-4e65-ac1c-e40b01c7d905
[2026-08-22T17:36:49.839+0000] {subprocess.py:93} INFO - 	confs: [default]
[2026-08-22T17:36:49.846+0000] {subprocess.py:93} INFO - 	0 artifacts copied, 2 already retrieved (0kB/7ms)
[2026-08-22T17:36:50.239+0000] {subprocess.py:93} INFO - 26/08/22 17:36:50 WARN NativeCodeLoader: Unable to load native-hadoop library for your platform... using builtin-java classes where applicable
[2026-08-22T17:36:50.954+0000] {subprocess.py:93} INFO - Traceback (most recent call last):
[2026-08-22T17:36:50.955+0000] {subprocess.py:93} INFO -   File "/app/batch_comments_cleanup.py", line 4, in <module>
[2026-08-22T17:36:50.955+0000] {subprocess.py:93} INFO -     from minio.error import S3Error
[2026-08-22T17:36:50.956+0000] {subprocess.py:93} INFO - ImportError: cannot import name 'S3Error' from 'minio.error' (/usr/lib/python3.7/site-packages/minio/error.py)
[2026-08-22T17:36:50.988+0000] {subprocess.py:93} INFO - 26/08/22 17:36:50 INFO ShutdownHookManager: Shutdown hook called
[2026-08-22T17:36:50.989+0000] {subprocess.py:93} INFO - 26/08/22 17:36:50 INFO ShutdownHookManager: Deleting directory /tmp/spark-148859ce-c0be-4bdc-b3d6-ab17dfb57dfa
[2026-08-22T17:36:51.048+0000] {subprocess.py:97} INFO - Command exited with return code 1
[2026-08-22T17:36:51.059+0000] {taskinstance.py:2698} ERROR - Task failed with exception
Traceback (most recent call last):
  File "/home/airflow/.local/lib/python3.10/site-packages/airflow/models/taskinstance.py", line 433, in _execute_task
    result = execute_callable(context=context, **execute_callable_kwargs)
  File "/home/airflow/.local/lib/python3.10/site-packages/airflow/operators/bash.py", line 212, in execute
    raise AirflowException(
airflow.exceptions.AirflowException: Bash command failed. The command returned a non-zero exit code 1.
[2026-08-22T17:36:51.063+0000] {taskinstance.py:1138} INFO - Marking task as FAILED. dag_id=2_sports_goat_run_batch, task_id=ingest_batch_job, execution_date=20260822T173643, start_date=20260822T173646, end_date=20260822T173651
[2026-08-22T17:36:51.089+0000] {standard_task_runner.py:107} ERROR - Failed to execute job 28 for task ingest_batch_job (Bash command failed. The command returned a non-zero exit code 1.; 339)
[2026-08-22T17:36:51.120+0000] {local_task_job_runner.py:234} INFO - Task exited with return code 1
[2026-08-22T17:36:51.135+0000] {taskinstance.py:3280} INFO - 0 downstream tasks scheduled from follow-on schedule check
