[2026-08-22T17:34:07.929+0000] {taskinstance.py:1956} INFO - Dependencies all met for dep_context=non-requeueable deps ti=<TaskInstance: 2_sports_goat_run_batch.ingest_batch_job manual__2026-08-22T17:34:03.638335+00:00 [queued]>
[2026-08-22T17:34:07.936+0000] {taskinstance.py:1956} INFO - Dependencies all met for dep_context=requeueable deps ti=<TaskInstance: 2_sports_goat_run_batch.ingest_batch_job manual__2026-08-22T17:34:03.638335+00:00 [queued]>
[2026-08-22T17:34:07.937+0000] {taskinstance.py:2170} INFO - Starting attempt 1 of 1
[2026-08-22T17:34:07.952+0000] {taskinstance.py:2191} INFO - Executing <Task(BashOperator): ingest_batch_job> on 2026-08-22 17:34:03.638335+00:00
[2026-08-22T17:34:07.958+0000] {standard_task_runner.py:60} INFO - Started process 316 to run task
[2026-08-22T17:34:07.963+0000] {standard_task_runner.py:87} INFO - Running: ['airflow', 'tasks', 'run', '2_sports_goat_run_batch', 'ingest_batch_job', 'manual__2026-08-22T17:34:03.638335+00:00', '--job-id', '27', '--raw', '--subdir', 'DAGS_FOLDER/sports_goat_pipeline.py', '--cfg-path', '/tmp/tmpn2gqoo2m']
[2026-08-22T17:34:07.966+0000] {standard_task_runner.py:88} INFO - Job 27: Subtask ingest_batch_job
[2026-08-22T17:34:08.018+0000] {task_command.py:423} INFO - Running <TaskInstance: 2_sports_goat_run_batch.ingest_batch_job manual__2026-08-22T17:34:03.638335+00:00 [running]> on host f1d6d21e9aa6
[2026-08-22T17:34:08.083+0000] {taskinstance.py:2480} INFO - Exporting env vars: AIRFLOW_CTX_DAG_OWNER='branislav' AIRFLOW_CTX_DAG_ID='2_sports_goat_run_batch' AIRFLOW_CTX_TASK_ID='ingest_batch_job' AIRFLOW_CTX_EXECUTION_DATE='2026-08-22T17:34:03.638335+00:00' AIRFLOW_CTX_TRY_NUMBER='1' AIRFLOW_CTX_DAG_RUN_ID='manual__2026-08-22T17:34:03.638335+00:00'
[2026-08-22T17:34:08.085+0000] {subprocess.py:63} INFO - Tmp dir root location: /tmp
[2026-08-22T17:34:08.087+0000] {subprocess.py:75} INFO - Running command: ['/usr/bin/bash', '-c', 'bash /app/run_batch.sh ']
[2026-08-22T17:34:08.097+0000] {subprocess.py:86} INFO - Output:
[2026-08-22T17:34:08.109+0000] {subprocess.py:93} INFO - === Starting Spark batch processing: Sat Aug 22 17:34:08 UTC 2026 ===
[2026-08-22T17:34:10.852+0000] {subprocess.py:93} INFO - :: loading settings :: url = jar:file:/spark/jars/ivy-2.5.0.jar!/org/apache/ivy/core/settings/ivysettings.xml
[2026-08-22T17:34:10.996+0000] {subprocess.py:93} INFO - Ivy Default Cache set to: /root/.ivy2/cache
[2026-08-22T17:34:10.997+0000] {subprocess.py:93} INFO - The jars for the packages stored in: /root/.ivy2/jars
[2026-08-22T17:34:11.003+0000] {subprocess.py:93} INFO - org.postgresql#postgresql added as a dependency
[2026-08-22T17:34:11.006+0000] {subprocess.py:93} INFO - :: resolving dependencies :: org.apache.spark#spark-submit-parent-d51d91ac-16c6-45d9-a784-7ec0b9d71a4a;1.0
[2026-08-22T17:34:11.007+0000] {subprocess.py:93} INFO - 	confs: [default]
[2026-08-22T17:34:11.900+0000] {subprocess.py:93} INFO - 	found org.postgresql#postgresql;42.6.0 in central
[2026-08-22T17:34:12.066+0000] {subprocess.py:93} INFO - 	found org.checkerframework#checker-qual;3.31.0 in central
[2026-08-22T17:34:12.158+0000] {subprocess.py:93} INFO - downloading https://repo1.maven.org/maven2/org/postgresql/postgresql/42.6.0/postgresql-42.6.0.jar ...
[2026-08-22T17:34:12.324+0000] {subprocess.py:93} INFO - 	[SUCCESSFUL ] org.postgresql#postgresql;42.6.0!postgresql.jar (235ms)
[2026-08-22T17:34:12.358+0000] {subprocess.py:93} INFO - downloading https://repo1.maven.org/maven2/org/checkerframework/checker-qual/3.31.0/checker-qual-3.31.0.jar ...
[2026-08-22T17:34:12.413+0000] {subprocess.py:93} INFO - 	[SUCCESSFUL ] org.checkerframework#checker-qual;3.31.0!checker-qual.jar (85ms)
[2026-08-22T17:34:12.414+0000] {subprocess.py:93} INFO - :: resolution report :: resolve 1079ms :: artifacts dl 329ms
[2026-08-22T17:34:12.415+0000] {subprocess.py:93} INFO - 	:: modules in use:
[2026-08-22T17:34:12.416+0000] {subprocess.py:93} INFO - 	org.checkerframework#checker-qual;3.31.0 from central in [default]
[2026-08-22T17:34:12.417+0000] {subprocess.py:93} INFO - 	org.postgresql#postgresql;42.6.0 from central in [default]
[2026-08-22T17:34:12.418+0000] {subprocess.py:93} INFO - 	---------------------------------------------------------------------
[2026-08-22T17:34:12.418+0000] {subprocess.py:93} INFO - 	|                  |            modules            ||   artifacts   |
[2026-08-22T17:34:12.419+0000] {subprocess.py:93} INFO - 	|       conf       | number| search|dwnlded|evicted|| number|dwnlded|
[2026-08-22T17:34:12.419+0000] {subprocess.py:93} INFO - 	---------------------------------------------------------------------
[2026-08-22T17:34:12.419+0000] {subprocess.py:93} INFO - 	|      default     |   2   |   2   |   2   |   0   ||   2   |   2   |
[2026-08-22T17:34:12.420+0000] {subprocess.py:93} INFO - 	---------------------------------------------------------------------
[2026-08-22T17:34:12.423+0000] {subprocess.py:93} INFO - :: retrieving :: org.apache.spark#spark-submit-parent-d51d91ac-16c6-45d9-a784-7ec0b9d71a4a
[2026-08-22T17:34:12.423+0000] {subprocess.py:93} INFO - 	confs: [default]
[2026-08-22T17:34:12.441+0000] {subprocess.py:93} INFO - 	2 artifacts copied, 0 already retrieved (1274kB/18ms)
[2026-08-22T17:34:12.888+0000] {subprocess.py:93} INFO - 26/08/22 17:34:12 WARN NativeCodeLoader: Unable to load native-hadoop library for your platform... using builtin-java classes where applicable
[2026-08-22T17:34:13.558+0000] {subprocess.py:93} INFO - Traceback (most recent call last):
[2026-08-22T17:34:13.559+0000] {subprocess.py:93} INFO -   File "/app/batch_comments_cleanup.py", line 3, in <module>
[2026-08-22T17:34:13.559+0000] {subprocess.py:93} INFO -     from minio import Minio
[2026-08-22T17:34:13.560+0000] {subprocess.py:93} INFO - ModuleNotFoundError: No module named 'minio'
[2026-08-22T17:34:13.579+0000] {subprocess.py:93} INFO - 26/08/22 17:34:13 INFO ShutdownHookManager: Shutdown hook called
[2026-08-22T17:34:13.581+0000] {subprocess.py:93} INFO - 26/08/22 17:34:13 INFO ShutdownHookManager: Deleting directory /tmp/spark-353bf28f-50ca-4a34-a746-ccc90261038b
[2026-08-22T17:34:13.664+0000] {subprocess.py:97} INFO - Command exited with return code 1
[2026-08-22T17:34:13.681+0000] {taskinstance.py:2698} ERROR - Task failed with exception
Traceback (most recent call last):
  File "/home/airflow/.local/lib/python3.10/site-packages/airflow/models/taskinstance.py", line 433, in _execute_task
    result = execute_callable(context=context, **execute_callable_kwargs)
  File "/home/airflow/.local/lib/python3.10/site-packages/airflow/operators/bash.py", line 212, in execute
    raise AirflowException(
airflow.exceptions.AirflowException: Bash command failed. The command returned a non-zero exit code 1.
[2026-08-22T17:34:13.685+0000] {taskinstance.py:1138} INFO - Marking task as FAILED. dag_id=2_sports_goat_run_batch, task_id=ingest_batch_job, execution_date=20260822T173403, start_date=20260822T173407, end_date=20260822T173413
[2026-08-22T17:34:13.721+0000] {standard_task_runner.py:107} ERROR - Failed to execute job 27 for task ingest_batch_job (Bash command failed. The command returned a non-zero exit code 1.; 316)
[2026-08-22T17:34:13.736+0000] {local_task_job_runner.py:234} INFO - Task exited with return code 1
[2026-08-22T17:34:13.750+0000] {taskinstance.py:3280} INFO - 0 downstream tasks scheduled from follow-on schedule check
