[2026-08-22T18:05:02.919+0000] {taskinstance.py:1956} INFO - Dependencies all met for dep_context=non-requeueable deps ti=<TaskInstance: 2_sports_goat_run_batch.ingest_batch_job manual__2026-08-22T18:04:58.316213+00:00 [queued]>
[2026-08-22T18:05:02.926+0000] {taskinstance.py:1956} INFO - Dependencies all met for dep_context=requeueable deps ti=<TaskInstance: 2_sports_goat_run_batch.ingest_batch_job manual__2026-08-22T18:04:58.316213+00:00 [queued]>
[2026-08-22T18:05:02.927+0000] {taskinstance.py:2170} INFO - Starting attempt 1 of 1
[2026-08-22T18:05:02.943+0000] {taskinstance.py:2191} INFO - Executing <Task(BashOperator): ingest_batch_job> on 2026-08-22 18:04:58.316213+00:00
[2026-08-22T18:05:02.954+0000] {standard_task_runner.py:60} INFO - Started process 439 to run task
[2026-08-22T18:05:02.970+0000] {standard_task_runner.py:87} INFO - Running: ['airflow', 'tasks', 'run', '2_sports_goat_run_batch', 'ingest_batch_job', 'manual__2026-08-22T18:04:58.316213+00:00', '--job-id', '31', '--raw', '--subdir', 'DAGS_FOLDER/sports_goat_pipeline.py', '--cfg-path', '/tmp/tmp4gseli7w']
[2026-08-22T18:05:02.976+0000] {standard_task_runner.py:88} INFO - Job 31: Subtask ingest_batch_job
[2026-08-22T18:05:03.028+0000] {task_command.py:423} INFO - Running <TaskInstance: 2_sports_goat_run_batch.ingest_batch_job manual__2026-08-22T18:04:58.316213+00:00 [running]> on host f1d6d21e9aa6
[2026-08-22T18:05:03.090+0000] {taskinstance.py:2480} INFO - Exporting env vars: AIRFLOW_CTX_DAG_OWNER='branislav' AIRFLOW_CTX_DAG_ID='2_sports_goat_run_batch' AIRFLOW_CTX_TASK_ID='ingest_batch_job' AIRFLOW_CTX_EXECUTION_DATE='2026-08-22T18:04:58.316213+00:00' AIRFLOW_CTX_TRY_NUMBER='1' AIRFLOW_CTX_DAG_RUN_ID='manual__2026-08-22T18:04:58.316213+00:00'
[2026-08-22T18:05:03.091+0000] {subprocess.py:63} INFO - Tmp dir root location: /tmp
[2026-08-22T18:05:03.093+0000] {subprocess.py:75} INFO - Running command: ['/usr/bin/bash', '-c', 'bash /app/run_batch.sh ']
[2026-08-22T18:05:03.110+0000] {subprocess.py:86} INFO - Output:
[2026-08-22T18:05:03.120+0000] {subprocess.py:93} INFO - === Starting Spark batch processing: Sat Aug 22 18:05:03 UTC 2026 ===
[2026-08-22T18:05:06.063+0000] {subprocess.py:93} INFO - :: loading settings :: url = jar:file:/spark/jars/ivy-2.5.0.jar!/org/apache/ivy/core/settings/ivysettings.xml
[2026-08-22T18:05:06.158+0000] {subprocess.py:93} INFO - Ivy Default Cache set to: /root/.ivy2/cache
[2026-08-22T18:05:06.159+0000] {subprocess.py:93} INFO - The jars for the packages stored in: /root/.ivy2/jars
[2026-08-22T18:05:06.166+0000] {subprocess.py:93} INFO - org.postgresql#postgresql added as a dependency
[2026-08-22T18:05:06.168+0000] {subprocess.py:93} INFO - :: resolving dependencies :: org.apache.spark#spark-submit-parent-1aee0ab1-3995-4583-a148-1d57b18284de;1.0
[2026-08-22T18:05:06.169+0000] {subprocess.py:93} INFO - 	confs: [default]
[2026-08-22T18:05:06.318+0000] {subprocess.py:93} INFO - 	found org.postgresql#postgresql;42.6.0 in central
[2026-08-22T18:05:06.348+0000] {subprocess.py:93} INFO - 	found org.checkerframework#checker-qual;3.31.0 in central
[2026-08-22T18:05:06.371+0000] {subprocess.py:93} INFO - :: resolution report :: resolve 197ms :: artifacts dl 6ms
[2026-08-22T18:05:06.371+0000] {subprocess.py:93} INFO - 	:: modules in use:
[2026-08-22T18:05:06.372+0000] {subprocess.py:93} INFO - 	org.checkerframework#checker-qual;3.31.0 from central in [default]
[2026-08-22T18:05:06.372+0000] {subprocess.py:93} INFO - 	org.postgresql#postgresql;42.6.0 from central in [default]
[2026-08-22T18:05:06.373+0000] {subprocess.py:93} INFO - 	---------------------------------------------------------------------
[2026-08-22T18:05:06.374+0000] {subprocess.py:93} INFO - 	|                  |            modules            ||   artifacts   |
[2026-08-22T18:05:06.375+0000] {subprocess.py:93} INFO - 	|       conf       | number| search|dwnlded|evicted|| number|dwnlded|
[2026-08-22T18:05:06.375+0000] {subprocess.py:93} INFO - 	---------------------------------------------------------------------
[2026-08-22T18:05:06.376+0000] {subprocess.py:93} INFO - 	|      default     |   2   |   0   |   0   |   0   ||   2   |   0   |
[2026-08-22T18:05:06.377+0000] {subprocess.py:93} INFO - 	---------------------------------------------------------------------
[2026-08-22T18:05:06.380+0000] {subprocess.py:93} INFO - :: retrieving :: org.apache.spark#spark-submit-parent-1aee0ab1-3995-4583-a148-1d57b18284de
[2026-08-22T18:05:06.381+0000] {subprocess.py:93} INFO - 	confs: [default]
[2026-08-22T18:05:06.388+0000] {subprocess.py:93} INFO - 	0 artifacts copied, 2 already retrieved (0kB/8ms)
[2026-08-22T18:05:06.949+0000] {subprocess.py:93} INFO - 26/08/22 18:05:06 WARN NativeCodeLoader: Unable to load native-hadoop library for your platform... using builtin-java classes where applicable
[2026-08-22T18:05:08.165+0000] {subprocess.py:93} INFO - Connecting to MinIO at minio:9000...
[2026-08-22T18:05:08.192+0000] {subprocess.py:93} INFO - Scanning bucket 'football-goat-comments-raw' under prefix ''...
[2026-08-22T18:05:08.206+0000] {subprocess.py:93} INFO - No .parquet files found in bucket 'football-goat-comments-raw' with prefix ''.
[2026-08-22T18:05:08.252+0000] {subprocess.py:93} INFO - 26/08/22 18:05:08 INFO ShutdownHookManager: Shutdown hook called
[2026-08-22T18:05:08.254+0000] {subprocess.py:93} INFO - 26/08/22 18:05:08 INFO ShutdownHookManager: Deleting directory /tmp/spark-f5469471-4f83-47a7-8a71-30b97ab56870
[2026-08-22T18:05:08.322+0000] {subprocess.py:93} INFO - === Processing finished successfully: Sat Aug 22 18:05:08 UTC 2026 ===
[2026-08-22T18:05:08.323+0000] {subprocess.py:97} INFO - Command exited with return code 0
[2026-08-22T18:05:08.350+0000] {taskinstance.py:1138} INFO - Marking task as SUCCESS. dag_id=2_sports_goat_run_batch, task_id=ingest_batch_job, execution_date=20260822T180458, start_date=20260822T180502, end_date=20260822T180508
[2026-08-22T18:05:08.372+0000] {local_task_job_runner.py:234} INFO - Task exited with return code 0
[2026-08-22T18:05:08.381+0000] {taskinstance.py:3280} INFO - 0 downstream tasks scheduled from follow-on schedule check
