[2026-08-22T18:00:04.374+0000] {taskinstance.py:1956} INFO - Dependencies all met for dep_context=non-requeueable deps ti=<TaskInstance: 2_sports_goat_run_batch.ingest_batch_job scheduled__2026-08-21T18:00:00+00:00 [queued]>
[2026-08-22T18:00:04.381+0000] {taskinstance.py:1956} INFO - Dependencies all met for dep_context=requeueable deps ti=<TaskInstance: 2_sports_goat_run_batch.ingest_batch_job scheduled__2026-08-21T18:00:00+00:00 [queued]>
[2026-08-22T18:00:04.382+0000] {taskinstance.py:2170} INFO - Starting attempt 1 of 1
[2026-08-22T18:00:04.399+0000] {taskinstance.py:2191} INFO - Executing <Task(BashOperator): ingest_batch_job> on 2026-08-21 18:00:00+00:00
[2026-08-22T18:00:04.407+0000] {standard_task_runner.py:60} INFO - Started process 411 to run task
[2026-08-22T18:00:04.411+0000] {standard_task_runner.py:87} INFO - Running: ['airflow', 'tasks', 'run', '2_sports_goat_run_batch', 'ingest_batch_job', 'scheduled__2026-08-21T18:00:00+00:00', '--job-id', '30', '--raw', '--subdir', 'DAGS_FOLDER/sports_goat_pipeline.py', '--cfg-path', '/tmp/tmprirvoqq2']
[2026-08-22T18:00:04.414+0000] {standard_task_runner.py:88} INFO - Job 30: Subtask ingest_batch_job
[2026-08-22T18:00:04.459+0000] {task_command.py:423} INFO - Running <TaskInstance: 2_sports_goat_run_batch.ingest_batch_job scheduled__2026-08-21T18:00:00+00:00 [running]> on host f1d6d21e9aa6
[2026-08-22T18:00:04.529+0000] {taskinstance.py:2480} INFO - Exporting env vars: AIRFLOW_CTX_DAG_OWNER='branislav' AIRFLOW_CTX_DAG_ID='2_sports_goat_run_batch' AIRFLOW_CTX_TASK_ID='ingest_batch_job' AIRFLOW_CTX_EXECUTION_DATE='2026-08-21T18:00:00+00:00' AIRFLOW_CTX_TRY_NUMBER='1' AIRFLOW_CTX_DAG_RUN_ID='scheduled__2026-08-21T18:00:00+00:00'
[2026-08-22T18:00:04.530+0000] {subprocess.py:63} INFO - Tmp dir root location: /tmp
[2026-08-22T18:00:04.532+0000] {subprocess.py:75} INFO - Running command: ['/usr/bin/bash', '-c', 'bash /app/run_batch.sh ']
[2026-08-22T18:00:04.548+0000] {subprocess.py:86} INFO - Output:
[2026-08-22T18:00:04.563+0000] {subprocess.py:93} INFO - === Starting Spark batch processing: Sat Aug 22 18:00:04 UTC 2026 ===
[2026-08-22T18:00:07.990+0000] {subprocess.py:93} INFO - :: loading settings :: url = jar:file:/spark/jars/ivy-2.5.0.jar!/org/apache/ivy/core/settings/ivysettings.xml
[2026-08-22T18:00:08.107+0000] {subprocess.py:93} INFO - Ivy Default Cache set to: /root/.ivy2/cache
[2026-08-22T18:00:08.107+0000] {subprocess.py:93} INFO - The jars for the packages stored in: /root/.ivy2/jars
[2026-08-22T18:00:08.115+0000] {subprocess.py:93} INFO - org.postgresql#postgresql added as a dependency
[2026-08-22T18:00:08.116+0000] {subprocess.py:93} INFO - :: resolving dependencies :: org.apache.spark#spark-submit-parent-f2e0b72c-6e03-4066-bc03-8c4fd8b2f01d;1.0
[2026-08-22T18:00:08.117+0000] {subprocess.py:93} INFO - 	confs: [default]
[2026-08-22T18:00:08.285+0000] {subprocess.py:93} INFO - 	found org.postgresql#postgresql;42.6.0 in central
[2026-08-22T18:00:08.310+0000] {subprocess.py:93} INFO - 	found org.checkerframework#checker-qual;3.31.0 in central
[2026-08-22T18:00:08.332+0000] {subprocess.py:93} INFO - :: resolution report :: resolve 210ms :: artifacts dl 6ms
[2026-08-22T18:00:08.334+0000] {subprocess.py:93} INFO - 	:: modules in use:
[2026-08-22T18:00:08.334+0000] {subprocess.py:93} INFO - 	org.checkerframework#checker-qual;3.31.0 from central in [default]
[2026-08-22T18:00:08.335+0000] {subprocess.py:93} INFO - 	org.postgresql#postgresql;42.6.0 from central in [default]
[2026-08-22T18:00:08.336+0000] {subprocess.py:93} INFO - 	---------------------------------------------------------------------
[2026-08-22T18:00:08.336+0000] {subprocess.py:93} INFO - 	|                  |            modules            ||   artifacts   |
[2026-08-22T18:00:08.336+0000] {subprocess.py:93} INFO - 	|       conf       | number| search|dwnlded|evicted|| number|dwnlded|
[2026-08-22T18:00:08.337+0000] {subprocess.py:93} INFO - 	---------------------------------------------------------------------
[2026-08-22T18:00:08.337+0000] {subprocess.py:93} INFO - 	|      default     |   2   |   0   |   0   |   0   ||   2   |   0   |
[2026-08-22T18:00:08.338+0000] {subprocess.py:93} INFO - 	---------------------------------------------------------------------
[2026-08-22T18:00:08.339+0000] {subprocess.py:93} INFO - :: retrieving :: org.apache.spark#spark-submit-parent-f2e0b72c-6e03-4066-bc03-8c4fd8b2f01d
[2026-08-22T18:00:08.340+0000] {subprocess.py:93} INFO - 	confs: [default]
[2026-08-22T18:00:08.346+0000] {subprocess.py:93} INFO - 	0 artifacts copied, 2 already retrieved (0kB/7ms)
[2026-08-22T18:00:08.904+0000] {subprocess.py:93} INFO - 26/08/22 18:00:08 WARN NativeCodeLoader: Unable to load native-hadoop library for your platform... using builtin-java classes where applicable
[2026-08-22T18:00:09.488+0000] {subprocess.py:93} INFO - Traceback (most recent call last):
[2026-08-22T18:00:09.488+0000] {subprocess.py:93} INFO -   File "/app/batch_comments_cleanup.py", line 4, in <module>
[2026-08-22T18:00:09.489+0000] {subprocess.py:93} INFO -     from minio.error import S3Error
[2026-08-22T18:00:09.490+0000] {subprocess.py:93} INFO - ImportError: cannot import name 'S3Error' from 'minio.error' (/usr/lib/python3.7/site-packages/minio/error.py)
[2026-08-22T18:00:09.512+0000] {subprocess.py:93} INFO - 26/08/22 18:00:09 INFO ShutdownHookManager: Shutdown hook called
[2026-08-22T18:00:09.514+0000] {subprocess.py:93} INFO - 26/08/22 18:00:09 INFO ShutdownHookManager: Deleting directory /tmp/spark-386fcc49-0b71-4fa3-87c2-2bcbc289b54e
[2026-08-22T18:00:09.578+0000] {subprocess.py:97} INFO - Command exited with return code 1
[2026-08-22T18:00:09.593+0000] {taskinstance.py:2698} ERROR - Task failed with exception
Traceback (most recent call last):
  File "/home/airflow/.local/lib/python3.10/site-packages/airflow/models/taskinstance.py", line 433, in _execute_task
    result = execute_callable(context=context, **execute_callable_kwargs)
  File "/home/airflow/.local/lib/python3.10/site-packages/airflow/operators/bash.py", line 212, in execute
    raise AirflowException(
airflow.exceptions.AirflowException: Bash command failed. The command returned a non-zero exit code 1.
[2026-08-22T18:00:09.603+0000] {taskinstance.py:1138} INFO - Marking task as FAILED. dag_id=2_sports_goat_run_batch, task_id=ingest_batch_job, execution_date=20260821T180000, start_date=20260822T180004, end_date=20260822T180009
[2026-08-22T18:00:09.628+0000] {standard_task_runner.py:107} ERROR - Failed to execute job 30 for task ingest_batch_job (Bash command failed. The command returned a non-zero exit code 1.; 411)
[2026-08-22T18:00:09.682+0000] {local_task_job_runner.py:234} INFO - Task exited with return code 1
[2026-08-22T18:00:09.708+0000] {taskinstance.py:3280} INFO - 0 downstream tasks scheduled from follow-on schedule check
