[2026-08-23T00:00:14.150+0000] {processor.py:161} INFO - Started process (PID=1103) to work on /opt/airflow/dags/sports_goat_pipeline.py
[2026-08-23T00:00:14.152+0000] {processor.py:830} INFO - Processing file /opt/airflow/dags/sports_goat_pipeline.py for tasks to queue
[2026-08-23T00:00:14.155+0000] {logging_mixin.py:188} INFO - [2026-08-23T00:00:14.154+0000] {dagbag.py:538} INFO - Filling up the DagBag from /opt/airflow/dags/sports_goat_pipeline.py
[2026-08-23T00:00:14.170+0000] {processor.py:840} INFO - DAG(s) '1_sports_goat_raw_to_clean', '2_sports_goat_run_batch' retrieved from /opt/airflow/dags/sports_goat_pipeline.py
[2026-08-23T00:00:14.201+0000] {logging_mixin.py:188} INFO - [2026-08-23T00:00:14.201+0000] {dag.py:3036} INFO - Sync 2 DAGs
[2026-08-23T00:00:14.224+0000] {logging_mixin.py:188} INFO - [2026-08-23T00:00:14.223+0000] {dag.py:3823} INFO - Setting next_dagrun for 1_sports_goat_raw_to_clean to 2026-08-22 17:45:00+00:00, run_after=2026-08-23 17:45:00+00:00
[2026-08-23T00:00:14.229+0000] {logging_mixin.py:188} INFO - [2026-08-23T00:00:14.229+0000] {dag.py:3823} INFO - Setting next_dagrun for 2_sports_goat_run_batch to 2026-08-22 18:00:00+00:00, run_after=2026-08-23 18:00:00+00:00
[2026-08-23T00:00:14.255+0000] {processor.py:183} INFO - Processing /opt/airflow/dags/sports_goat_pipeline.py took 0.111 seconds
[2026-08-23T00:00:44.440+0000] {processor.py:161} INFO - Started process (PID=1104) to work on /opt/airflow/dags/sports_goat_pipeline.py
[2026-08-23T00:00:44.442+0000] {processor.py:830} INFO - Processing file /opt/airflow/dags/sports_goat_pipeline.py for tasks to queue
[2026-08-23T00:00:44.444+0000] {logging_mixin.py:188} INFO - [2026-08-23T00:00:44.443+0000] {dagbag.py:538} INFO - Filling up the DagBag from /opt/airflow/dags/sports_goat_pipeline.py
[2026-08-23T00:00:44.459+0000] {processor.py:840} INFO - DAG(s) '2_sports_goat_run_batch', '1_sports_goat_raw_to_clean' retrieved from /opt/airflow/dags/sports_goat_pipeline.py
[2026-08-23T00:00:44.506+0000] {logging_mixin.py:188} INFO - [2026-08-23T00:00:44.505+0000] {dag.py:3036} INFO - Sync 2 DAGs
[2026-08-23T00:00:44.535+0000] {logging_mixin.py:188} INFO - [2026-08-23T00:00:44.535+0000] {dag.py:3823} INFO - Setting next_dagrun for 1_sports_goat_raw_to_clean to 2026-08-22 17:45:00+00:00, run_after=2026-08-23 17:45:00+00:00
[2026-08-23T00:00:44.542+0000] {logging_mixin.py:188} INFO - [2026-08-23T00:00:44.541+0000] {dag.py:3823} INFO - Setting next_dagrun for 2_sports_goat_run_batch to 2026-08-22 18:00:00+00:00, run_after=2026-08-23 18:00:00+00:00
[2026-08-23T00:00:44.577+0000] {processor.py:183} INFO - Processing /opt/airflow/dags/sports_goat_pipeline.py took 0.142 seconds
[2026-08-23T00:01:14.765+0000] {processor.py:161} INFO - Started process (PID=1105) to work on /opt/airflow/dags/sports_goat_pipeline.py
[2026-08-23T00:01:14.767+0000] {processor.py:830} INFO - Processing file /opt/airflow/dags/sports_goat_pipeline.py for tasks to queue
[2026-08-23T00:01:14.769+0000] {logging_mixin.py:188} INFO - [2026-08-23T00:01:14.768+0000] {dagbag.py:538} INFO - Filling up the DagBag from /opt/airflow/dags/sports_goat_pipeline.py
[2026-08-23T00:01:14.780+0000] {processor.py:840} INFO - DAG(s) '2_sports_goat_run_batch', '1_sports_goat_raw_to_clean' retrieved from /opt/airflow/dags/sports_goat_pipeline.py
[2026-08-23T00:01:14.811+0000] {logging_mixin.py:188} INFO - [2026-08-23T00:01:14.811+0000] {dag.py:3036} INFO - Sync 2 DAGs
[2026-08-23T00:01:14.832+0000] {logging_mixin.py:188} INFO - [2026-08-23T00:01:14.832+0000] {dag.py:3823} INFO - Setting next_dagrun for 1_sports_goat_raw_to_clean to 2026-08-22 17:45:00+00:00, run_after=2026-08-23 17:45:00+00:00
[2026-08-23T00:01:14.838+0000] {logging_mixin.py:188} INFO - [2026-08-23T00:01:14.837+0000] {dag.py:3823} INFO - Setting next_dagrun for 2_sports_goat_run_batch to 2026-08-22 18:00:00+00:00, run_after=2026-08-23 18:00:00+00:00
[2026-08-23T00:01:14.862+0000] {processor.py:183} INFO - Processing /opt/airflow/dags/sports_goat_pipeline.py took 0.102 seconds
[2026-08-23T00:01:45.062+0000] {processor.py:161} INFO - Started process (PID=1106) to work on /opt/airflow/dags/sports_goat_pipeline.py
[2026-08-23T00:01:45.065+0000] {processor.py:830} INFO - Processing file /opt/airflow/dags/sports_goat_pipeline.py for tasks to queue
[2026-08-23T00:01:45.066+0000] {logging_mixin.py:188} INFO - [2026-08-23T00:01:45.065+0000] {dagbag.py:538} INFO - Filling up the DagBag from /opt/airflow/dags/sports_goat_pipeline.py
[2026-08-23T00:01:45.076+0000] {processor.py:840} INFO - DAG(s) '2_sports_goat_run_batch', '1_sports_goat_raw_to_clean' retrieved from /opt/airflow/dags/sports_goat_pipeline.py
[2026-08-23T00:01:45.108+0000] {logging_mixin.py:188} INFO - [2026-08-23T00:01:45.107+0000] {dag.py:3036} INFO - Sync 2 DAGs
[2026-08-23T00:01:45.132+0000] {logging_mixin.py:188} INFO - [2026-08-23T00:01:45.132+0000] {dag.py:3823} INFO - Setting next_dagrun for 1_sports_goat_raw_to_clean to 2026-08-22 17:45:00+00:00, run_after=2026-08-23 17:45:00+00:00
[2026-08-23T00:01:45.140+0000] {logging_mixin.py:188} INFO - [2026-08-23T00:01:45.140+0000] {dag.py:3823} INFO - Setting next_dagrun for 2_sports_goat_run_batch to 2026-08-22 18:00:00+00:00, run_after=2026-08-23 18:00:00+00:00
[2026-08-23T00:01:45.164+0000] {processor.py:183} INFO - Processing /opt/airflow/dags/sports_goat_pipeline.py took 0.106 seconds
[2026-08-23T00:02:15.382+0000] {processor.py:161} INFO - Started process (PID=1107) to work on /opt/airflow/dags/sports_goat_pipeline.py
[2026-08-23T00:02:15.383+0000] {processor.py:830} INFO - Processing file /opt/airflow/dags/sports_goat_pipeline.py for tasks to queue
[2026-08-23T00:02:15.385+0000] {logging_mixin.py:188} INFO - [2026-08-23T00:02:15.384+0000] {dagbag.py:538} INFO - Filling up the DagBag from /opt/airflow/dags/sports_goat_pipeline.py
[2026-08-23T00:02:15.396+0000] {processor.py:840} INFO - DAG(s) '1_sports_goat_raw_to_clean', '2_sports_goat_run_batch' retrieved from /opt/airflow/dags/sports_goat_pipeline.py
[2026-08-23T00:02:15.430+0000] {logging_mixin.py:188} INFO - [2026-08-23T00:02:15.430+0000] {dag.py:3036} INFO - Sync 2 DAGs
[2026-08-23T00:02:15.457+0000] {logging_mixin.py:188} INFO - [2026-08-23T00:02:15.457+0000] {dag.py:3823} INFO - Setting next_dagrun for 1_sports_goat_raw_to_clean to 2026-08-22 17:45:00+00:00, run_after=2026-08-23 17:45:00+00:00
[2026-08-23T00:02:15.464+0000] {logging_mixin.py:188} INFO - [2026-08-23T00:02:15.464+0000] {dag.py:3823} INFO - Setting next_dagrun for 2_sports_goat_run_batch to 2026-08-22 18:00:00+00:00, run_after=2026-08-23 18:00:00+00:00
[2026-08-23T00:02:15.485+0000] {processor.py:183} INFO - Processing /opt/airflow/dags/sports_goat_pipeline.py took 0.107 seconds
[2026-08-23T00:02:45.717+0000] {processor.py:161} INFO - Started process (PID=1108) to work on /opt/airflow/dags/sports_goat_pipeline.py
[2026-08-23T00:02:45.719+0000] {processor.py:830} INFO - Processing file /opt/airflow/dags/sports_goat_pipeline.py for tasks to queue
[2026-08-23T00:02:45.721+0000] {logging_mixin.py:188} INFO - [2026-08-23T00:02:45.720+0000] {dagbag.py:538} INFO - Filling up the DagBag from /opt/airflow/dags/sports_goat_pipeline.py
[2026-08-23T00:02:45.735+0000] {processor.py:840} INFO - DAG(s) '2_sports_goat_run_batch', '1_sports_goat_raw_to_clean' retrieved from /opt/airflow/dags/sports_goat_pipeline.py
[2026-08-23T00:02:45.772+0000] {logging_mixin.py:188} INFO - [2026-08-23T00:02:45.772+0000] {dag.py:3036} INFO - Sync 2 DAGs
[2026-08-23T00:02:45.799+0000] {logging_mixin.py:188} INFO - [2026-08-23T00:02:45.798+0000] {dag.py:3823} INFO - Setting next_dagrun for 1_sports_goat_raw_to_clean to 2026-08-22 17:45:00+00:00, run_after=2026-08-23 17:45:00+00:00
[2026-08-23T00:02:45.805+0000] {logging_mixin.py:188} INFO - [2026-08-23T00:02:45.804+0000] {dag.py:3823} INFO - Setting next_dagrun for 2_sports_goat_run_batch to 2026-08-22 18:00:00+00:00, run_after=2026-08-23 18:00:00+00:00
[2026-08-23T00:02:45.839+0000] {processor.py:183} INFO - Processing /opt/airflow/dags/sports_goat_pipeline.py took 0.126 seconds
[2026-08-23T00:03:16.024+0000] {processor.py:161} INFO - Started process (PID=1109) to work on /opt/airflow/dags/sports_goat_pipeline.py
[2026-08-23T00:03:16.026+0000] {processor.py:830} INFO - Processing file /opt/airflow/dags/sports_goat_pipeline.py for tasks to queue
[2026-08-23T00:03:16.027+0000] {logging_mixin.py:188} INFO - [2026-08-23T00:03:16.027+0000] {dagbag.py:538} INFO - Filling up the DagBag from /opt/airflow/dags/sports_goat_pipeline.py
[2026-08-23T00:03:16.038+0000] {processor.py:840} INFO - DAG(s) '1_sports_goat_raw_to_clean', '2_sports_goat_run_batch' retrieved from /opt/airflow/dags/sports_goat_pipeline.py
[2026-08-23T00:03:16.070+0000] {logging_mixin.py:188} INFO - [2026-08-23T00:03:16.069+0000] {dag.py:3036} INFO - Sync 2 DAGs
[2026-08-23T00:03:16.093+0000] {logging_mixin.py:188} INFO - [2026-08-23T00:03:16.093+0000] {dag.py:3823} INFO - Setting next_dagrun for 1_sports_goat_raw_to_clean to 2026-08-22 17:45:00+00:00, run_after=2026-08-23 17:45:00+00:00
[2026-08-23T00:03:16.098+0000] {logging_mixin.py:188} INFO - [2026-08-23T00:03:16.098+0000] {dag.py:3823} INFO - Setting next_dagrun for 2_sports_goat_run_batch to 2026-08-22 18:00:00+00:00, run_after=2026-08-23 18:00:00+00:00
[2026-08-23T00:03:16.131+0000] {processor.py:183} INFO - Processing /opt/airflow/dags/sports_goat_pipeline.py took 0.114 seconds
[2026-08-23T00:03:46.342+0000] {processor.py:161} INFO - Started process (PID=1110) to work on /opt/airflow/dags/sports_goat_pipeline.py
[2026-08-23T00:03:46.343+0000] {processor.py:830} INFO - Processing file /opt/airflow/dags/sports_goat_pipeline.py for tasks to queue
[2026-08-23T00:03:46.345+0000] {logging_mixin.py:188} INFO - [2026-08-23T00:03:46.344+0000] {dagbag.py:538} INFO - Filling up the DagBag from /opt/airflow/dags/sports_goat_pipeline.py
[2026-08-23T00:03:46.354+0000] {processor.py:840} INFO - DAG(s) '2_sports_goat_run_batch', '1_sports_goat_raw_to_clean' retrieved from /opt/airflow/dags/sports_goat_pipeline.py
[2026-08-23T00:03:46.385+0000] {logging_mixin.py:188} INFO - [2026-08-23T00:03:46.385+0000] {dag.py:3036} INFO - Sync 2 DAGs
[2026-08-23T00:03:46.407+0000] {logging_mixin.py:188} INFO - [2026-08-23T00:03:46.407+0000] {dag.py:3823} INFO - Setting next_dagrun for 1_sports_goat_raw_to_clean to 2026-08-22 17:45:00+00:00, run_after=2026-08-23 17:45:00+00:00
[2026-08-23T00:03:46.413+0000] {logging_mixin.py:188} INFO - [2026-08-23T00:03:46.413+0000] {dag.py:3823} INFO - Setting next_dagrun for 2_sports_goat_run_batch to 2026-08-22 18:00:00+00:00, run_after=2026-08-23 18:00:00+00:00
[2026-08-23T00:03:46.438+0000] {processor.py:183} INFO - Processing /opt/airflow/dags/sports_goat_pipeline.py took 0.101 seconds
[2026-08-23T00:04:16.655+0000] {processor.py:161} INFO - Started process (PID=1111) to work on /opt/airflow/dags/sports_goat_pipeline.py
[2026-08-23T00:04:16.657+0000] {processor.py:830} INFO - Processing file /opt/airflow/dags/sports_goat_pipeline.py for tasks to queue
[2026-08-23T00:04:16.659+0000] {logging_mixin.py:188} INFO - [2026-08-23T00:04:16.658+0000] {dagbag.py:538} INFO - Filling up the DagBag from /opt/airflow/dags/sports_goat_pipeline.py
[2026-08-23T00:04:16.671+0000] {processor.py:840} INFO - DAG(s) '1_sports_goat_raw_to_clean', '2_sports_goat_run_batch' retrieved from /opt/airflow/dags/sports_goat_pipeline.py
[2026-08-23T00:04:16.708+0000] {logging_mixin.py:188} INFO - [2026-08-23T00:04:16.707+0000] {dag.py:3036} INFO - Sync 2 DAGs
[2026-08-23T00:04:16.739+0000] {logging_mixin.py:188} INFO - [2026-08-23T00:04:16.738+0000] {dag.py:3823} INFO - Setting next_dagrun for 1_sports_goat_raw_to_clean to 2026-08-22 17:45:00+00:00, run_after=2026-08-23 17:45:00+00:00
[2026-08-23T00:04:16.746+0000] {logging_mixin.py:188} INFO - [2026-08-23T00:04:16.746+0000] {dag.py:3823} INFO - Setting next_dagrun for 2_sports_goat_run_batch to 2026-08-22 18:00:00+00:00, run_after=2026-08-23 18:00:00+00:00
[2026-08-23T00:04:16.773+0000] {processor.py:183} INFO - Processing /opt/airflow/dags/sports_goat_pipeline.py took 0.122 seconds
[2026-08-23T00:04:46.966+0000] {processor.py:161} INFO - Started process (PID=1112) to work on /opt/airflow/dags/sports_goat_pipeline.py
[2026-08-23T00:04:46.968+0000] {processor.py:830} INFO - Processing file /opt/airflow/dags/sports_goat_pipeline.py for tasks to queue
[2026-08-23T00:04:46.970+0000] {logging_mixin.py:188} INFO - [2026-08-23T00:04:46.969+0000] {dagbag.py:538} INFO - Filling up the DagBag from /opt/airflow/dags/sports_goat_pipeline.py
[2026-08-23T00:04:46.983+0000] {processor.py:840} INFO - DAG(s) '1_sports_goat_raw_to_clean', '2_sports_goat_run_batch' retrieved from /opt/airflow/dags/sports_goat_pipeline.py
[2026-08-23T00:04:47.019+0000] {logging_mixin.py:188} INFO - [2026-08-23T00:04:47.019+0000] {dag.py:3036} INFO - Sync 2 DAGs
[2026-08-23T00:04:47.047+0000] {logging_mixin.py:188} INFO - [2026-08-23T00:04:47.046+0000] {dag.py:3823} INFO - Setting next_dagrun for 1_sports_goat_raw_to_clean to 2026-08-22 17:45:00+00:00, run_after=2026-08-23 17:45:00+00:00
[2026-08-23T00:04:47.053+0000] {logging_mixin.py:188} INFO - [2026-08-23T00:04:47.053+0000] {dag.py:3823} INFO - Setting next_dagrun for 2_sports_goat_run_batch to 2026-08-22 18:00:00+00:00, run_after=2026-08-23 18:00:00+00:00
[2026-08-23T00:04:47.077+0000] {processor.py:183} INFO - Processing /opt/airflow/dags/sports_goat_pipeline.py took 0.115 seconds
