[2026-08-22T18:20:45.843+0000] {taskinstance.py:1956} INFO - Dependencies all met for dep_context=non-requeueable deps ti=<TaskInstance: 2_sports_goat_run_batch.ingest_batch_job manual__2026-08-22T18:20:40.701915+00:00 [queued]>
[2026-08-22T18:20:45.850+0000] {taskinstance.py:1956} INFO - Dependencies all met for dep_context=requeueable deps ti=<TaskInstance: 2_sports_goat_run_batch.ingest_batch_job manual__2026-08-22T18:20:40.701915+00:00 [queued]>
[2026-08-22T18:20:45.851+0000] {taskinstance.py:2170} INFO - Starting attempt 1 of 1
[2026-08-22T18:20:45.871+0000] {taskinstance.py:2191} INFO - Executing <Task(BashOperator): ingest_batch_job> on 2026-08-22 18:20:40.701915+00:00
[2026-08-22T18:20:45.887+0000] {standard_task_runner.py:60} INFO - Started process 490 to run task
[2026-08-22T18:20:45.893+0000] {standard_task_runner.py:87} INFO - Running: ['airflow', 'tasks', 'run', '2_sports_goat_run_batch', 'ingest_batch_job', 'manual__2026-08-22T18:20:40.701915+00:00', '--job-id', '32', '--raw', '--subdir', 'DAGS_FOLDER/sports_goat_pipeline.py', '--cfg-path', '/tmp/tmpsdwjlebd']
[2026-08-22T18:20:45.899+0000] {standard_task_runner.py:88} INFO - Job 32: Subtask ingest_batch_job
[2026-08-22T18:20:45.996+0000] {task_command.py:423} INFO - Running <TaskInstance: 2_sports_goat_run_batch.ingest_batch_job manual__2026-08-22T18:20:40.701915+00:00 [running]> on host f1d6d21e9aa6
[2026-08-22T18:20:46.117+0000] {taskinstance.py:2480} INFO - Exporting env vars: AIRFLOW_CTX_DAG_OWNER='branislav' AIRFLOW_CTX_DAG_ID='2_sports_goat_run_batch' AIRFLOW_CTX_TASK_ID='ingest_batch_job' AIRFLOW_CTX_EXECUTION_DATE='2026-08-22T18:20:40.701915+00:00' AIRFLOW_CTX_TRY_NUMBER='1' AIRFLOW_CTX_DAG_RUN_ID='manual__2026-08-22T18:20:40.701915+00:00'
[2026-08-22T18:20:46.119+0000] {subprocess.py:63} INFO - Tmp dir root location: /tmp
[2026-08-22T18:20:46.120+0000] {subprocess.py:75} INFO - Running command: ['/usr/bin/bash', '-c', 'bash /app/run_batch.sh ']
[2026-08-22T18:20:46.140+0000] {subprocess.py:86} INFO - Output:
[2026-08-22T18:20:46.156+0000] {subprocess.py:93} INFO - === Starting Spark batch processing: Sat Aug 22 18:20:46 UTC 2026 ===
[2026-08-22T18:20:50.050+0000] {subprocess.py:93} INFO - :: loading settings :: url = jar:file:/spark/jars/ivy-2.5.0.jar!/org/apache/ivy/core/settings/ivysettings.xml
[2026-08-22T18:20:50.156+0000] {subprocess.py:93} INFO - Ivy Default Cache set to: /root/.ivy2/cache
[2026-08-22T18:20:50.157+0000] {subprocess.py:93} INFO - The jars for the packages stored in: /root/.ivy2/jars
[2026-08-22T18:20:50.167+0000] {subprocess.py:93} INFO - org.postgresql#postgresql added as a dependency
[2026-08-22T18:20:50.168+0000] {subprocess.py:93} INFO - :: resolving dependencies :: org.apache.spark#spark-submit-parent-1e4912e9-3a35-479d-b676-9df9acd819ed;1.0
[2026-08-22T18:20:50.169+0000] {subprocess.py:93} INFO - 	confs: [default]
[2026-08-22T18:20:50.310+0000] {subprocess.py:93} INFO - 	found org.postgresql#postgresql;42.6.0 in central
[2026-08-22T18:20:50.338+0000] {subprocess.py:93} INFO - 	found org.checkerframework#checker-qual;3.31.0 in central
[2026-08-22T18:20:50.360+0000] {subprocess.py:93} INFO - :: resolution report :: resolve 184ms :: artifacts dl 8ms
[2026-08-22T18:20:50.360+0000] {subprocess.py:93} INFO - 	:: modules in use:
[2026-08-22T18:20:50.361+0000] {subprocess.py:93} INFO - 	org.checkerframework#checker-qual;3.31.0 from central in [default]
[2026-08-22T18:20:50.362+0000] {subprocess.py:93} INFO - 	org.postgresql#postgresql;42.6.0 from central in [default]
[2026-08-22T18:20:50.362+0000] {subprocess.py:93} INFO - 	---------------------------------------------------------------------
[2026-08-22T18:20:50.363+0000] {subprocess.py:93} INFO - 	|                  |            modules            ||   artifacts   |
[2026-08-22T18:20:50.363+0000] {subprocess.py:93} INFO - 	|       conf       | number| search|dwnlded|evicted|| number|dwnlded|
[2026-08-22T18:20:50.364+0000] {subprocess.py:93} INFO - 	---------------------------------------------------------------------
[2026-08-22T18:20:50.365+0000] {subprocess.py:93} INFO - 	|      default     |   2   |   0   |   0   |   0   ||   2   |   0   |
[2026-08-22T18:20:50.366+0000] {subprocess.py:93} INFO - 	---------------------------------------------------------------------
[2026-08-22T18:20:50.367+0000] {subprocess.py:93} INFO - :: retrieving :: org.apache.spark#spark-submit-parent-1e4912e9-3a35-479d-b676-9df9acd819ed
[2026-08-22T18:20:50.368+0000] {subprocess.py:93} INFO - 	confs: [default]
[2026-08-22T18:20:50.375+0000] {subprocess.py:93} INFO - 	0 artifacts copied, 2 already retrieved (0kB/7ms)
[2026-08-22T18:20:50.987+0000] {subprocess.py:93} INFO - 26/08/22 18:20:50 WARN NativeCodeLoader: Unable to load native-hadoop library for your platform... using builtin-java classes where applicable
[2026-08-22T18:20:52.784+0000] {subprocess.py:93} INFO - Connecting to MinIO at minio:9000...
[2026-08-22T18:20:52.819+0000] {subprocess.py:93} INFO - Scanning bucket 'football-goat-comments-raw' under prefix ''...
[2026-08-22T18:20:52.834+0000] {subprocess.py:93} INFO - Found latest file for processing: aaf9f4ac-0949-44b3-9af7-2d444107a89d
[2026-08-22T18:20:52.860+0000] {subprocess.py:93} INFO - Initializing Spark session...
[2026-08-22T18:20:53.026+0000] {subprocess.py:93} INFO - 26/08/22 18:20:53 INFO SparkContext: Running Spark version 3.3.0
[2026-08-22T18:20:53.079+0000] {subprocess.py:93} INFO - 26/08/22 18:20:53 INFO ResourceUtils: ==============================================================
[2026-08-22T18:20:53.080+0000] {subprocess.py:93} INFO - 26/08/22 18:20:53 INFO ResourceUtils: No custom resources configured for spark.driver.
[2026-08-22T18:20:53.082+0000] {subprocess.py:93} INFO - 26/08/22 18:20:53 INFO ResourceUtils: ==============================================================
[2026-08-22T18:20:53.084+0000] {subprocess.py:93} INFO - 26/08/22 18:20:53 INFO SparkContext: Submitted application: MessiVsRonaldo_Batch_Comments
[2026-08-22T18:20:53.153+0000] {subprocess.py:93} INFO - 26/08/22 18:20:53 INFO ResourceProfile: Default ResourceProfile created, executor resources: Map(cores -> name: cores, amount: 1, script: , vendor: , memory -> name: memory, amount: 1024, script: , vendor: , offHeap -> name: offHeap, amount: 0, script: , vendor: ), task resources: Map(cpus -> name: cpus, amount: 1.0)
[2026-08-22T18:20:53.193+0000] {subprocess.py:93} INFO - 26/08/22 18:20:53 INFO ResourceProfile: Limiting resource is cpu
[2026-08-22T18:20:53.194+0000] {subprocess.py:93} INFO - 26/08/22 18:20:53 INFO ResourceProfileManager: Added ResourceProfile id: 0
[2026-08-22T18:20:53.332+0000] {subprocess.py:93} INFO - 26/08/22 18:20:53 INFO SecurityManager: Changing view acls to: root
[2026-08-22T18:20:53.333+0000] {subprocess.py:93} INFO - 26/08/22 18:20:53 INFO SecurityManager: Changing modify acls to: root
[2026-08-22T18:20:53.333+0000] {subprocess.py:93} INFO - 26/08/22 18:20:53 INFO SecurityManager: Changing view acls groups to:
[2026-08-22T18:20:53.335+0000] {subprocess.py:93} INFO - 26/08/22 18:20:53 INFO SecurityManager: Changing modify acls groups to:
[2026-08-22T18:20:53.336+0000] {subprocess.py:93} INFO - 26/08/22 18:20:53 INFO SecurityManager: SecurityManager: authentication disabled; ui acls disabled; users  with view permissions: Set(root); groups with view permissions: Set(); users  with modify permissions: Set(root); groups with modify permissions: Set()
[2026-08-22T18:20:53.984+0000] {subprocess.py:93} INFO - 26/08/22 18:20:53 INFO Utils: Successfully started service 'sparkDriver' on port 46813.
[2026-08-22T18:20:54.057+0000] {subprocess.py:93} INFO - 26/08/22 18:20:54 INFO SparkEnv: Registering MapOutputTracker
[2026-08-22T18:20:54.167+0000] {subprocess.py:93} INFO - 26/08/22 18:20:54 INFO SparkEnv: Registering BlockManagerMaster
[2026-08-22T18:20:54.237+0000] {subprocess.py:93} INFO - 26/08/22 18:20:54 INFO BlockManagerMasterEndpoint: Using org.apache.spark.storage.DefaultTopologyMapper for getting topology information
[2026-08-22T18:20:54.240+0000] {subprocess.py:93} INFO - 26/08/22 18:20:54 INFO BlockManagerMasterEndpoint: BlockManagerMasterEndpoint up
[2026-08-22T18:20:54.252+0000] {subprocess.py:93} INFO - 26/08/22 18:20:54 INFO SparkEnv: Registering BlockManagerMasterHeartbeat
[2026-08-22T18:20:54.303+0000] {subprocess.py:93} INFO - 26/08/22 18:20:54 INFO DiskBlockManager: Created local directory at /tmp/blockmgr-81140d84-bcb8-4ec4-9722-4b9869b64bd3
[2026-08-22T18:20:54.379+0000] {subprocess.py:93} INFO - 26/08/22 18:20:54 INFO MemoryStore: MemoryStore started with capacity 366.3 MiB
[2026-08-22T18:20:54.466+0000] {subprocess.py:93} INFO - 26/08/22 18:20:54 INFO SparkEnv: Registering OutputCommitCoordinator
[2026-08-22T18:20:55.626+0000] {subprocess.py:93} INFO - 26/08/22 18:20:55 INFO Utils: Successfully started service 'SparkUI' on port 4040.
[2026-08-22T18:20:55.764+0000] {subprocess.py:93} INFO - 26/08/22 18:20:55 INFO SparkContext: Added JAR file:///root/.ivy2/jars/org.postgresql_postgresql-42.6.0.jar at spark://171e2e9810fc:46813/jars/org.postgresql_postgresql-42.6.0.jar with timestamp 1787422853005
[2026-08-22T18:20:55.765+0000] {subprocess.py:93} INFO - 26/08/22 18:20:55 INFO SparkContext: Added JAR file:///root/.ivy2/jars/org.checkerframework_checker-qual-3.31.0.jar at spark://171e2e9810fc:46813/jars/org.checkerframework_checker-qual-3.31.0.jar with timestamp 1787422853005
[2026-08-22T18:20:55.772+0000] {subprocess.py:93} INFO - 26/08/22 18:20:55 INFO SparkContext: Added file file:///root/.ivy2/jars/org.postgresql_postgresql-42.6.0.jar at spark://171e2e9810fc:46813/files/org.postgresql_postgresql-42.6.0.jar with timestamp 1787422853005
[2026-08-22T18:20:55.776+0000] {subprocess.py:93} INFO - 26/08/22 18:20:55 INFO Utils: Copying /root/.ivy2/jars/org.postgresql_postgresql-42.6.0.jar to /tmp/spark-f68aee27-d9d2-41a1-a340-6e93570d20c7/userFiles-33144ddc-0cae-4642-b2c6-6a617e7ed05a/org.postgresql_postgresql-42.6.0.jar
[2026-08-22T18:20:55.808+0000] {subprocess.py:93} INFO - 26/08/22 18:20:55 INFO SparkContext: Added file file:///root/.ivy2/jars/org.checkerframework_checker-qual-3.31.0.jar at spark://171e2e9810fc:46813/files/org.checkerframework_checker-qual-3.31.0.jar with timestamp 1787422853005
[2026-08-22T18:20:55.809+0000] {subprocess.py:93} INFO - 26/08/22 18:20:55 INFO Utils: Copying /root/.ivy2/jars/org.checkerframework_checker-qual-3.31.0.jar to /tmp/spark-f68aee27-d9d2-41a1-a340-6e93570d20c7/userFiles-33144ddc-0cae-4642-b2c6-6a617e7ed05a/org.checkerframework_checker-qual-3.31.0.jar
[2026-08-22T18:20:56.099+0000] {subprocess.py:93} INFO - 26/08/22 18:20:56 INFO StandaloneAppClient$ClientEndpoint: Connecting to master spark://spark-master:7077...
[2026-08-22T18:20:56.468+0000] {subprocess.py:93} INFO - 26/08/22 18:20:56 INFO TransportClientFactory: Successfully created connection to spark-master/172.20.0.6:7077 after 99 ms (0 ms spent in bootstraps)
[2026-08-22T18:20:56.890+0000] {subprocess.py:93} INFO - 26/08/22 18:20:56 INFO StandaloneSchedulerBackend: Connected to Spark cluster with app ID app-20260822182056-0001
[2026-08-22T18:20:57.001+0000] {subprocess.py:93} INFO - 26/08/22 18:20:56 INFO Utils: Successfully started service 'org.apache.spark.network.netty.NettyBlockTransferService' on port 34247.
[2026-08-22T18:20:57.001+0000] {subprocess.py:93} INFO - 26/08/22 18:20:56 INFO NettyBlockTransferService: Server created on 171e2e9810fc:34247
[2026-08-22T18:20:57.004+0000] {subprocess.py:93} INFO - 26/08/22 18:20:57 INFO BlockManager: Using org.apache.spark.storage.RandomBlockReplicationPolicy for block replication policy
[2026-08-22T18:20:57.017+0000] {subprocess.py:93} INFO - 26/08/22 18:20:57 INFO BlockManagerMaster: Registering BlockManager BlockManagerId(driver, 171e2e9810fc, 34247, None)
[2026-08-22T18:20:57.031+0000] {subprocess.py:93} INFO - 26/08/22 18:20:57 INFO BlockManagerMasterEndpoint: Registering block manager 171e2e9810fc:34247 with 366.3 MiB RAM, BlockManagerId(driver, 171e2e9810fc, 34247, None)
[2026-08-22T18:20:57.042+0000] {subprocess.py:93} INFO - 26/08/22 18:20:57 INFO BlockManagerMaster: Registered BlockManager BlockManagerId(driver, 171e2e9810fc, 34247, None)
[2026-08-22T18:20:57.047+0000] {subprocess.py:93} INFO - 26/08/22 18:20:57 INFO BlockManager: Initialized BlockManager: BlockManagerId(driver, 171e2e9810fc, 34247, None)
[2026-08-22T18:20:57.626+0000] {subprocess.py:93} INFO - 26/08/22 18:20:57 INFO StandaloneSchedulerBackend: SchedulerBackend is ready for scheduling beginning after reached minRegisteredResourcesRatio: 0.0
[2026-08-22T18:20:58.096+0000] {subprocess.py:93} INFO - 26/08/22 18:20:58 INFO SharedState: Setting hive.metastore.warehouse.dir ('null') to the value of spark.sql.warehouse.dir.
[2026-08-22T18:20:58.100+0000] {subprocess.py:93} INFO - 26/08/22 18:20:58 INFO SharedState: Warehouse path is 'file:/spark-warehouse'.
[2026-08-22T18:21:00.576+0000] {subprocess.py:93} INFO - 26/08/22 18:21:00 INFO InMemoryFileIndex: It took 85 ms to list leaf files for 1 paths.
[2026-08-22T18:21:02.190+0000] {subprocess.py:93} INFO - 26/08/22 18:21:02 INFO SparkContext: Starting job: parquet at NativeMethodAccessorImpl.java:0
[2026-08-22T18:21:02.219+0000] {subprocess.py:93} INFO - 26/08/22 18:21:02 INFO DAGScheduler: Got job 0 (parquet at NativeMethodAccessorImpl.java:0) with 1 output partitions
[2026-08-22T18:21:02.245+0000] {subprocess.py:93} INFO - 26/08/22 18:21:02 INFO DAGScheduler: Final stage: ResultStage 0 (parquet at NativeMethodAccessorImpl.java:0)
[2026-08-22T18:21:02.245+0000] {subprocess.py:93} INFO - 26/08/22 18:21:02 INFO DAGScheduler: Parents of final stage: List()
[2026-08-22T18:21:02.272+0000] {subprocess.py:93} INFO - 26/08/22 18:21:02 INFO DAGScheduler: Missing parents: List()
[2026-08-22T18:21:02.313+0000] {subprocess.py:93} INFO - 26/08/22 18:21:02 INFO DAGScheduler: Submitting ResultStage 0 (MapPartitionsRDD[1] at parquet at NativeMethodAccessorImpl.java:0), which has no missing parents
[2026-08-22T18:21:02.381+0000] {subprocess.py:93} INFO - 26/08/22 18:21:02 INFO MemoryStore: Block broadcast_0 stored as values in memory (estimated size 103.8 KiB, free 366.2 MiB)
[2026-08-22T18:21:02.474+0000] {subprocess.py:93} INFO - 26/08/22 18:21:02 INFO MemoryStore: Block broadcast_0_piece0 stored as bytes in memory (estimated size 37.3 KiB, free 366.2 MiB)
[2026-08-22T18:21:02.487+0000] {subprocess.py:93} INFO - 26/08/22 18:21:02 INFO BlockManagerInfo: Added broadcast_0_piece0 in memory on 171e2e9810fc:34247 (size: 37.3 KiB, free: 366.3 MiB)
[2026-08-22T18:21:02.499+0000] {subprocess.py:93} INFO - 26/08/22 18:21:02 INFO SparkContext: Created broadcast 0 from broadcast at DAGScheduler.scala:1513
[2026-08-22T18:21:02.553+0000] {subprocess.py:93} INFO - 26/08/22 18:21:02 INFO DAGScheduler: Submitting 1 missing tasks from ResultStage 0 (MapPartitionsRDD[1] at parquet at NativeMethodAccessorImpl.java:0) (first 15 tasks are for partitions Vector(0))
[2026-08-22T18:21:02.556+0000] {subprocess.py:93} INFO - 26/08/22 18:21:02 INFO TaskSchedulerImpl: Adding task set 0.0 with 1 tasks resource profile 0
[2026-08-22T18:21:17.616+0000] {subprocess.py:93} INFO - 26/08/22 18:21:17 WARN TaskSchedulerImpl: Initial job has not accepted any resources; check your cluster UI to ensure that workers are registered and have sufficient resources
[2026-08-22T18:21:32.615+0000] {subprocess.py:93} INFO - 26/08/22 18:21:32 WARN TaskSchedulerImpl: Initial job has not accepted any resources; check your cluster UI to ensure that workers are registered and have sufficient resources
[2026-08-22T18:21:47.613+0000] {subprocess.py:93} INFO - 26/08/22 18:21:47 WARN TaskSchedulerImpl: Initial job has not accepted any resources; check your cluster UI to ensure that workers are registered and have sufficient resources
[2026-08-22T18:22:02.615+0000] {subprocess.py:93} INFO - 26/08/22 18:22:02 WARN TaskSchedulerImpl: Initial job has not accepted any resources; check your cluster UI to ensure that workers are registered and have sufficient resources
[2026-08-22T18:22:17.614+0000] {subprocess.py:93} INFO - 26/08/22 18:22:17 WARN TaskSchedulerImpl: Initial job has not accepted any resources; check your cluster UI to ensure that workers are registered and have sufficient resources
[2026-08-22T18:22:32.615+0000] {subprocess.py:93} INFO - 26/08/22 18:22:32 WARN TaskSchedulerImpl: Initial job has not accepted any resources; check your cluster UI to ensure that workers are registered and have sufficient resources
[2026-08-22T18:22:47.613+0000] {subprocess.py:93} INFO - 26/08/22 18:22:47 WARN TaskSchedulerImpl: Initial job has not accepted any resources; check your cluster UI to ensure that workers are registered and have sufficient resources
[2026-08-22T18:23:02.618+0000] {subprocess.py:93} INFO - 26/08/22 18:23:02 WARN TaskSchedulerImpl: Initial job has not accepted any resources; check your cluster UI to ensure that workers are registered and have sufficient resources
[2026-08-22T18:23:17.615+0000] {subprocess.py:93} INFO - 26/08/22 18:23:17 WARN TaskSchedulerImpl: Initial job has not accepted any resources; check your cluster UI to ensure that workers are registered and have sufficient resources
[2026-08-22T18:23:32.614+0000] {subprocess.py:93} INFO - 26/08/22 18:23:32 WARN TaskSchedulerImpl: Initial job has not accepted any resources; check your cluster UI to ensure that workers are registered and have sufficient resources
[2026-08-22T18:23:47.614+0000] {subprocess.py:93} INFO - 26/08/22 18:23:47 WARN TaskSchedulerImpl: Initial job has not accepted any resources; check your cluster UI to ensure that workers are registered and have sufficient resources
[2026-08-22T18:24:02.613+0000] {subprocess.py:93} INFO - 26/08/22 18:24:02 WARN TaskSchedulerImpl: Initial job has not accepted any resources; check your cluster UI to ensure that workers are registered and have sufficient resources
[2026-08-22T18:24:17.614+0000] {subprocess.py:93} INFO - 26/08/22 18:24:17 WARN TaskSchedulerImpl: Initial job has not accepted any resources; check your cluster UI to ensure that workers are registered and have sufficient resources
[2026-08-22T18:24:32.614+0000] {subprocess.py:93} INFO - 26/08/22 18:24:32 WARN TaskSchedulerImpl: Initial job has not accepted any resources; check your cluster UI to ensure that workers are registered and have sufficient resources
[2026-08-22T18:24:47.613+0000] {subprocess.py:93} INFO - 26/08/22 18:24:47 WARN TaskSchedulerImpl: Initial job has not accepted any resources; check your cluster UI to ensure that workers are registered and have sufficient resources
[2026-08-22T18:25:02.616+0000] {subprocess.py:93} INFO - 26/08/22 18:25:02 WARN TaskSchedulerImpl: Initial job has not accepted any resources; check your cluster UI to ensure that workers are registered and have sufficient resources
[2026-08-22T18:25:17.614+0000] {subprocess.py:93} INFO - 26/08/22 18:25:17 WARN TaskSchedulerImpl: Initial job has not accepted any resources; check your cluster UI to ensure that workers are registered and have sufficient resources
[2026-08-22T18:25:32.614+0000] {subprocess.py:93} INFO - 26/08/22 18:25:32 WARN TaskSchedulerImpl: Initial job has not accepted any resources; check your cluster UI to ensure that workers are registered and have sufficient resources
[2026-08-22T18:25:47.615+0000] {subprocess.py:93} INFO - 26/08/22 18:25:47 WARN TaskSchedulerImpl: Initial job has not accepted any resources; check your cluster UI to ensure that workers are registered and have sufficient resources
[2026-08-22T18:26:02.616+0000] {subprocess.py:93} INFO - 26/08/22 18:26:02 WARN TaskSchedulerImpl: Initial job has not accepted any resources; check your cluster UI to ensure that workers are registered and have sufficient resources
[2026-08-22T18:26:17.614+0000] {subprocess.py:93} INFO - 26/08/22 18:26:17 WARN TaskSchedulerImpl: Initial job has not accepted any resources; check your cluster UI to ensure that workers are registered and have sufficient resources
[2026-08-22T18:26:32.617+0000] {subprocess.py:93} INFO - 26/08/22 18:26:32 WARN TaskSchedulerImpl: Initial job has not accepted any resources; check your cluster UI to ensure that workers are registered and have sufficient resources
[2026-08-22T18:26:47.613+0000] {subprocess.py:93} INFO - 26/08/22 18:26:47 WARN TaskSchedulerImpl: Initial job has not accepted any resources; check your cluster UI to ensure that workers are registered and have sufficient resources
[2026-08-22T18:27:02.611+0000] {subprocess.py:93} INFO - 26/08/22 18:27:02 WARN TaskSchedulerImpl: Initial job has not accepted any resources; check your cluster UI to ensure that workers are registered and have sufficient resources
[2026-08-22T18:27:17.614+0000] {subprocess.py:93} INFO - 26/08/22 18:27:17 WARN TaskSchedulerImpl: Initial job has not accepted any resources; check your cluster UI to ensure that workers are registered and have sufficient resources
[2026-08-22T18:27:32.615+0000] {subprocess.py:93} INFO - 26/08/22 18:27:32 WARN TaskSchedulerImpl: Initial job has not accepted any resources; check your cluster UI to ensure that workers are registered and have sufficient resources
[2026-08-22T18:27:47.613+0000] {subprocess.py:93} INFO - 26/08/22 18:27:47 WARN TaskSchedulerImpl: Initial job has not accepted any resources; check your cluster UI to ensure that workers are registered and have sufficient resources
[2026-08-22T18:28:02.616+0000] {subprocess.py:93} INFO - 26/08/22 18:28:02 WARN TaskSchedulerImpl: Initial job has not accepted any resources; check your cluster UI to ensure that workers are registered and have sufficient resources
[2026-08-22T18:28:17.614+0000] {subprocess.py:93} INFO - 26/08/22 18:28:17 WARN TaskSchedulerImpl: Initial job has not accepted any resources; check your cluster UI to ensure that workers are registered and have sufficient resources
[2026-08-22T18:28:32.614+0000] {subprocess.py:93} INFO - 26/08/22 18:28:32 WARN TaskSchedulerImpl: Initial job has not accepted any resources; check your cluster UI to ensure that workers are registered and have sufficient resources
[2026-08-22T18:28:47.615+0000] {subprocess.py:93} INFO - 26/08/22 18:28:47 WARN TaskSchedulerImpl: Initial job has not accepted any resources; check your cluster UI to ensure that workers are registered and have sufficient resources
[2026-08-22T18:29:02.615+0000] {subprocess.py:93} INFO - 26/08/22 18:29:02 WARN TaskSchedulerImpl: Initial job has not accepted any resources; check your cluster UI to ensure that workers are registered and have sufficient resources
[2026-08-22T18:29:17.616+0000] {subprocess.py:93} INFO - 26/08/22 18:29:17 WARN TaskSchedulerImpl: Initial job has not accepted any resources; check your cluster UI to ensure that workers are registered and have sufficient resources
[2026-08-22T18:29:32.616+0000] {subprocess.py:93} INFO - 26/08/22 18:29:32 WARN TaskSchedulerImpl: Initial job has not accepted any resources; check your cluster UI to ensure that workers are registered and have sufficient resources
[2026-08-22T18:29:47.614+0000] {subprocess.py:93} INFO - 26/08/22 18:29:47 WARN TaskSchedulerImpl: Initial job has not accepted any resources; check your cluster UI to ensure that workers are registered and have sufficient resources
[2026-08-22T18:30:02.613+0000] {subprocess.py:93} INFO - 26/08/22 18:30:02 WARN TaskSchedulerImpl: Initial job has not accepted any resources; check your cluster UI to ensure that workers are registered and have sufficient resources
[2026-08-22T18:30:17.614+0000] {subprocess.py:93} INFO - 26/08/22 18:30:17 WARN TaskSchedulerImpl: Initial job has not accepted any resources; check your cluster UI to ensure that workers are registered and have sufficient resources
[2026-08-22T18:30:32.614+0000] {subprocess.py:93} INFO - 26/08/22 18:30:32 WARN TaskSchedulerImpl: Initial job has not accepted any resources; check your cluster UI to ensure that workers are registered and have sufficient resources
[2026-08-22T18:30:47.614+0000] {subprocess.py:93} INFO - 26/08/22 18:30:47 WARN TaskSchedulerImpl: Initial job has not accepted any resources; check your cluster UI to ensure that workers are registered and have sufficient resources
[2026-08-22T18:31:02.614+0000] {subprocess.py:93} INFO - 26/08/22 18:31:02 WARN TaskSchedulerImpl: Initial job has not accepted any resources; check your cluster UI to ensure that workers are registered and have sufficient resources
[2026-08-22T18:31:17.614+0000] {subprocess.py:93} INFO - 26/08/22 18:31:17 WARN TaskSchedulerImpl: Initial job has not accepted any resources; check your cluster UI to ensure that workers are registered and have sufficient resources
[2026-08-22T18:31:32.615+0000] {subprocess.py:93} INFO - 26/08/22 18:31:32 WARN TaskSchedulerImpl: Initial job has not accepted any resources; check your cluster UI to ensure that workers are registered and have sufficient resources
[2026-08-22T18:31:47.613+0000] {subprocess.py:93} INFO - 26/08/22 18:31:47 WARN TaskSchedulerImpl: Initial job has not accepted any resources; check your cluster UI to ensure that workers are registered and have sufficient resources
[2026-08-22T18:32:02.614+0000] {subprocess.py:93} INFO - 26/08/22 18:32:02 WARN TaskSchedulerImpl: Initial job has not accepted any resources; check your cluster UI to ensure that workers are registered and have sufficient resources
[2026-08-22T18:32:17.612+0000] {subprocess.py:93} INFO - 26/08/22 18:32:17 WARN TaskSchedulerImpl: Initial job has not accepted any resources; check your cluster UI to ensure that workers are registered and have sufficient resources
[2026-08-22T18:32:32.613+0000] {subprocess.py:93} INFO - 26/08/22 18:32:32 WARN TaskSchedulerImpl: Initial job has not accepted any resources; check your cluster UI to ensure that workers are registered and have sufficient resources
[2026-08-22T18:32:47.611+0000] {subprocess.py:93} INFO - 26/08/22 18:32:47 WARN TaskSchedulerImpl: Initial job has not accepted any resources; check your cluster UI to ensure that workers are registered and have sufficient resources
[2026-08-22T18:33:02.613+0000] {subprocess.py:93} INFO - 26/08/22 18:33:02 WARN TaskSchedulerImpl: Initial job has not accepted any resources; check your cluster UI to ensure that workers are registered and have sufficient resources
[2026-08-22T18:33:17.612+0000] {subprocess.py:93} INFO - 26/08/22 18:33:17 WARN TaskSchedulerImpl: Initial job has not accepted any resources; check your cluster UI to ensure that workers are registered and have sufficient resources
[2026-08-22T18:33:32.614+0000] {subprocess.py:93} INFO - 26/08/22 18:33:32 WARN TaskSchedulerImpl: Initial job has not accepted any resources; check your cluster UI to ensure that workers are registered and have sufficient resources
[2026-08-22T18:33:47.613+0000] {subprocess.py:93} INFO - 26/08/22 18:33:47 WARN TaskSchedulerImpl: Initial job has not accepted any resources; check your cluster UI to ensure that workers are registered and have sufficient resources
[2026-08-22T18:34:02.615+0000] {subprocess.py:93} INFO - 26/08/22 18:34:02 WARN TaskSchedulerImpl: Initial job has not accepted any resources; check your cluster UI to ensure that workers are registered and have sufficient resources
[2026-08-22T18:34:17.613+0000] {subprocess.py:93} INFO - 26/08/22 18:34:17 WARN TaskSchedulerImpl: Initial job has not accepted any resources; check your cluster UI to ensure that workers are registered and have sufficient resources
[2026-08-22T18:34:32.615+0000] {subprocess.py:93} INFO - 26/08/22 18:34:32 WARN TaskSchedulerImpl: Initial job has not accepted any resources; check your cluster UI to ensure that workers are registered and have sufficient resources
[2026-08-22T18:34:47.613+0000] {subprocess.py:93} INFO - 26/08/22 18:34:47 WARN TaskSchedulerImpl: Initial job has not accepted any resources; check your cluster UI to ensure that workers are registered and have sufficient resources
[2026-08-22T18:35:02.613+0000] {subprocess.py:93} INFO - 26/08/22 18:35:02 WARN TaskSchedulerImpl: Initial job has not accepted any resources; check your cluster UI to ensure that workers are registered and have sufficient resources
[2026-08-22T18:35:17.616+0000] {subprocess.py:93} INFO - 26/08/22 18:35:17 WARN TaskSchedulerImpl: Initial job has not accepted any resources; check your cluster UI to ensure that workers are registered and have sufficient resources
[2026-08-22T18:35:32.613+0000] {subprocess.py:93} INFO - 26/08/22 18:35:32 WARN TaskSchedulerImpl: Initial job has not accepted any resources; check your cluster UI to ensure that workers are registered and have sufficient resources
[2026-08-22T18:35:47.615+0000] {subprocess.py:93} INFO - 26/08/22 18:35:47 WARN TaskSchedulerImpl: Initial job has not accepted any resources; check your cluster UI to ensure that workers are registered and have sufficient resources
[2026-08-22T18:36:02.614+0000] {subprocess.py:93} INFO - 26/08/22 18:36:02 WARN TaskSchedulerImpl: Initial job has not accepted any resources; check your cluster UI to ensure that workers are registered and have sufficient resources
[2026-08-22T18:36:17.613+0000] {subprocess.py:93} INFO - 26/08/22 18:36:17 WARN TaskSchedulerImpl: Initial job has not accepted any resources; check your cluster UI to ensure that workers are registered and have sufficient resources
[2026-08-22T18:36:32.612+0000] {subprocess.py:93} INFO - 26/08/22 18:36:32 WARN TaskSchedulerImpl: Initial job has not accepted any resources; check your cluster UI to ensure that workers are registered and have sufficient resources
[2026-08-22T18:36:47.616+0000] {subprocess.py:93} INFO - 26/08/22 18:36:47 WARN TaskSchedulerImpl: Initial job has not accepted any resources; check your cluster UI to ensure that workers are registered and have sufficient resources
[2026-08-22T18:37:02.611+0000] {subprocess.py:93} INFO - 26/08/22 18:37:02 WARN TaskSchedulerImpl: Initial job has not accepted any resources; check your cluster UI to ensure that workers are registered and have sufficient resources
[2026-08-22T18:37:14.116+0000] {local_task_job_runner.py:302} WARNING - State of this instance has been externally set to None. Terminating instance.
[2026-08-22T18:37:14.136+0000] {process_utils.py:131} INFO - Sending Signals.SIGTERM to group 490. PIDs of all processes in the group: [491, 493, 490]
[2026-08-22T18:37:14.137+0000] {process_utils.py:86} INFO - Sending the signal Signals.SIGTERM to group 490
[2026-08-22T18:37:14.138+0000] {taskinstance.py:2450} ERROR - Received SIGTERM. Terminating subprocesses.
[2026-08-22T18:37:14.139+0000] {subprocess.py:104} INFO - Sending SIGTERM signal to process group
[2026-08-22T18:37:14.154+0000] {process_utils.py:79} INFO - Process psutil.Process(pid=493, status='terminated', started='18:20:45') (493) terminated with exit code None
[2026-08-22T18:37:14.193+0000] {taskinstance.py:2698} ERROR - Task failed with exception
Traceback (most recent call last):
  File "/home/airflow/.local/lib/python3.10/site-packages/airflow/models/taskinstance.py", line 433, in _execute_task
    result = execute_callable(context=context, **execute_callable_kwargs)
  File "/home/airflow/.local/lib/python3.10/site-packages/airflow/operators/bash.py", line 203, in execute
    result = self.subprocess_hook.run_command(
  File "/home/airflow/.local/lib/python3.10/site-packages/airflow/hooks/subprocess.py", line 91, in run_command
    for raw_line in iter(self.sub_process.stdout.readline, b""):
  File "/home/airflow/.local/lib/python3.10/site-packages/airflow/models/taskinstance.py", line 2452, in signal_handler
    raise AirflowException("Task received SIGTERM signal")
airflow.exceptions.AirflowException: Task received SIGTERM signal
[2026-08-22T18:37:14.199+0000] {taskinstance.py:1138} INFO - Marking task as FAILED. dag_id=2_sports_goat_run_batch, task_id=ingest_batch_job, execution_date=20260822T182040, start_date=20260822T182045, end_date=20260822T183714
[2026-08-22T18:37:14.219+0000] {standard_task_runner.py:107} ERROR - Failed to execute job 32 for task ingest_batch_job ((sqlite3.IntegrityError) FOREIGN KEY constraint failed
[SQL: INSERT INTO task_fail (task_id, dag_id, run_id, map_index, start_date, end_date, duration) VALUES (?, ?, ?, ?, ?, ?, ?)]
[parameters: ('ingest_batch_job', '2_sports_goat_run_batch', 'manual__2026-08-22T18:20:40.701915+00:00', -1, '2026-08-22 18:20:45.843735', '2026-08-22 18:37:14.196269', 988)]
(Background on this error at: https://sqlalche.me/e/14/gkpj); 490)
[2026-08-22T18:37:14.254+0000] {process_utils.py:79} INFO - Process psutil.Process(pid=491, status='terminated', started='18:20:45') (491) terminated with exit code None
[2026-08-22T18:37:14.255+0000] {process_utils.py:79} INFO - Process psutil.Process(pid=490, status='terminated', exitcode=1, started='18:20:45') (490) terminated with exit code 1
