[2026-08-04T17:46:16.358+0000] {taskinstance.py:1956} INFO - Dependencies all met for dep_context=non-requeueable deps ti=<TaskInstance: 1_sports_goat_raw_to_clean.spark_raw_to_clean_job manual__2026-08-04T17:45:56.839493+00:00 [queued]>
[2026-08-04T17:46:16.376+0000] {taskinstance.py:1956} INFO - Dependencies all met for dep_context=requeueable deps ti=<TaskInstance: 1_sports_goat_raw_to_clean.spark_raw_to_clean_job manual__2026-08-04T17:45:56.839493+00:00 [queued]>
[2026-08-04T17:46:16.377+0000] {taskinstance.py:2170} INFO - Starting attempt 1 of 1
[2026-08-04T17:46:16.402+0000] {taskinstance.py:2191} INFO - Executing <Task(BashOperator): spark_raw_to_clean_job> on 2026-08-04 17:45:56.839493+00:00
[2026-08-04T17:46:16.408+0000] {standard_task_runner.py:60} INFO - Started process 187 to run task
[2026-08-04T17:46:16.415+0000] {standard_task_runner.py:87} INFO - Running: ['airflow', 'tasks', 'run', '1_sports_goat_raw_to_clean', 'spark_raw_to_clean_job', 'manual__2026-08-04T17:45:56.839493+00:00', '--job-id', '6', '--raw', '--subdir', 'DAGS_FOLDER/sports_goat_pipeline.py', '--cfg-path', '/tmp/tmpqg9brval']
[2026-08-04T17:46:16.418+0000] {standard_task_runner.py:88} INFO - Job 6: Subtask spark_raw_to_clean_job
[2026-08-04T17:46:16.480+0000] {task_command.py:423} INFO - Running <TaskInstance: 1_sports_goat_raw_to_clean.spark_raw_to_clean_job manual__2026-08-04T17:45:56.839493+00:00 [running]> on host 0239cfc28719
[2026-08-04T17:46:16.523+0000] {abstractoperator.py:707} ERROR - Exception rendering Jinja template for task 'spark_raw_to_clean_job', field 'bash_command'. Template: 'bash /app/run_raw_to_clean.sh'
Traceback (most recent call last):
  File "/home/airflow/.local/lib/python3.10/site-packages/airflow/models/abstractoperator.py", line 699, in _do_render_template_fields
    rendered_content = self.render_template(
  File "/home/airflow/.local/lib/python3.10/site-packages/airflow/template/templater.py", line 171, in render_template
    template = jinja_env.get_template(value)
  File "/home/airflow/.local/lib/python3.10/site-packages/jinja2/environment.py", line 1010, in get_template
    return self._load_template(name, globals)
  File "/home/airflow/.local/lib/python3.10/site-packages/jinja2/environment.py", line 969, in _load_template
    template = self.loader.load(self, name, self.make_globals(globals))
  File "/home/airflow/.local/lib/python3.10/site-packages/jinja2/loaders.py", line 125, in load
    source, filename, uptodate = self.get_source(environment, name)
  File "/home/airflow/.local/lib/python3.10/site-packages/jinja2/loaders.py", line 204, in get_source
    raise TemplateNotFound(template)
jinja2.exceptions.TemplateNotFound: bash /app/run_raw_to_clean.sh
[2026-08-04T17:46:16.525+0000] {taskinstance.py:2698} ERROR - Task failed with exception
Traceback (most recent call last):
  File "/home/airflow/.local/lib/python3.10/site-packages/airflow/models/taskinstance.py", line 2334, in _run_raw_task
    self._execute_task_with_callbacks(context, test_mode, session=session)
  File "/home/airflow/.local/lib/python3.10/site-packages/airflow/models/taskinstance.py", line 2465, in _execute_task_with_callbacks
    task_orig = self.render_templates(context=context)
  File "/home/airflow/.local/lib/python3.10/site-packages/airflow/models/taskinstance.py", line 2877, in render_templates
    original_task.render_template_fields(context)
  File "/home/airflow/.local/lib/python3.10/site-packages/airflow/models/baseoperator.py", line 1241, in render_template_fields
    self._do_render_template_fields(self, self.template_fields, context, jinja_env, set())
  File "/home/airflow/.local/lib/python3.10/site-packages/airflow/utils/session.py", line 79, in wrapper
    return func(*args, session=session, **kwargs)
  File "/home/airflow/.local/lib/python3.10/site-packages/airflow/models/abstractoperator.py", line 699, in _do_render_template_fields
    rendered_content = self.render_template(
  File "/home/airflow/.local/lib/python3.10/site-packages/airflow/template/templater.py", line 171, in render_template
    template = jinja_env.get_template(value)
  File "/home/airflow/.local/lib/python3.10/site-packages/jinja2/environment.py", line 1010, in get_template
    return self._load_template(name, globals)
  File "/home/airflow/.local/lib/python3.10/site-packages/jinja2/environment.py", line 969, in _load_template
    template = self.loader.load(self, name, self.make_globals(globals))
  File "/home/airflow/.local/lib/python3.10/site-packages/jinja2/loaders.py", line 125, in load
    source, filename, uptodate = self.get_source(environment, name)
  File "/home/airflow/.local/lib/python3.10/site-packages/jinja2/loaders.py", line 204, in get_source
    raise TemplateNotFound(template)
jinja2.exceptions.TemplateNotFound: bash /app/run_raw_to_clean.sh
[2026-08-04T17:46:16.530+0000] {taskinstance.py:1138} INFO - Marking task as FAILED. dag_id=1_sports_goat_raw_to_clean, task_id=spark_raw_to_clean_job, execution_date=20260804T174556, start_date=20260804T174616, end_date=20260804T174616
[2026-08-04T17:46:16.543+0000] {standard_task_runner.py:107} ERROR - Failed to execute job 6 for task spark_raw_to_clean_job (bash /app/run_raw_to_clean.sh; 187)
[2026-08-04T17:46:16.556+0000] {local_task_job_runner.py:234} INFO - Task exited with return code 1
[2026-08-04T17:46:16.574+0000] {taskinstance.py:3280} INFO - 0 downstream tasks scheduled from follow-on schedule check
